error: [string "?"]:186: attempt to index a nil value (global 'LongMenBiaoJu')
stack traceback:
	[string "?"]:186: in main chunk
2026/09/06 17:53:19.064 	 ScriptError 4:[1] (\script\tinhnang\sukien\longmenbiaoju\award.lua) 

error: [string "?"]:232: attempt to index a nil value (global 'LongMenBiaoJu')
stack traceback:
	[string "?"]:232: in main chunk
2026/09/06 17:53:19.066 	 ScriptError 4:[1] (\script\tinhnang\sukien\longmenbiaoju\biaoche.lua) 

error: [string "?"]:6: attempt to index a nil value (global 'LongMenBiaoJu')
stack traceback:
	[string "?"]:6: in main chunk
2026/09/06 17:53:19.067 	 ScriptError 4:[1] (\script\tinhnang\sukien\longmenbiaoju\box.lua) 

error: [string "?"]:6: attempt to index a nil value (global 'LongMenBiaoJu')
stack traceback:
	[string "?"]:6: in main chunk
2026/09/06 17:53:19.068 	 ScriptError 4:[1] (\script\tinhnang\sukien\longmenbiaoju\broken_biaoche.lua) 

error: [string "?"]:7: attempt to index a nil value (global 'LongMenBiaoJu')
stack traceback:
	[string "?"]:7: in main chunk
2026/09/06 17:53:19.069 	 ScriptError 4:[1] (\script\tinhnang\sukien\longmenbiaoju\dialog.lua) 

error: [string "?"]:5: attempt to index a nil value (global 'LongMenBiaoJu')
stack traceback:
	[string "?"]:5: in main chunk
2026/09/06 17:53:19.071 	 ScriptError 4:[1] (\script\tinhnang\sukien\longmenbiaoju\event_process.lua) 

error: [string "?"]:13: attempt to index a nil value (global 'LongMenBiaoJu')
stack traceback:
	[string "?"]:13: in main chunk
2026/09/06 17:53:19.074 	 ScriptError 4:[1] (\script\tinhnang\sukien\longmenbiaoju\item.lua) 

error: [string "?"]:3: attempt to index a nil value (global 'LongMenBiaoJu')
stack traceback:
	[string "?"]:3: in main chunk
2026/09/06 17:53:19.082 	 ScriptError 4:[1] (\script\tinhnang\sukien\longmenbiaoju\lang.lua) 

error: [string "?"]:50: attempt to index a nil value (global 'LongMenBiaoJu')
stack traceback:
	[string "?"]:50: in main chunk
2026/09/06 17:53:19.084 	 ScriptError 4:[1] (\script\tinhnang\sukien\longmenbiaoju\playerclass.lua) 

error: [string "?"]:5: attempt to index a nil value (global 'LongMenBiaoJu')
stack traceback:
	[string "?"]:5: in main chunk
2026/09/06 17:53:19.085 	 ScriptError 4:[1] (\script\tinhnang\sukien\longmenbiaoju\taskclass.lua) 

error: [string "?"]:82: attempt to index a nil value (global 'LongMenBiaoJu')
stack traceback:
	[string "?"]:82: in main chunk
2026/09/06 17:53:19.086 	 ScriptError 4:[1] (\script\tinhnang\sukien\longmenbiaoju\taskdata.lua) 

error: [string "?"]:4: attempt to index a nil value (global 'LongMenBiaoJu')
stack traceback:
	[string "?"]:4: in main chunk
2026/09/06 17:53:19.087 	 ScriptError 4:[1] (\script\tinhnang\sukien\longmenbiaoju\tasknpc.lua) 

error: [string "?"]:186: attempt to index a nil value (global 'LongMenBiaoJu')
stack traceback:
	[string "?"]:186: in main chunk
2026/09/06 17:54:05.412 	 ScriptError 4:[1] (\script\tinhnang\sukien\longmenbiaoju\award.lua) 

error: [string "?"]:232: attempt to index a nil value (global 'LongMenBiaoJu')
stack traceback:
	[string "?"]:232: in main chunk
2026/09/06 17:54:05.413 	 ScriptError 4:[1] (\script\tinhnang\sukien\longmenbiaoju\biaoche.lua) 

error: [string "?"]:6: attempt to index a nil value (global 'LongMenBiaoJu')
stack traceback:
	[string "?"]:6: in main chunk
2026/09/06 17:54:05.415 	 ScriptError 4:[1] (\script\tinhnang\sukien\longmenbiaoju\box.lua) 

error: [string "?"]:6: attempt to index a nil value (global 'LongMenBiaoJu')
stack traceback:
	[string "?"]:6: in main chunk
2026/09/06 17:54:05.415 	 ScriptError 4:[1] (\script\tinhnang\sukien\longmenbiaoju\broken_biaoche.lua) 

error: [string "?"]:7: attempt to index a nil value (global 'LongMenBiaoJu')
stack traceback:
	[string "?"]:7: in main chunk
2026/09/06 17:54:05.416 	 ScriptError 4:[1] (\script\tinhnang\sukien\longmenbiaoju\dialog.lua) 

error: [string "?"]:5: attempt to index a nil value (global 'LongMenBiaoJu')
stack traceback:
	[string "?"]:5: in main chunk
2026/09/06 17:54:05.418 	 ScriptError 4:[1] (\script\tinhnang\sukien\longmenbiaoju\event_process.lua) 

error: [string "?"]:13: attempt to index a nil value (global 'LongMenBiaoJu')
stack traceback:
	[string "?"]:13: in main chunk
2026/09/06 17:54:05.421 	 ScriptError 4:[1] (\script\tinhnang\sukien\longmenbiaoju\item.lua) 

error: [string "?"]:3: attempt to index a nil value (global 'LongMenBiaoJu')
stack traceback:
	[string "?"]:3: in main chunk
2026/09/06 17:54:05.429 	 ScriptError 4:[1] (\script\tinhnang\sukien\longmenbiaoju\lang.lua) 

error: [string "?"]:50: attempt to index a nil value (global 'LongMenBiaoJu')
stack traceback:
	[string "?"]:50: in main chunk
2026/09/06 17:54:05.430 	 ScriptError 4:[1] (\script\tinhnang\sukien\longmenbiaoju\playerclass.lua) 

error: [string "?"]:5: attempt to index a nil value (global 'LongMenBiaoJu')
stack traceback:
	[string "?"]:5: in main chunk
2026/09/06 17:54:05.432 	 ScriptError 4:[1] (\script\tinhnang\sukien\longmenbiaoju\taskclass.lua) 

error: [string "?"]:82: attempt to index a nil value (global 'LongMenBiaoJu')
stack traceback:
	[string "?"]:82: in main chunk
2026/09/06 17:54:05.432 	 ScriptError 4:[1] (\script\tinhnang\sukien\longmenbiaoju\taskdata.lua) 

error: [string "?"]:4: attempt to index a nil value (global 'LongMenBiaoJu')
stack traceback:
	[string "?"]:4: in main chunk
2026/09/06 17:54:05.433 	 ScriptError 4:[1] (\script\tinhnang\sukien\longmenbiaoju\tasknpc.lua) 

