error: [string "?"]:54: attempt to index a nil value (global 'PetSys')
stack traceback:
	[string "?"]:54: in main chunk
2026/09/06 17:53:18.452 	 ScriptError 4:[1] (\script\nhanvat\thucung\bikip.lua) 

error: [string "?"]:25: attempt to index a nil value (global 'PetSys')
stack traceback:
	[string "?"]:25: in main chunk
2026/09/06 17:53:18.454 	 ScriptError 4:[1] (\script\nhanvat\thucung\dataload.lua) 

error: [string "?"]:6: attempt to index a nil value (global 'PetSys')
stack traceback:
	[string "?"]:6: in main chunk
2026/09/06 17:53:18.454 	 ScriptError 4:[1] (\script\nhanvat\thucung\delete.lua) 

error: [string "?"]:4: attempt to index a nil value (global 'PetSys')
stack traceback:
	[string "?"]:4: in main chunk
2026/09/06 17:53:18.456 	 ScriptError 4:[1] (\script\nhanvat\thucung\feature.lua) 

error: [string "?"]:31: table index is nil
stack traceback:
	[string "?"]:31: in main chunk
2026/09/06 17:53:18.457 	 ScriptError 4:[1] (\script\nhanvat\thucung\head.lua) 

error: [string "?"]:10: table index is nil
stack traceback:
	[string "?"]:10: in main chunk
2026/09/06 17:53:18.460 	 ScriptError 4:[1] (\script\nhanvat\thucung\levelup.lua) 

error: [string "?"]:5: attempt to index a nil value (global 'PetSys')
stack traceback:
	[string "?"]:5: in main chunk
2026/09/06 17:53:18.461 	 ScriptError 4:[1] (\script\nhanvat\thucung\name.lua) 

error: [string "?"]:117: attempt to index a nil value (global 'PetSys')
stack traceback:
	[string "?"]:117: in main chunk
2026/09/06 17:53:18.463 	 ScriptError 4:[1] (\script\nhanvat\thucung\petequip.lua) 

error: [string "?"]:41: attempt to index a nil value (global 'PetSys')
stack traceback:
	[string "?"]:41: in main chunk
2026/09/06 17:53:18.464 	 ScriptError 4:[1] (\script\nhanvat\thucung\protocol_process_gs.lua) 

error: [string "?"]:4: attempt to index a nil value (global 'PetSys')
stack traceback:
	[string "?"]:4: in main chunk
2026/09/06 17:53:18.465 	 ScriptError 4:[1] (\script\nhanvat\thucung\summon.lua) 

error: [string "?"]:5: attempt to index a nil value (global 'PetSys')
stack traceback:
	[string "?"]:5: in main chunk
2026/09/06 17:53:18.466 	 ScriptError 4:[1] (\script\nhanvat\thucung\transferexp.lua) 

error: [string "?"]:21: attempt to index a nil value (global 'PetSys')
stack traceback:
	[string "?"]:21: in main chunk
2026/09/06 17:53:18.468 	 ScriptError 4:[1] (\script\nhanvat\thucung\xiuzhen.lua) 

error: [string "?"]:54: attempt to index a nil value (global 'PetSys')
stack traceback:
	[string "?"]:54: in main chunk
2026/09/06 17:54:04.804 	 ScriptError 4:[1] (\script\nhanvat\thucung\bikip.lua) 

error: [string "?"]:25: attempt to index a nil value (global 'PetSys')
stack traceback:
	[string "?"]:25: in main chunk
2026/09/06 17:54:04.806 	 ScriptError 4:[1] (\script\nhanvat\thucung\dataload.lua) 

error: [string "?"]:6: attempt to index a nil value (global 'PetSys')
stack traceback:
	[string "?"]:6: in main chunk
2026/09/06 17:54:04.807 	 ScriptError 4:[1] (\script\nhanvat\thucung\delete.lua) 

error: [string "?"]:4: attempt to index a nil value (global 'PetSys')
stack traceback:
	[string "?"]:4: in main chunk
2026/09/06 17:54:04.809 	 ScriptError 4:[1] (\script\nhanvat\thucung\feature.lua) 

error: [string "?"]:31: table index is nil
stack traceback:
	[string "?"]:31: in main chunk
2026/09/06 17:54:04.811 	 ScriptError 4:[1] (\script\nhanvat\thucung\head.lua) 

error: [string "?"]:10: table index is nil
stack traceback:
	[string "?"]:10: in main chunk
2026/09/06 17:54:04.812 	 ScriptError 4:[1] (\script\nhanvat\thucung\levelup.lua) 

error: [string "?"]:5: attempt to index a nil value (global 'PetSys')
stack traceback:
	[string "?"]:5: in main chunk
2026/09/06 17:54:04.813 	 ScriptError 4:[1] (\script\nhanvat\thucung\name.lua) 

error: [string "?"]:117: attempt to index a nil value (global 'PetSys')
stack traceback:
	[string "?"]:117: in main chunk
2026/09/06 17:54:04.816 	 ScriptError 4:[1] (\script\nhanvat\thucung\petequip.lua) 

error: [string "?"]:41: attempt to index a nil value (global 'PetSys')
stack traceback:
	[string "?"]:41: in main chunk
2026/09/06 17:54:04.817 	 ScriptError 4:[1] (\script\nhanvat\thucung\protocol_process_gs.lua) 

error: [string "?"]:4: attempt to index a nil value (global 'PetSys')
stack traceback:
	[string "?"]:4: in main chunk
2026/09/06 17:54:04.818 	 ScriptError 4:[1] (\script\nhanvat\thucung\summon.lua) 

error: [string "?"]:5: attempt to index a nil value (global 'PetSys')
stack traceback:
	[string "?"]:5: in main chunk
2026/09/06 17:54:04.820 	 ScriptError 4:[1] (\script\nhanvat\thucung\transferexp.lua) 

error: [string "?"]:21: attempt to index a nil value (global 'PetSys')
stack traceback:
	[string "?"]:21: in main chunk
2026/09/06 17:54:04.821 	 ScriptError 4:[1] (\script\nhanvat\thucung\xiuzhen.lua) 

