error: attempt to call global `OB_LoadShareData' (a nil value)
stack traceback:
   1:  method `LoadPointData' at line 111 [string "?"]
   2:  method `LoadTongPoint' at line 177 [string "?"]
   3:  main of string "?" at line 460

2026/08/23 23:24:53.530 	 ScriptError 4:[1] (\script\mission\tongcastle\tongcastle.lua) 

error: attempt to call global `OB_LoadShareData' (a nil value)
stack traceback:
   1:  method `LoadPointData' at line 111 [string "?"]
   2:  method `LoadTongPoint' at line 177 [string "?"]
   3:  main of string "?" at line 460

2026/08/23 23:30:45.304 	 ScriptError 4:[1] (\script\mission\tongcastle\tongcastle.lua) 

error: ...s22\TESTLOFFF_ONLINE\bin\server\script\lib\baseclass.lua:26: unexpected symbol near '%'
error: ...s22\TESTLOFFF_ONLINE\bin\server\script\lib\remoteexc.lua:6: attempt to index a nil value (global 'tbBaseClass')
stack traceback:
	...s22\TESTLOFFF_ONLINE\bin\server\script\lib\remoteexc.lua:6: in main chunk
	[C]: in function 'Include'
	[string "?"]:3: in main chunk
error: ...s22\TESTLOFFF_ONLINE\bin\server\script\lib\baseclass.lua:26: unexpected symbol near '%'
error: ...s22\TESTLOFFF_ONLINE\bin\server\script\lib\remoteexc.lua:6: attempt to index a nil value (global 'tbBaseClass')
stack traceback:
	...s22\TESTLOFFF_ONLINE\bin\server\script\lib\remoteexc.lua:6: in main chunk
	[C]: in function 'Include'
	[string "?"]:3: in main chunk
error: ...s22\TESTLOFFF_ONLINE\bin\server\script\lib\baseclass.lua:26: unexpected symbol near '%'
error: ...s22\TESTLOFFF_ONLINE\bin\server\script\lib\remoteexc.lua:6: attempt to index a nil value (global 'tbBaseClass')
stack traceback:
	...s22\TESTLOFFF_ONLINE\bin\server\script\lib\remoteexc.lua:6: in main chunk
	[C]: in function 'Include'
	[string "?"]:3: in main chunk
