error: [string "?"]:106: attempt to call a nil value (global 'tmp_process_data')
stack traceback:
	[string "?"]:106: in main chunk
2026/09/06 17:53:18.918 	 ScriptError 4:[1] (\script\tinhnang\phuban\leaguematch\macthtype\double.lua) 

error: [string "?"]:218: attempt to call a nil value (global 'tmp_process_data')
stack traceback:
	[string "?"]:218: in main chunk
2026/09/06 17:53:18.919 	 ScriptError 4:[1] (\script\tinhnang\phuban\leaguematch\macthtype\faction.lua) 

error: [string "?"]:123: attempt to call a nil value (global 'tmp_process_data')
stack traceback:
	[string "?"]:123: in main chunk
2026/09/06 17:53:18.919 	 ScriptError 4:[1] (\script\tinhnang\phuban\leaguematch\macthtype\mixeddoubles.lua) 

error: [string "?"]:170: attempt to call a nil value (global 'tmp_process_data')
stack traceback:
	[string "?"]:170: in main chunk
2026/09/06 17:53:18.921 	 ScriptError 4:[1] (\script\tinhnang\phuban\leaguematch\macthtype\series.lua) 

error: [string "?"]:102: attempt to call a nil value (global 'tmp_process_data')
stack traceback:
	[string "?"]:102: in main chunk
2026/09/06 17:53:18.923 	 ScriptError 4:[1] (\script\tinhnang\phuban\leaguematch\macthtype\single.lua) 

error: [string "?"]:141: attempt to call a nil value (global 'tmp_process_data')
stack traceback:
	[string "?"]:141: in main chunk
2026/09/06 17:53:18.923 	 ScriptError 4:[1] (\script\tinhnang\phuban\leaguematch\macthtype\teacher.lua) 

error: [string "?"]:105: attempt to call a nil value (global 'tmp_process_data')
stack traceback:
	[string "?"]:105: in main chunk
2026/09/06 17:53:18.924 	 ScriptError 4:[1] (\script\tinhnang\phuban\leaguematch\macthtype\three.lua) 

error: [string "?"]:106: attempt to call a nil value (global 'tmp_process_data')
stack traceback:
	[string "?"]:106: in main chunk
2026/09/06 17:54:05.267 	 ScriptError 4:[1] (\script\tinhnang\phuban\leaguematch\macthtype\double.lua) 

error: [string "?"]:218: attempt to call a nil value (global 'tmp_process_data')
stack traceback:
	[string "?"]:218: in main chunk
2026/09/06 17:54:05.268 	 ScriptError 4:[1] (\script\tinhnang\phuban\leaguematch\macthtype\faction.lua) 

error: [string "?"]:123: attempt to call a nil value (global 'tmp_process_data')
stack traceback:
	[string "?"]:123: in main chunk
2026/09/06 17:54:05.269 	 ScriptError 4:[1] (\script\tinhnang\phuban\leaguematch\macthtype\mixeddoubles.lua) 

error: [string "?"]:170: attempt to call a nil value (global 'tmp_process_data')
stack traceback:
	[string "?"]:170: in main chunk
2026/09/06 17:54:05.271 	 ScriptError 4:[1] (\script\tinhnang\phuban\leaguematch\macthtype\series.lua) 

error: [string "?"]:102: attempt to call a nil value (global 'tmp_process_data')
stack traceback:
	[string "?"]:102: in main chunk
2026/09/06 17:54:05.272 	 ScriptError 4:[1] (\script\tinhnang\phuban\leaguematch\macthtype\single.lua) 

error: [string "?"]:141: attempt to call a nil value (global 'tmp_process_data')
stack traceback:
	[string "?"]:141: in main chunk
2026/09/06 17:54:05.273 	 ScriptError 4:[1] (\script\tinhnang\phuban\leaguematch\macthtype\teacher.lua) 

error: [string "?"]:105: attempt to call a nil value (global 'tmp_process_data')
stack traceback:
	[string "?"]:105: in main chunk
2026/09/06 17:54:05.273 	 ScriptError 4:[1] (\script\tinhnang\phuban\leaguematch\macthtype\three.lua) 

