error: [string "?"]:12: attempt to call a nil value (global 'loadItemTabFiles')
stack traceback:
	[string "?"]:12: in main chunk
2026/09/06 17:53:19.237 	 ScriptError 4:[1] (\script\vatpham\itemvalue\equip_enchasable.lua) 

error: [string "?"]:10: attempt to call a nil value (global 'loadItemTabFiles')
stack traceback:
	[string "?"]:10: in main chunk
2026/09/06 17:53:19.237 	 ScriptError 4:[1] (\script\vatpham\itemvalue\equip_gold.lua) 

error: [string "?"]:10: attempt to call a nil value (global 'loadItemTabFiles')
stack traceback:
	[string "?"]:10: in main chunk
2026/09/06 17:53:19.239 	 ScriptError 4:[1] (\script\vatpham\itemvalue\equip_normal.lua) 

error: [string "?"]:8: attempt to call a nil value (global 'loadItemTabFiles')
stack traceback:
	[string "?"]:8: in main chunk
2026/09/06 17:53:19.240 	 ScriptError 4:[1] (\script\vatpham\itemvalue\fantasygold.lua) 

error: [string "?"]:8: attempt to call a nil value (global 'loadItemTabFiles')
stack traceback:
	[string "?"]:8: in main chunk
2026/09/06 17:53:19.241 	 ScriptError 4:[1] (\script\vatpham\itemvalue\fantasygoldessence.lua) 

error: [string "?"]:12: attempt to call a nil value (global 'loadItemTabFiles')
stack traceback:
	[string "?"]:12: in main chunk
2026/09/06 17:53:19.242 	 ScriptError 4:[1] (\script\vatpham\itemvalue\magicattriblevel.lua) 

error: [string "?"]:9: attempt to call a nil value (global 'loadItemTabFiles')
stack traceback:
	[string "?"]:9: in main chunk
2026/09/06 17:53:19.243 	 ScriptError 4:[1] (\script\vatpham\itemvalue\ore.lua) 

error: [string "?"]:12: attempt to call a nil value (global 'loadItemTabFiles')
stack traceback:
	[string "?"]:12: in main chunk
2026/09/06 17:54:05.578 	 ScriptError 4:[1] (\script\vatpham\itemvalue\equip_enchasable.lua) 

error: [string "?"]:10: attempt to call a nil value (global 'loadItemTabFiles')
stack traceback:
	[string "?"]:10: in main chunk
2026/09/06 17:54:05.579 	 ScriptError 4:[1] (\script\vatpham\itemvalue\equip_gold.lua) 

error: [string "?"]:10: attempt to call a nil value (global 'loadItemTabFiles')
stack traceback:
	[string "?"]:10: in main chunk
2026/09/06 17:54:05.580 	 ScriptError 4:[1] (\script\vatpham\itemvalue\equip_normal.lua) 

error: [string "?"]:8: attempt to call a nil value (global 'loadItemTabFiles')
stack traceback:
	[string "?"]:8: in main chunk
2026/09/06 17:54:05.581 	 ScriptError 4:[1] (\script\vatpham\itemvalue\fantasygold.lua) 

error: [string "?"]:8: attempt to call a nil value (global 'loadItemTabFiles')
stack traceback:
	[string "?"]:8: in main chunk
2026/09/06 17:54:05.581 	 ScriptError 4:[1] (\script\vatpham\itemvalue\fantasygoldessence.lua) 

error: [string "?"]:12: attempt to call a nil value (global 'loadItemTabFiles')
stack traceback:
	[string "?"]:12: in main chunk
2026/09/06 17:54:05.584 	 ScriptError 4:[1] (\script\vatpham\itemvalue\magicattriblevel.lua) 

error: [string "?"]:9: attempt to call a nil value (global 'loadItemTabFiles')
stack traceback:
	[string "?"]:9: in main chunk
2026/09/06 17:54:05.585 	 ScriptError 4:[1] (\script\vatpham\itemvalue\ore.lua) 

