error: [string "?"]:17: unexpected symbol near '%'
2026/09/05 12:04:53.528 	 ScriptError 3. (\script\missions\leaguematch\item\hongyinbaoxiang.lua) 

2026/09/05 12:04:53.528 	 ScriptError 3. (\script\missions\leaguematch\item\hongyinbaoxiang.lua) 

error: ...eVs22\TESTLOFFF_ONLINE\bin\server\scriptjx2\lib\file.lua:57: unexpected symbol near '%'
error: ...eVs22\TESTLOFFF_ONLINE\bin\server\scriptjx2\lib\file.lua:57: unexpected symbol near '%'
error: ...OFFF_ONLINE\bin\server\script\task\task_addplayerexp.lua:16: unexpected symbol near '%'
error: ...s22\TESTLOFFF_ONLINE\bin\server\script\lib\baseclass.lua:26: unexpected symbol near '%'
error: ..._ONLINE\bin\server\script\activitysys\activitydetail.lua:106: unexpected symbol near '%'
error: ...\TESTLOFFF_ONLINE\bin\server\script\misc\taskmanager.lua:340: unexpected symbol near '%'
error: ...ourceVs22\TESTLOFFF_ONLINE\bin\server\script\lib\log.lua:94: unexpected symbol near '%'
error: ...ourceVs22\TESTLOFFF_ONLINE\bin\server\script\lib\log.lua:94: unexpected symbol near '%'
error: ...ourceVs22\TESTLOFFF_ONLINE\bin\server\script\lib\log.lua:94: unexpected symbol near '%'
error: ...FFF_ONLINE\bin\server\script\activitysys\functionlib.lua:105: unexpected symbol near '%'
error: ...FFF_ONLINE\bin\server\script\activitysys\functionlib.lua:105: unexpected symbol near '%'
error: ...FFF_ONLINE\bin\server\script\misc\eventsys\type\func.lua:107: attempt to call a table value (for iterator 'for iterator')
stack traceback:
	...FFF_ONLINE\bin\server\script\misc\eventsys\type\func.lua:107: in main chunk
	[C]: in function 'Include'
	...F_ONLINE\bin\server\script\missions\leaguematch\head.lua:26: in main chunk
	[C]: in function 'Include'
	[string "?"]:3: in main chunk
error: ...FF_ONLINE\bin\server\script\activitysys\playerfunlib.lua:708: unexpected symbol near '%'
error: ...\server\script\missions\leaguematch\macthtype\normal.lua:117: attempt to call a table value (for iterator 'for iterator')
stack traceback:
	...\server\script\missions\leaguematch\macthtype\normal.lua:117: in function 'tmp_process_data'
	...\server\script\missions\leaguematch\macthtype\double.lua:106: in main chunk
	[C]: in function 'Include'
	...F_ONLINE\bin\server\script\missions\leaguematch\head.lua:304: in main chunk
	[C]: in function 'Include'
	[string "?"]:3: in main chunk
error: ...\server\script\missions\leaguematch\macthtype\normal.lua:117: attempt to call a table value (for iterator 'for iterator')
stack traceback:
	...\server\script\missions\leaguematch\macthtype\normal.lua:117: in function 'tmp_process_data'
	...server\script\missions\leaguematch\macthtype\faction.lua:218: in main chunk
	[C]: in function 'Include'
	...F_ONLINE\bin\server\script\missions\leaguematch\head.lua:307: in main chunk
	[C]: in function 'Include'
	[string "?"]:3: in main chunk
error: ...\server\script\missions\leaguematch\macthtype\normal.lua:117: attempt to call a table value (for iterator 'for iterator')
stack traceback:
	...\server\script\missions\leaguematch\macthtype\normal.lua:117: in function 'tmp_process_data'
	...server\script\missions\leaguematch\macthtype\teacher.lua:141: in main chunk
	[C]: in function 'Include'
	...F_ONLINE\bin\server\script\missions\leaguematch\head.lua:310: in main chunk
	[C]: in function 'Include'
	[string "?"]:3: in main chunk
error: ...\server\script\missions\leaguematch\macthtype\normal.lua:117: attempt to call a table value (for iterator 'for iterator')
stack traceback:
	...\server\script\missions\leaguematch\macthtype\normal.lua:117: in function 'tmp_process_data'
	...n\server\script\missions\leaguematch\macthtype\three.lua:105: in main chunk
	[C]: in function 'Include'
	...F_ONLINE\bin\server\script\missions\leaguematch\head.lua:312: in main chunk
	[C]: in function 'Include'
	[string "?"]:3: in main chunk
error: ...\server\script\missions\leaguematch\macthtype\normal.lua:117: attempt to call a table value (for iterator 'for iterator')
stack traceback:
	...\server\script\missions\leaguematch\macthtype\normal.lua:117: in function 'tmp_process_data'
	...\server\script\missions\leaguematch\macthtype\single.lua:102: in main chunk
	[C]: in function 'Include'
	...F_ONLINE\bin\server\script\missions\leaguematch\head.lua:314: in main chunk
	[C]: in function 'Include'
	[string "?"]:3: in main chunk
error: ...\server\script\missions\leaguematch\macthtype\normal.lua:117: attempt to call a table value (for iterator 'for iterator')
stack traceback:
	...\server\script\missions\leaguematch\macthtype\normal.lua:117: in function 'tmp_process_data'
	...\server\script\missions\leaguematch\macthtype\series.lua:170: in main chunk
	[C]: in function 'Include'
	...F_ONLINE\bin\server\script\missions\leaguematch\head.lua:316: in main chunk
	[C]: in function 'Include'
	[string "?"]:3: in main chunk
error: ...\server\script\missions\leaguematch\macthtype\normal.lua:117: attempt to call a table value (for iterator 'for iterator')
stack traceback:
	...\server\script\missions\leaguematch\macthtype\normal.lua:117: in function 'tmp_process_data'
	...r\script\missions\leaguematch\macthtype\mixeddoubles.lua:123: in main chunk
	[C]: in function 'Include'
	...F_ONLINE\bin\server\script\missions\leaguematch\head.lua:318: in main chunk
	[C]: in function 'Include'
	[string "?"]:3: in main chunk
error: [string "?"]:16: unexpected symbol near '%'
2026/09/05 12:04:53.553 	 ScriptError 3. (\script\missions\leaguematch\item\jindanbaoxiang.lua) 

2026/09/05 12:04:53.555 	 ScriptError 3. (\script\missions\leaguematch\item\jindanbaoxiang.lua) 

error: ...FF_ONLINE\bin\server\script\activitysys\playerfunlib.lua:708: unexpected symbol near '%'
error: ...eVs22\TESTLOFFF_ONLINE\bin\server\scriptjx2\lib\file.lua:57: unexpected symbol near '%'
error: ...eVs22\TESTLOFFF_ONLINE\bin\server\scriptjx2\lib\file.lua:57: unexpected symbol near '%'
error: ...OFFF_ONLINE\bin\server\script\task\task_addplayerexp.lua:16: unexpected symbol near '%'
error: ...s22\TESTLOFFF_ONLINE\bin\server\script\lib\baseclass.lua:26: unexpected symbol near '%'
error: ..._ONLINE\bin\server\script\activitysys\activitydetail.lua:106: unexpected symbol near '%'
error: ...\TESTLOFFF_ONLINE\bin\server\script\misc\taskmanager.lua:340: unexpected symbol near '%'
error: ...ourceVs22\TESTLOFFF_ONLINE\bin\server\script\lib\log.lua:94: unexpected symbol near '%'
error: ...ourceVs22\TESTLOFFF_ONLINE\bin\server\script\lib\log.lua:94: unexpected symbol near '%'
error: ...ourceVs22\TESTLOFFF_ONLINE\bin\server\script\lib\log.lua:94: unexpected symbol near '%'
error: ...FFF_ONLINE\bin\server\script\activitysys\functionlib.lua:105: unexpected symbol near '%'
error: ...FFF_ONLINE\bin\server\script\activitysys\functionlib.lua:105: unexpected symbol near '%'
error: ...FFF_ONLINE\bin\server\script\misc\eventsys\type\func.lua:107: attempt to call a table value (for iterator 'for iterator')
stack traceback:
	...FFF_ONLINE\bin\server\script\misc\eventsys\type\func.lua:107: in main chunk
	[C]: in function 'Include'
	...F_ONLINE\bin\server\script\missions\leaguematch\head.lua:26: in main chunk
	[C]: in function 'Include'
	[string "?"]:1: in main chunk
error: ...FF_ONLINE\bin\server\script\activitysys\playerfunlib.lua:708: unexpected symbol near '%'
error: ...\server\script\missions\leaguematch\macthtype\normal.lua:117: attempt to call a table value (for iterator 'for iterator')
stack traceback:
	...\server\script\missions\leaguematch\macthtype\normal.lua:117: in function 'tmp_process_data'
	...\server\script\missions\leaguematch\macthtype\double.lua:106: in main chunk
	[C]: in function 'Include'
	...F_ONLINE\bin\server\script\missions\leaguematch\head.lua:304: in main chunk
	[C]: in function 'Include'
	[string "?"]:1: in main chunk
error: ...\server\script\missions\leaguematch\macthtype\normal.lua:117: attempt to call a table value (for iterator 'for iterator')
stack traceback:
	...\server\script\missions\leaguematch\macthtype\normal.lua:117: in function 'tmp_process_data'
	...server\script\missions\leaguematch\macthtype\faction.lua:218: in main chunk
	[C]: in function 'Include'
	...F_ONLINE\bin\server\script\missions\leaguematch\head.lua:307: in main chunk
	[C]: in function 'Include'
	[string "?"]:1: in main chunk
error: ...\server\script\missions\leaguematch\macthtype\normal.lua:117: attempt to call a table value (for iterator 'for iterator')
stack traceback:
	...\server\script\missions\leaguematch\macthtype\normal.lua:117: in function 'tmp_process_data'
	...server\script\missions\leaguematch\macthtype\teacher.lua:141: in main chunk
	[C]: in function 'Include'
	...F_ONLINE\bin\server\script\missions\leaguematch\head.lua:310: in main chunk
	[C]: in function 'Include'
	[string "?"]:1: in main chunk
error: ...\server\script\missions\leaguematch\macthtype\normal.lua:117: attempt to call a table value (for iterator 'for iterator')
stack traceback:
	...\server\script\missions\leaguematch\macthtype\normal.lua:117: in function 'tmp_process_data'
	...n\server\script\missions\leaguematch\macthtype\three.lua:105: in main chunk
	[C]: in function 'Include'
	...F_ONLINE\bin\server\script\missions\leaguematch\head.lua:312: in main chunk
	[C]: in function 'Include'
	[string "?"]:1: in main chunk
error: ...\server\script\missions\leaguematch\macthtype\normal.lua:117: attempt to call a table value (for iterator 'for iterator')
stack traceback:
	...\server\script\missions\leaguematch\macthtype\normal.lua:117: in function 'tmp_process_data'
	...\server\script\missions\leaguematch\macthtype\single.lua:102: in main chunk
	[C]: in function 'Include'
	...F_ONLINE\bin\server\script\missions\leaguematch\head.lua:314: in main chunk
	[C]: in function 'Include'
	[string "?"]:1: in main chunk
error: ...\server\script\missions\leaguematch\macthtype\normal.lua:117: attempt to call a table value (for iterator 'for iterator')
stack traceback:
	...\server\script\missions\leaguematch\macthtype\normal.lua:117: in function 'tmp_process_data'
	...\server\script\missions\leaguematch\macthtype\series.lua:170: in main chunk
	[C]: in function 'Include'
	...F_ONLINE\bin\server\script\missions\leaguematch\head.lua:316: in main chunk
	[C]: in function 'Include'
	[string "?"]:1: in main chunk
error: ...\server\script\missions\leaguematch\macthtype\normal.lua:117: attempt to call a table value (for iterator 'for iterator')
stack traceback:
	...\server\script\missions\leaguematch\macthtype\normal.lua:117: in function 'tmp_process_data'
	...r\script\missions\leaguematch\macthtype\mixeddoubles.lua:123: in main chunk
	[C]: in function 'Include'
	...F_ONLINE\bin\server\script\missions\leaguematch\head.lua:318: in main chunk
	[C]: in function 'Include'
	[string "?"]:1: in main chunk
error: ...FF_ONLINE\bin\server\script\activitysys\playerfunlib.lua:708: unexpected symbol near '%'
error: [string "?"]:25: unexpected symbol near '%'
2026/09/05 12:04:53.574 	 ScriptError 3. (\script\missions\leaguematch\item\zhenjing.lua) 

2026/09/05 12:04:53.574 	 ScriptError 3. (\script\missions\leaguematch\item\zhenjing.lua) 

error: [string "?"]:17: unexpected symbol near '%'
2026/09/05 12:22:39.469 	 ScriptError 3. (\script\missions\leaguematch\item\hongyinbaoxiang.lua) 

2026/09/05 12:22:39.469 	 ScriptError 3. (\script\missions\leaguematch\item\hongyinbaoxiang.lua) 

error: ...eVs22\TESTLOFFF_ONLINE\bin\server\scriptjx2\lib\file.lua:57: unexpected symbol near '%'
error: ...eVs22\TESTLOFFF_ONLINE\bin\server\scriptjx2\lib\file.lua:57: unexpected symbol near '%'
error: ...OFFF_ONLINE\bin\server\script\task\task_addplayerexp.lua:16: unexpected symbol near '%'
error: ...s22\TESTLOFFF_ONLINE\bin\server\script\lib\baseclass.lua:26: unexpected symbol near '%'
error: ..._ONLINE\bin\server\script\activitysys\activitydetail.lua:106: unexpected symbol near '%'
error: ...\TESTLOFFF_ONLINE\bin\server\script\misc\taskmanager.lua:340: unexpected symbol near '%'
error: ...ourceVs22\TESTLOFFF_ONLINE\bin\server\script\lib\log.lua:94: unexpected symbol near '%'
error: ...ourceVs22\TESTLOFFF_ONLINE\bin\server\script\lib\log.lua:94: unexpected symbol near '%'
error: ...ourceVs22\TESTLOFFF_ONLINE\bin\server\script\lib\log.lua:94: unexpected symbol near '%'
error: ...FFF_ONLINE\bin\server\script\activitysys\functionlib.lua:105: unexpected symbol near '%'
error: ...FFF_ONLINE\bin\server\script\activitysys\functionlib.lua:105: unexpected symbol near '%'
error: ...FFF_ONLINE\bin\server\script\misc\eventsys\type\func.lua:107: attempt to call a table value (for iterator 'for iterator')
stack traceback:
	...FFF_ONLINE\bin\server\script\misc\eventsys\type\func.lua:107: in main chunk
	[C]: in function 'Include'
	...F_ONLINE\bin\server\script\missions\leaguematch\head.lua:26: in main chunk
	[C]: in function 'Include'
	[string "?"]:3: in main chunk
error: ...FF_ONLINE\bin\server\script\activitysys\playerfunlib.lua:708: unexpected symbol near '%'
error: ...\server\script\missions\leaguematch\macthtype\normal.lua:117: attempt to call a table value (for iterator 'for iterator')
stack traceback:
	...\server\script\missions\leaguematch\macthtype\normal.lua:117: in function 'tmp_process_data'
	...\server\script\missions\leaguematch\macthtype\double.lua:106: in main chunk
	[C]: in function 'Include'
	...F_ONLINE\bin\server\script\missions\leaguematch\head.lua:304: in main chunk
	[C]: in function 'Include'
	[string "?"]:3: in main chunk
error: ...\server\script\missions\leaguematch\macthtype\normal.lua:117: attempt to call a table value (for iterator 'for iterator')
stack traceback:
	...\server\script\missions\leaguematch\macthtype\normal.lua:117: in function 'tmp_process_data'
	...server\script\missions\leaguematch\macthtype\faction.lua:218: in main chunk
	[C]: in function 'Include'
	...F_ONLINE\bin\server\script\missions\leaguematch\head.lua:307: in main chunk
	[C]: in function 'Include'
	[string "?"]:3: in main chunk
error: ...\server\script\missions\leaguematch\macthtype\normal.lua:117: attempt to call a table value (for iterator 'for iterator')
stack traceback:
	...\server\script\missions\leaguematch\macthtype\normal.lua:117: in function 'tmp_process_data'
	...server\script\missions\leaguematch\macthtype\teacher.lua:141: in main chunk
	[C]: in function 'Include'
	...F_ONLINE\bin\server\script\missions\leaguematch\head.lua:310: in main chunk
	[C]: in function 'Include'
	[string "?"]:3: in main chunk
error: ...\server\script\missions\leaguematch\macthtype\normal.lua:117: attempt to call a table value (for iterator 'for iterator')
stack traceback:
	...\server\script\missions\leaguematch\macthtype\normal.lua:117: in function 'tmp_process_data'
	...n\server\script\missions\leaguematch\macthtype\three.lua:105: in main chunk
	[C]: in function 'Include'
	...F_ONLINE\bin\server\script\missions\leaguematch\head.lua:312: in main chunk
	[C]: in function 'Include'
	[string "?"]:3: in main chunk
error: ...\server\script\missions\leaguematch\macthtype\normal.lua:117: attempt to call a table value (for iterator 'for iterator')
stack traceback:
	...\server\script\missions\leaguematch\macthtype\normal.lua:117: in function 'tmp_process_data'
	...\server\script\missions\leaguematch\macthtype\single.lua:102: in main chunk
	[C]: in function 'Include'
	...F_ONLINE\bin\server\script\missions\leaguematch\head.lua:314: in main chunk
	[C]: in function 'Include'
	[string "?"]:3: in main chunk
error: ...\server\script\missions\leaguematch\macthtype\normal.lua:117: attempt to call a table value (for iterator 'for iterator')
stack traceback:
	...\server\script\missions\leaguematch\macthtype\normal.lua:117: in function 'tmp_process_data'
	...\server\script\missions\leaguematch\macthtype\series.lua:170: in main chunk
	[C]: in function 'Include'
	...F_ONLINE\bin\server\script\missions\leaguematch\head.lua:316: in main chunk
	[C]: in function 'Include'
	[string "?"]:3: in main chunk
error: ...\server\script\missions\leaguematch\macthtype\normal.lua:117: attempt to call a table value (for iterator 'for iterator')
stack traceback:
	...\server\script\missions\leaguematch\macthtype\normal.lua:117: in function 'tmp_process_data'
	...r\script\missions\leaguematch\macthtype\mixeddoubles.lua:123: in main chunk
	[C]: in function 'Include'
	...F_ONLINE\bin\server\script\missions\leaguematch\head.lua:318: in main chunk
	[C]: in function 'Include'
	[string "?"]:3: in main chunk
error: [string "?"]:16: unexpected symbol near '%'
2026/09/05 12:22:39.482 	 ScriptError 3. (\script\missions\leaguematch\item\jindanbaoxiang.lua) 

2026/09/05 12:22:39.482 	 ScriptError 3. (\script\missions\leaguematch\item\jindanbaoxiang.lua) 

error: ...FF_ONLINE\bin\server\script\activitysys\playerfunlib.lua:708: unexpected symbol near '%'
error: ...eVs22\TESTLOFFF_ONLINE\bin\server\scriptjx2\lib\file.lua:57: unexpected symbol near '%'
error: ...eVs22\TESTLOFFF_ONLINE\bin\server\scriptjx2\lib\file.lua:57: unexpected symbol near '%'
error: ...OFFF_ONLINE\bin\server\script\task\task_addplayerexp.lua:16: unexpected symbol near '%'
error: ...s22\TESTLOFFF_ONLINE\bin\server\script\lib\baseclass.lua:26: unexpected symbol near '%'
error: ..._ONLINE\bin\server\script\activitysys\activitydetail.lua:106: unexpected symbol near '%'
error: ...\TESTLOFFF_ONLINE\bin\server\script\misc\taskmanager.lua:340: unexpected symbol near '%'
error: ...ourceVs22\TESTLOFFF_ONLINE\bin\server\script\lib\log.lua:94: unexpected symbol near '%'
error: ...ourceVs22\TESTLOFFF_ONLINE\bin\server\script\lib\log.lua:94: unexpected symbol near '%'
error: ...ourceVs22\TESTLOFFF_ONLINE\bin\server\script\lib\log.lua:94: unexpected symbol near '%'
error: ...FFF_ONLINE\bin\server\script\activitysys\functionlib.lua:105: unexpected symbol near '%'
error: ...FFF_ONLINE\bin\server\script\activitysys\functionlib.lua:105: unexpected symbol near '%'
error: ...FFF_ONLINE\bin\server\script\misc\eventsys\type\func.lua:107: attempt to call a table value (for iterator 'for iterator')
stack traceback:
	...FFF_ONLINE\bin\server\script\misc\eventsys\type\func.lua:107: in main chunk
	[C]: in function 'Include'
	...F_ONLINE\bin\server\script\missions\leaguematch\head.lua:26: in main chunk
	[C]: in function 'Include'
	[string "?"]:1: in main chunk
error: ...FF_ONLINE\bin\server\script\activitysys\playerfunlib.lua:708: unexpected symbol near '%'
error: ...\server\script\missions\leaguematch\macthtype\normal.lua:117: attempt to call a table value (for iterator 'for iterator')
stack traceback:
	...\server\script\missions\leaguematch\macthtype\normal.lua:117: in function 'tmp_process_data'
	...\server\script\missions\leaguematch\macthtype\double.lua:106: in main chunk
	[C]: in function 'Include'
	...F_ONLINE\bin\server\script\missions\leaguematch\head.lua:304: in main chunk
	[C]: in function 'Include'
	[string "?"]:1: in main chunk
error: ...\server\script\missions\leaguematch\macthtype\normal.lua:117: attempt to call a table value (for iterator 'for iterator')
stack traceback:
	...\server\script\missions\leaguematch\macthtype\normal.lua:117: in function 'tmp_process_data'
	...server\script\missions\leaguematch\macthtype\faction.lua:218: in main chunk
	[C]: in function 'Include'
	...F_ONLINE\bin\server\script\missions\leaguematch\head.lua:307: in main chunk
	[C]: in function 'Include'
	[string "?"]:1: in main chunk
error: ...\server\script\missions\leaguematch\macthtype\normal.lua:117: attempt to call a table value (for iterator 'for iterator')
stack traceback:
	...\server\script\missions\leaguematch\macthtype\normal.lua:117: in function 'tmp_process_data'
	...server\script\missions\leaguematch\macthtype\teacher.lua:141: in main chunk
	[C]: in function 'Include'
	...F_ONLINE\bin\server\script\missions\leaguematch\head.lua:310: in main chunk
	[C]: in function 'Include'
	[string "?"]:1: in main chunk
error: ...\server\script\missions\leaguematch\macthtype\normal.lua:117: attempt to call a table value (for iterator 'for iterator')
stack traceback:
	...\server\script\missions\leaguematch\macthtype\normal.lua:117: in function 'tmp_process_data'
	...n\server\script\missions\leaguematch\macthtype\three.lua:105: in main chunk
	[C]: in function 'Include'
	...F_ONLINE\bin\server\script\missions\leaguematch\head.lua:312: in main chunk
	[C]: in function 'Include'
	[string "?"]:1: in main chunk
error: ...\server\script\missions\leaguematch\macthtype\normal.lua:117: attempt to call a table value (for iterator 'for iterator')
stack traceback:
	...\server\script\missions\leaguematch\macthtype\normal.lua:117: in function 'tmp_process_data'
	...\server\script\missions\leaguematch\macthtype\single.lua:102: in main chunk
	[C]: in function 'Include'
	...F_ONLINE\bin\server\script\missions\leaguematch\head.lua:314: in main chunk
	[C]: in function 'Include'
	[string "?"]:1: in main chunk
error: ...\server\script\missions\leaguematch\macthtype\normal.lua:117: attempt to call a table value (for iterator 'for iterator')
stack traceback:
	...\server\script\missions\leaguematch\macthtype\normal.lua:117: in function 'tmp_process_data'
	...\server\script\missions\leaguematch\macthtype\series.lua:170: in main chunk
	[C]: in function 'Include'
	...F_ONLINE\bin\server\script\missions\leaguematch\head.lua:316: in main chunk
	[C]: in function 'Include'
	[string "?"]:1: in main chunk
error: ...\server\script\missions\leaguematch\macthtype\normal.lua:117: attempt to call a table value (for iterator 'for iterator')
stack traceback:
	...\server\script\missions\leaguematch\macthtype\normal.lua:117: in function 'tmp_process_data'
	...r\script\missions\leaguematch\macthtype\mixeddoubles.lua:123: in main chunk
	[C]: in function 'Include'
	...F_ONLINE\bin\server\script\missions\leaguematch\head.lua:318: in main chunk
	[C]: in function 'Include'
	[string "?"]:1: in main chunk
error: ...FF_ONLINE\bin\server\script\activitysys\playerfunlib.lua:708: unexpected symbol near '%'
error: [string "?"]:25: unexpected symbol near '%'
2026/09/05 12:22:39.500 	 ScriptError 3. (\script\missions\leaguematch\item\zhenjing.lua) 

2026/09/05 12:22:39.501 	 ScriptError 3. (\script\missions\leaguematch\item\zhenjing.lua) 

error: [string "?"]:17: unexpected symbol near '%'
2026/09/05 12:25:00.370 	 ScriptError 3. (\script\missions\leaguematch\item\hongyinbaoxiang.lua) 

2026/09/05 12:25:00.370 	 ScriptError 3. (\script\missions\leaguematch\item\hongyinbaoxiang.lua) 

error: ...eVs22\TESTLOFFF_ONLINE\bin\server\scriptjx2\lib\file.lua:57: unexpected symbol near '%'
error: ...eVs22\TESTLOFFF_ONLINE\bin\server\scriptjx2\lib\file.lua:57: unexpected symbol near '%'
error: ...OFFF_ONLINE\bin\server\script\task\task_addplayerexp.lua:16: unexpected symbol near '%'
error: ...s22\TESTLOFFF_ONLINE\bin\server\script\lib\baseclass.lua:26: unexpected symbol near '%'
error: ..._ONLINE\bin\server\script\activitysys\activitydetail.lua:106: unexpected symbol near '%'
error: ...\TESTLOFFF_ONLINE\bin\server\script\misc\taskmanager.lua:340: unexpected symbol near '%'
error: ...ourceVs22\TESTLOFFF_ONLINE\bin\server\script\lib\log.lua:94: unexpected symbol near '%'
error: ...ourceVs22\TESTLOFFF_ONLINE\bin\server\script\lib\log.lua:94: unexpected symbol near '%'
error: ...ourceVs22\TESTLOFFF_ONLINE\bin\server\script\lib\log.lua:94: unexpected symbol near '%'
error: ...FFF_ONLINE\bin\server\script\activitysys\functionlib.lua:105: unexpected symbol near '%'
error: ...FFF_ONLINE\bin\server\script\activitysys\functionlib.lua:105: unexpected symbol near '%'
error: ...FFF_ONLINE\bin\server\script\misc\eventsys\type\func.lua:107: attempt to call a table value (for iterator 'for iterator')
stack traceback:
	...FFF_ONLINE\bin\server\script\misc\eventsys\type\func.lua:107: in main chunk
	[C]: in function 'Include'
	...F_ONLINE\bin\server\script\missions\leaguematch\head.lua:26: in main chunk
	[C]: in function 'Include'
	[string "?"]:3: in main chunk
error: ...FF_ONLINE\bin\server\script\activitysys\playerfunlib.lua:708: unexpected symbol near '%'
error: ...\server\script\missions\leaguematch\macthtype\normal.lua:117: attempt to call a table value (for iterator 'for iterator')
stack traceback:
	...\server\script\missions\leaguematch\macthtype\normal.lua:117: in function 'tmp_process_data'
	...\server\script\missions\leaguematch\macthtype\double.lua:106: in main chunk
	[C]: in function 'Include'
	...F_ONLINE\bin\server\script\missions\leaguematch\head.lua:304: in main chunk
	[C]: in function 'Include'
	[string "?"]:3: in main chunk
error: ...\server\script\missions\leaguematch\macthtype\normal.lua:117: attempt to call a table value (for iterator 'for iterator')
stack traceback:
	...\server\script\missions\leaguematch\macthtype\normal.lua:117: in function 'tmp_process_data'
	...server\script\missions\leaguematch\macthtype\faction.lua:218: in main chunk
	[C]: in function 'Include'
	...F_ONLINE\bin\server\script\missions\leaguematch\head.lua:307: in main chunk
	[C]: in function 'Include'
	[string "?"]:3: in main chunk
error: ...\server\script\missions\leaguematch\macthtype\normal.lua:117: attempt to call a table value (for iterator 'for iterator')
stack traceback:
	...\server\script\missions\leaguematch\macthtype\normal.lua:117: in function 'tmp_process_data'
	...server\script\missions\leaguematch\macthtype\teacher.lua:141: in main chunk
	[C]: in function 'Include'
	...F_ONLINE\bin\server\script\missions\leaguematch\head.lua:310: in main chunk
	[C]: in function 'Include'
	[string "?"]:3: in main chunk
error: ...\server\script\missions\leaguematch\macthtype\normal.lua:117: attempt to call a table value (for iterator 'for iterator')
stack traceback:
	...\server\script\missions\leaguematch\macthtype\normal.lua:117: in function 'tmp_process_data'
	...n\server\script\missions\leaguematch\macthtype\three.lua:105: in main chunk
	[C]: in function 'Include'
	...F_ONLINE\bin\server\script\missions\leaguematch\head.lua:312: in main chunk
	[C]: in function 'Include'
	[string "?"]:3: in main chunk
error: ...\server\script\missions\leaguematch\macthtype\normal.lua:117: attempt to call a table value (for iterator 'for iterator')
stack traceback:
	...\server\script\missions\leaguematch\macthtype\normal.lua:117: in function 'tmp_process_data'
	...\server\script\missions\leaguematch\macthtype\single.lua:102: in main chunk
	[C]: in function 'Include'
	...F_ONLINE\bin\server\script\missions\leaguematch\head.lua:314: in main chunk
	[C]: in function 'Include'
	[string "?"]:3: in main chunk
error: ...\server\script\missions\leaguematch\macthtype\normal.lua:117: attempt to call a table value (for iterator 'for iterator')
stack traceback:
	...\server\script\missions\leaguematch\macthtype\normal.lua:117: in function 'tmp_process_data'
	...\server\script\missions\leaguematch\macthtype\series.lua:170: in main chunk
	[C]: in function 'Include'
	...F_ONLINE\bin\server\script\missions\leaguematch\head.lua:316: in main chunk
	[C]: in function 'Include'
	[string "?"]:3: in main chunk
error: ...\server\script\missions\leaguematch\macthtype\normal.lua:117: attempt to call a table value (for iterator 'for iterator')
stack traceback:
	...\server\script\missions\leaguematch\macthtype\normal.lua:117: in function 'tmp_process_data'
	...r\script\missions\leaguematch\macthtype\mixeddoubles.lua:123: in main chunk
	[C]: in function 'Include'
	...F_ONLINE\bin\server\script\missions\leaguematch\head.lua:318: in main chunk
	[C]: in function 'Include'
	[string "?"]:3: in main chunk
error: [string "?"]:16: unexpected symbol near '%'
2026/09/05 12:25:00.384 	 ScriptError 3. (\script\missions\leaguematch\item\jindanbaoxiang.lua) 

2026/09/05 12:25:00.384 	 ScriptError 3. (\script\missions\leaguematch\item\jindanbaoxiang.lua) 

error: ...FF_ONLINE\bin\server\script\activitysys\playerfunlib.lua:708: unexpected symbol near '%'
error: ...eVs22\TESTLOFFF_ONLINE\bin\server\scriptjx2\lib\file.lua:57: unexpected symbol near '%'
error: ...eVs22\TESTLOFFF_ONLINE\bin\server\scriptjx2\lib\file.lua:57: unexpected symbol near '%'
error: ...OFFF_ONLINE\bin\server\script\task\task_addplayerexp.lua:16: unexpected symbol near '%'
error: ...s22\TESTLOFFF_ONLINE\bin\server\script\lib\baseclass.lua:26: unexpected symbol near '%'
error: ..._ONLINE\bin\server\script\activitysys\activitydetail.lua:106: unexpected symbol near '%'
error: ...\TESTLOFFF_ONLINE\bin\server\script\misc\taskmanager.lua:340: unexpected symbol near '%'
error: ...ourceVs22\TESTLOFFF_ONLINE\bin\server\script\lib\log.lua:94: unexpected symbol near '%'
error: ...ourceVs22\TESTLOFFF_ONLINE\bin\server\script\lib\log.lua:94: unexpected symbol near '%'
error: ...ourceVs22\TESTLOFFF_ONLINE\bin\server\script\lib\log.lua:94: unexpected symbol near '%'
error: ...FFF_ONLINE\bin\server\script\activitysys\functionlib.lua:105: unexpected symbol near '%'
error: ...FFF_ONLINE\bin\server\script\activitysys\functionlib.lua:105: unexpected symbol near '%'
error: ...FFF_ONLINE\bin\server\script\misc\eventsys\type\func.lua:107: attempt to call a table value (for iterator 'for iterator')
stack traceback:
	...FFF_ONLINE\bin\server\script\misc\eventsys\type\func.lua:107: in main chunk
	[C]: in function 'Include'
	...F_ONLINE\bin\server\script\missions\leaguematch\head.lua:26: in main chunk
	[C]: in function 'Include'
	[string "?"]:1: in main chunk
error: ...FF_ONLINE\bin\server\script\activitysys\playerfunlib.lua:708: unexpected symbol near '%'
error: ...\server\script\missions\leaguematch\macthtype\normal.lua:117: attempt to call a table value (for iterator 'for iterator')
stack traceback:
	...\server\script\missions\leaguematch\macthtype\normal.lua:117: in function 'tmp_process_data'
	...\server\script\missions\leaguematch\macthtype\double.lua:106: in main chunk
	[C]: in function 'Include'
	...F_ONLINE\bin\server\script\missions\leaguematch\head.lua:304: in main chunk
	[C]: in function 'Include'
	[string "?"]:1: in main chunk
error: ...\server\script\missions\leaguematch\macthtype\normal.lua:117: attempt to call a table value (for iterator 'for iterator')
stack traceback:
	...\server\script\missions\leaguematch\macthtype\normal.lua:117: in function 'tmp_process_data'
	...server\script\missions\leaguematch\macthtype\faction.lua:218: in main chunk
	[C]: in function 'Include'
	...F_ONLINE\bin\server\script\missions\leaguematch\head.lua:307: in main chunk
	[C]: in function 'Include'
	[string "?"]:1: in main chunk
error: ...\server\script\missions\leaguematch\macthtype\normal.lua:117: attempt to call a table value (for iterator 'for iterator')
stack traceback:
	...\server\script\missions\leaguematch\macthtype\normal.lua:117: in function 'tmp_process_data'
	...server\script\missions\leaguematch\macthtype\teacher.lua:141: in main chunk
	[C]: in function 'Include'
	...F_ONLINE\bin\server\script\missions\leaguematch\head.lua:310: in main chunk
	[C]: in function 'Include'
	[string "?"]:1: in main chunk
error: ...\server\script\missions\leaguematch\macthtype\normal.lua:117: attempt to call a table value (for iterator 'for iterator')
stack traceback:
	...\server\script\missions\leaguematch\macthtype\normal.lua:117: in function 'tmp_process_data'
	...n\server\script\missions\leaguematch\macthtype\three.lua:105: in main chunk
	[C]: in function 'Include'
	...F_ONLINE\bin\server\script\missions\leaguematch\head.lua:312: in main chunk
	[C]: in function 'Include'
	[string "?"]:1: in main chunk
error: ...\server\script\missions\leaguematch\macthtype\normal.lua:117: attempt to call a table value (for iterator 'for iterator')
stack traceback:
	...\server\script\missions\leaguematch\macthtype\normal.lua:117: in function 'tmp_process_data'
	...\server\script\missions\leaguematch\macthtype\single.lua:102: in main chunk
	[C]: in function 'Include'
	...F_ONLINE\bin\server\script\missions\leaguematch\head.lua:314: in main chunk
	[C]: in function 'Include'
	[string "?"]:1: in main chunk
error: ...\server\script\missions\leaguematch\macthtype\normal.lua:117: attempt to call a table value (for iterator 'for iterator')
stack traceback:
	...\server\script\missions\leaguematch\macthtype\normal.lua:117: in function 'tmp_process_data'
	...\server\script\missions\leaguematch\macthtype\series.lua:170: in main chunk
	[C]: in function 'Include'
	...F_ONLINE\bin\server\script\missions\leaguematch\head.lua:316: in main chunk
	[C]: in function 'Include'
	[string "?"]:1: in main chunk
error: ...\server\script\missions\leaguematch\macthtype\normal.lua:117: attempt to call a table value (for iterator 'for iterator')
stack traceback:
	...\server\script\missions\leaguematch\macthtype\normal.lua:117: in function 'tmp_process_data'
	...r\script\missions\leaguematch\macthtype\mixeddoubles.lua:123: in main chunk
	[C]: in function 'Include'
	...F_ONLINE\bin\server\script\missions\leaguematch\head.lua:318: in main chunk
	[C]: in function 'Include'
	[string "?"]:1: in main chunk
error: ...FF_ONLINE\bin\server\script\activitysys\playerfunlib.lua:708: unexpected symbol near '%'
error: [string "?"]:25: unexpected symbol near '%'
2026/09/05 12:25:00.401 	 ScriptError 3. (\script\missions\leaguematch\item\zhenjing.lua) 

2026/09/05 12:25:00.401 	 ScriptError 3. (\script\missions\leaguematch\item\zhenjing.lua) 

error: ...eVs22\TESTLOFFF_ONLINE\bin\server\scriptjx2\lib\file.lua:57: unexpected symbol near '%'
error: ...eVs22\TESTLOFFF_ONLINE\bin\server\scriptjx2\lib\file.lua:57: unexpected symbol near '%'
error: ...eVs22\TESTLOFFF_ONLINE\bin\server\scriptjx2\lib\file.lua:57: unexpected symbol near '%'
error: ...eVs22\TESTLOFFF_ONLINE\bin\server\scriptjx2\lib\file.lua:57: unexpected symbol near '%'
error: ...eVs22\TESTLOFFF_ONLINE\bin\server\scriptjx2\lib\file.lua:57: unexpected symbol near '%'
error: ...eVs22\TESTLOFFF_ONLINE\bin\server\scriptjx2\lib\file.lua:57: unexpected symbol near '%'
error: ...eVs22\TESTLOFFF_ONLINE\bin\server\scriptjx2\lib\file.lua:57: unexpected symbol near '%'
error: ...eVs22\TESTLOFFF_ONLINE\bin\server\scriptjx2\lib\file.lua:57: unexpected symbol near '%'
error: ...eVs22\TESTLOFFF_ONLINE\bin\server\scriptjx2\lib\file.lua:57: unexpected symbol near '%'
error: ...eVs22\TESTLOFFF_ONLINE\bin\server\scriptjx2\lib\file.lua:57: unexpected symbol near '%'
error: ...eVs22\TESTLOFFF_ONLINE\bin\server\scriptjx2\lib\file.lua:57: unexpected symbol near '%'
error: ...eVs22\TESTLOFFF_ONLINE\bin\server\scriptjx2\lib\file.lua:57: unexpected symbol near '%'
error: ...eVs22\TESTLOFFF_ONLINE\bin\server\scriptjx2\lib\file.lua:57: unexpected symbol near '%'
error: ...eVs22\TESTLOFFF_ONLINE\bin\server\scriptjx2\lib\file.lua:57: unexpected symbol near '%'
error: ...eVs22\TESTLOFFF_ONLINE\bin\server\scriptjx2\lib\file.lua:57: unexpected symbol near '%'
error: ...eVs22\TESTLOFFF_ONLINE\bin\server\scriptjx2\lib\file.lua:57: unexpected symbol near '%'
error: ...eVs22\TESTLOFFF_ONLINE\bin\server\scriptjx2\lib\file.lua:57: unexpected symbol near '%'
error: ...eVs22\TESTLOFFF_ONLINE\bin\server\scriptjx2\lib\file.lua:57: unexpected symbol near '%'
error: ...eVs22\TESTLOFFF_ONLINE\bin\server\scriptjx2\lib\file.lua:57: unexpected symbol near '%'
error: ...eVs22\TESTLOFFF_ONLINE\bin\server\scriptjx2\lib\file.lua:57: unexpected symbol near '%'
error: ...eVs22\TESTLOFFF_ONLINE\bin\server\scriptjx2\lib\file.lua:57: unexpected symbol near '%'
error: ...eVs22\TESTLOFFF_ONLINE\bin\server\scriptjx2\lib\file.lua:57: unexpected symbol near '%'
error: ...eVs22\TESTLOFFF_ONLINE\bin\server\scriptjx2\lib\file.lua:57: unexpected symbol near '%'
error: ...eVs22\TESTLOFFF_ONLINE\bin\server\scriptjx2\lib\file.lua:57: unexpected symbol near '%'
error: ...eVs22\TESTLOFFF_ONLINE\bin\server\scriptjx2\lib\file.lua:57: unexpected symbol near '%'
error: ...eVs22\TESTLOFFF_ONLINE\bin\server\scriptjx2\lib\file.lua:57: unexpected symbol near '%'
error: ...eVs22\TESTLOFFF_ONLINE\bin\server\scriptjx2\lib\file.lua:57: unexpected symbol near '%'
error: ...eVs22\TESTLOFFF_ONLINE\bin\server\scriptjx2\lib\file.lua:57: unexpected symbol near '%'
error: ...eVs22\TESTLOFFF_ONLINE\bin\server\scriptjx2\lib\file.lua:57: unexpected symbol near '%'
error: ...eVs22\TESTLOFFF_ONLINE\bin\server\scriptjx2\lib\file.lua:57: unexpected symbol near '%'
error: ...eVs22\TESTLOFFF_ONLINE\bin\server\scriptjx2\lib\file.lua:57: unexpected symbol near '%'
error: ...eVs22\TESTLOFFF_ONLINE\bin\server\scriptjx2\lib\file.lua:57: unexpected symbol near '%'
error: ...eVs22\TESTLOFFF_ONLINE\bin\server\scriptjx2\lib\file.lua:57: unexpected symbol near '%'
error: ...eVs22\TESTLOFFF_ONLINE\bin\server\scriptjx2\lib\file.lua:57: unexpected symbol near '%'
error: ...eVs22\TESTLOFFF_ONLINE\bin\server\scriptjx2\lib\file.lua:57: unexpected symbol near '%'
error: ...eVs22\TESTLOFFF_ONLINE\bin\server\scriptjx2\lib\file.lua:57: unexpected symbol near '%'
error: ...eVs22\TESTLOFFF_ONLINE\bin\server\scriptjx2\lib\file.lua:57: unexpected symbol near '%'
error: ...eVs22\TESTLOFFF_ONLINE\bin\server\scriptjx2\lib\file.lua:57: unexpected symbol near '%'
error: ...eVs22\TESTLOFFF_ONLINE\bin\server\scriptjx2\lib\file.lua:57: unexpected symbol near '%'
error: ...eVs22\TESTLOFFF_ONLINE\bin\server\scriptjx2\lib\file.lua:57: unexpected symbol near '%'
error: ...eVs22\TESTLOFFF_ONLINE\bin\server\scriptjx2\lib\file.lua:57: unexpected symbol near '%'
error: ...eVs22\TESTLOFFF_ONLINE\bin\server\scriptjx2\lib\file.lua:57: unexpected symbol near '%'
error: ...eVs22\TESTLOFFF_ONLINE\bin\server\scriptjx2\lib\file.lua:57: unexpected symbol near '%'
error: ...eVs22\TESTLOFFF_ONLINE\bin\server\scriptjx2\lib\file.lua:57: unexpected symbol near '%'
error: ...eVs22\TESTLOFFF_ONLINE\bin\server\scriptjx2\lib\file.lua:57: unexpected symbol near '%'
error: ...eVs22\TESTLOFFF_ONLINE\bin\server\scriptjx2\lib\file.lua:57: unexpected symbol near '%'
error: ...eVs22\TESTLOFFF_ONLINE\bin\server\scriptjx2\lib\file.lua:57: unexpected symbol near '%'
error: ...eVs22\TESTLOFFF_ONLINE\bin\server\scriptjx2\lib\file.lua:57: unexpected symbol near '%'
error: ...eVs22\TESTLOFFF_ONLINE\bin\server\scriptjx2\lib\file.lua:57: unexpected symbol near '%'
error: ...eVs22\TESTLOFFF_ONLINE\bin\server\scriptjx2\lib\file.lua:57: unexpected symbol near '%'
error: ...eVs22\TESTLOFFF_ONLINE\bin\server\scriptjx2\lib\file.lua:57: unexpected symbol near '%'
error: ...eVs22\TESTLOFFF_ONLINE\bin\server\scriptjx2\lib\file.lua:57: unexpected symbol near '%'
error: ...eVs22\TESTLOFFF_ONLINE\bin\server\scriptjx2\lib\file.lua:57: unexpected symbol near '%'
error: ...eVs22\TESTLOFFF_ONLINE\bin\server\scriptjx2\lib\file.lua:57: unexpected symbol near '%'
error: ...eVs22\TESTLOFFF_ONLINE\bin\server\scriptjx2\lib\file.lua:57: unexpected symbol near '%'
error: ...eVs22\TESTLOFFF_ONLINE\bin\server\scriptjx2\lib\file.lua:57: unexpected symbol near '%'
error: ...eVs22\TESTLOFFF_ONLINE\bin\server\scriptjx2\lib\file.lua:57: unexpected symbol near '%'
error: ...eVs22\TESTLOFFF_ONLINE\bin\server\scriptjx2\lib\file.lua:57: unexpected symbol near '%'
error: ...eVs22\TESTLOFFF_ONLINE\bin\server\scriptjx2\lib\file.lua:57: unexpected symbol near '%'
error: ...eVs22\TESTLOFFF_ONLINE\bin\server\scriptjx2\lib\file.lua:57: unexpected symbol near '%'
error: ...eVs22\TESTLOFFF_ONLINE\bin\server\scriptjx2\lib\file.lua:57: unexpected symbol near '%'
error: ...eVs22\TESTLOFFF_ONLINE\bin\server\scriptjx2\lib\file.lua:57: unexpected symbol near '%'
error: ...eVs22\TESTLOFFF_ONLINE\bin\server\scriptjx2\lib\file.lua:57: unexpected symbol near '%'
error: ...eVs22\TESTLOFFF_ONLINE\bin\server\scriptjx2\lib\file.lua:57: unexpected symbol near '%'
error: ...eVs22\TESTLOFFF_ONLINE\bin\server\scriptjx2\lib\file.lua:57: unexpected symbol near '%'
error: ...eVs22\TESTLOFFF_ONLINE\bin\server\scriptjx2\lib\file.lua:57: unexpected symbol near '%'
error: ...eVs22\TESTLOFFF_ONLINE\bin\server\scriptjx2\lib\file.lua:57: unexpected symbol near '%'
error: ...eVs22\TESTLOFFF_ONLINE\bin\server\scriptjx2\lib\file.lua:57: unexpected symbol near '%'
error: ...eVs22\TESTLOFFF_ONLINE\bin\server\scriptjx2\lib\file.lua:57: unexpected symbol near '%'
error: ...eVs22\TESTLOFFF_ONLINE\bin\server\scriptjx2\lib\file.lua:57: unexpected symbol near '%'
error: ...eVs22\TESTLOFFF_ONLINE\bin\server\scriptjx2\lib\file.lua:57: unexpected symbol near '%'
error: ...eVs22\TESTLOFFF_ONLINE\bin\server\scriptjx2\lib\file.lua:57: unexpected symbol near '%'
error: ...eVs22\TESTLOFFF_ONLINE\bin\server\scriptjx2\lib\file.lua:57: unexpected symbol near '%'
error: ...eVs22\TESTLOFFF_ONLINE\bin\server\scriptjx2\lib\file.lua:57: unexpected symbol near '%'
error: ...eVs22\TESTLOFFF_ONLINE\bin\server\scriptjx2\lib\file.lua:57: unexpected symbol near '%'
error: ...eVs22\TESTLOFFF_ONLINE\bin\server\scriptjx2\lib\file.lua:57: unexpected symbol near '%'
error: ...eVs22\TESTLOFFF_ONLINE\bin\server\scriptjx2\lib\file.lua:57: unexpected symbol near '%'
error: ...eVs22\TESTLOFFF_ONLINE\bin\server\scriptjx2\lib\file.lua:57: unexpected symbol near '%'
error: ...eVs22\TESTLOFFF_ONLINE\bin\server\scriptjx2\lib\file.lua:57: unexpected symbol near '%'
error: ...eVs22\TESTLOFFF_ONLINE\bin\server\scriptjx2\lib\file.lua:57: unexpected symbol near '%'
error: ...eVs22\TESTLOFFF_ONLINE\bin\server\scriptjx2\lib\file.lua:57: unexpected symbol near '%'
error: ...eVs22\TESTLOFFF_ONLINE\bin\server\scriptjx2\lib\file.lua:57: unexpected symbol near '%'
error: ...eVs22\TESTLOFFF_ONLINE\bin\server\scriptjx2\lib\file.lua:57: unexpected symbol near '%'
error: ...eVs22\TESTLOFFF_ONLINE\bin\server\scriptjx2\lib\file.lua:57: unexpected symbol near '%'
error: ...eVs22\TESTLOFFF_ONLINE\bin\server\scriptjx2\lib\file.lua:57: unexpected symbol near '%'
error: ...eVs22\TESTLOFFF_ONLINE\bin\server\scriptjx2\lib\file.lua:57: unexpected symbol near '%'
error: ...eVs22\TESTLOFFF_ONLINE\bin\server\scriptjx2\lib\file.lua:57: unexpected symbol near '%'
error: ...eVs22\TESTLOFFF_ONLINE\bin\server\scriptjx2\lib\file.lua:57: unexpected symbol near '%'
error: ...eVs22\TESTLOFFF_ONLINE\bin\server\scriptjx2\lib\file.lua:57: unexpected symbol near '%'
error: ...eVs22\TESTLOFFF_ONLINE\bin\server\scriptjx2\lib\file.lua:57: unexpected symbol near '%'
error: ...eVs22\TESTLOFFF_ONLINE\bin\server\scriptjx2\lib\file.lua:57: unexpected symbol near '%'
error: ...eVs22\TESTLOFFF_ONLINE\bin\server\scriptjx2\lib\file.lua:57: unexpected symbol near '%'
error: ...eVs22\TESTLOFFF_ONLINE\bin\server\scriptjx2\lib\file.lua:57: unexpected symbol near '%'
error: ...eVs22\TESTLOFFF_ONLINE\bin\server\scriptjx2\lib\file.lua:57: unexpected symbol near '%'
error: ...eVs22\TESTLOFFF_ONLINE\bin\server\scriptjx2\lib\file.lua:57: unexpected symbol near '%'
error: ...eVs22\TESTLOFFF_ONLINE\bin\server\scriptjx2\lib\file.lua:57: unexpected symbol near '%'
error: ...eVs22\TESTLOFFF_ONLINE\bin\server\scriptjx2\lib\file.lua:57: unexpected symbol near '%'
error: ...eVs22\TESTLOFFF_ONLINE\bin\server\scriptjx2\lib\file.lua:57: unexpected symbol near '%'
error: ...eVs22\TESTLOFFF_ONLINE\bin\server\scriptjx2\lib\file.lua:57: unexpected symbol near '%'
error: ...eVs22\TESTLOFFF_ONLINE\bin\server\scriptjx2\lib\file.lua:57: unexpected symbol near '%'
error: ...eVs22\TESTLOFFF_ONLINE\bin\server\scriptjx2\lib\file.lua:57: unexpected symbol near '%'
error: ...eVs22\TESTLOFFF_ONLINE\bin\server\scriptjx2\lib\file.lua:57: unexpected symbol near '%'
error: ...eVs22\TESTLOFFF_ONLINE\bin\server\scriptjx2\lib\file.lua:57: unexpected symbol near '%'
error: ...eVs22\TESTLOFFF_ONLINE\bin\server\scriptjx2\lib\file.lua:57: unexpected symbol near '%'
error: ...eVs22\TESTLOFFF_ONLINE\bin\server\scriptjx2\lib\file.lua:57: unexpected symbol near '%'
error: ...eVs22\TESTLOFFF_ONLINE\bin\server\scriptjx2\lib\file.lua:57: unexpected symbol near '%'
error: ...eVs22\TESTLOFFF_ONLINE\bin\server\scriptjx2\lib\file.lua:57: unexpected symbol near '%'
error: ...eVs22\TESTLOFFF_ONLINE\bin\server\scriptjx2\lib\file.lua:57: unexpected symbol near '%'
error: ...eVs22\TESTLOFFF_ONLINE\bin\server\scriptjx2\lib\file.lua:57: unexpected symbol near '%'
error: ...eVs22\TESTLOFFF_ONLINE\bin\server\scriptjx2\lib\file.lua:57: unexpected symbol near '%'
error: ...eVs22\TESTLOFFF_ONLINE\bin\server\scriptjx2\lib\file.lua:57: unexpected symbol near '%'
error: ...eVs22\TESTLOFFF_ONLINE\bin\server\scriptjx2\lib\file.lua:57: unexpected symbol near '%'
error: ...eVs22\TESTLOFFF_ONLINE\bin\server\scriptjx2\lib\file.lua:57: unexpected symbol near '%'
error: ...eVs22\TESTLOFFF_ONLINE\bin\server\scriptjx2\lib\file.lua:57: unexpected symbol near '%'
error: ...eVs22\TESTLOFFF_ONLINE\bin\server\scriptjx2\lib\file.lua:57: unexpected symbol near '%'
error: ...eVs22\TESTLOFFF_ONLINE\bin\server\scriptjx2\lib\file.lua:57: unexpected symbol near '%'
error: ...eVs22\TESTLOFFF_ONLINE\bin\server\scriptjx2\lib\file.lua:57: unexpected symbol near '%'
error: ...eVs22\TESTLOFFF_ONLINE\bin\server\scriptjx2\lib\file.lua:57: unexpected symbol near '%'
error: ...eVs22\TESTLOFFF_ONLINE\bin\server\scriptjx2\lib\file.lua:57: unexpected symbol near '%'
error: ...eVs22\TESTLOFFF_ONLINE\bin\server\scriptjx2\lib\file.lua:57: unexpected symbol near '%'
error: ...eVs22\TESTLOFFF_ONLINE\bin\server\scriptjx2\lib\file.lua:57: unexpected symbol near '%'
error: ...eVs22\TESTLOFFF_ONLINE\bin\server\scriptjx2\lib\file.lua:57: unexpected symbol near '%'
error: ...eVs22\TESTLOFFF_ONLINE\bin\server\scriptjx2\lib\file.lua:57: unexpected symbol near '%'
error: ...eVs22\TESTLOFFF_ONLINE\bin\server\scriptjx2\lib\file.lua:57: unexpected symbol near '%'
error: ...eVs22\TESTLOFFF_ONLINE\bin\server\scriptjx2\lib\file.lua:57: unexpected symbol near '%'
error: ...eVs22\TESTLOFFF_ONLINE\bin\server\scriptjx2\lib\file.lua:57: unexpected symbol near '%'
error: ...eVs22\TESTLOFFF_ONLINE\bin\server\scriptjx2\lib\file.lua:57: unexpected symbol near '%'
error: ...eVs22\TESTLOFFF_ONLINE\bin\server\scriptjx2\lib\file.lua:57: unexpected symbol near '%'
error: ...eVs22\TESTLOFFF_ONLINE\bin\server\scriptjx2\lib\file.lua:57: unexpected symbol near '%'
error: ...eVs22\TESTLOFFF_ONLINE\bin\server\scriptjx2\lib\file.lua:57: unexpected symbol near '%'
error: ...eVs22\TESTLOFFF_ONLINE\bin\server\scriptjx2\lib\file.lua:57: unexpected symbol near '%'
error: ...eVs22\TESTLOFFF_ONLINE\bin\server\scriptjx2\lib\file.lua:57: unexpected symbol near '%'
error: ...eVs22\TESTLOFFF_ONLINE\bin\server\scriptjx2\lib\file.lua:57: unexpected symbol near '%'
error: ...eVs22\TESTLOFFF_ONLINE\bin\server\scriptjx2\lib\file.lua:57: unexpected symbol near '%'
error: ...eVs22\TESTLOFFF_ONLINE\bin\server\scriptjx2\lib\file.lua:57: unexpected symbol near '%'
error: ...eVs22\TESTLOFFF_ONLINE\bin\server\scriptjx2\lib\file.lua:57: unexpected symbol near '%'
error: ...eVs22\TESTLOFFF_ONLINE\bin\server\scriptjx2\lib\file.lua:57: unexpected symbol near '%'
error: ...eVs22\TESTLOFFF_ONLINE\bin\server\scriptjx2\lib\file.lua:57: unexpected symbol near '%'
error: ...eVs22\TESTLOFFF_ONLINE\bin\server\scriptjx2\lib\file.lua:57: unexpected symbol near '%'
error: ...eVs22\TESTLOFFF_ONLINE\bin\server\scriptjx2\lib\file.lua:57: unexpected symbol near '%'
error: ...eVs22\TESTLOFFF_ONLINE\bin\server\scriptjx2\lib\file.lua:57: unexpected symbol near '%'
error: ...eVs22\TESTLOFFF_ONLINE\bin\server\scriptjx2\lib\file.lua:57: unexpected symbol near '%'
error: ...eVs22\TESTLOFFF_ONLINE\bin\server\scriptjx2\lib\file.lua:57: unexpected symbol near '%'
error: ...eVs22\TESTLOFFF_ONLINE\bin\server\scriptjx2\lib\file.lua:57: unexpected symbol near '%'
error: ...eVs22\TESTLOFFF_ONLINE\bin\server\scriptjx2\lib\file.lua:57: unexpected symbol near '%'
error: ...eVs22\TESTLOFFF_ONLINE\bin\server\scriptjx2\lib\file.lua:57: unexpected symbol near '%'
error: ...eVs22\TESTLOFFF_ONLINE\bin\server\scriptjx2\lib\file.lua:57: unexpected symbol near '%'
error: ...eVs22\TESTLOFFF_ONLINE\bin\server\scriptjx2\lib\file.lua:57: unexpected symbol near '%'
error: ...eVs22\TESTLOFFF_ONLINE\bin\server\scriptjx2\lib\file.lua:57: unexpected symbol near '%'
error: ...eVs22\TESTLOFFF_ONLINE\bin\server\scriptjx2\lib\file.lua:57: unexpected symbol near '%'
error: ...eVs22\TESTLOFFF_ONLINE\bin\server\scriptjx2\lib\file.lua:57: unexpected symbol near '%'
error: ...eVs22\TESTLOFFF_ONLINE\bin\server\scriptjx2\lib\file.lua:57: unexpected symbol near '%'
error: ...eVs22\TESTLOFFF_ONLINE\bin\server\scriptjx2\lib\file.lua:57: unexpected symbol near '%'
error: ...eVs22\TESTLOFFF_ONLINE\bin\server\scriptjx2\lib\file.lua:57: unexpected symbol near '%'
error: ...eVs22\TESTLOFFF_ONLINE\bin\server\scriptjx2\lib\file.lua:57: unexpected symbol near '%'
error: ...eVs22\TESTLOFFF_ONLINE\bin\server\scriptjx2\lib\file.lua:57: unexpected symbol near '%'
error: ...eVs22\TESTLOFFF_ONLINE\bin\server\scriptjx2\lib\file.lua:57: unexpected symbol near '%'
error: ...eVs22\TESTLOFFF_ONLINE\bin\server\scriptjx2\lib\file.lua:57: unexpected symbol near '%'
error: ...eVs22\TESTLOFFF_ONLINE\bin\server\scriptjx2\lib\file.lua:57: unexpected symbol near '%'
error: ...eVs22\TESTLOFFF_ONLINE\bin\server\scriptjx2\lib\file.lua:57: unexpected symbol near '%'
error: ...eVs22\TESTLOFFF_ONLINE\bin\server\scriptjx2\lib\file.lua:57: unexpected symbol near '%'
error: ...eVs22\TESTLOFFF_ONLINE\bin\server\scriptjx2\lib\file.lua:57: unexpected symbol near '%'
error: ...eVs22\TESTLOFFF_ONLINE\bin\server\scriptjx2\lib\file.lua:57: unexpected symbol near '%'
error: ...eVs22\TESTLOFFF_ONLINE\bin\server\scriptjx2\lib\file.lua:57: unexpected symbol near '%'
error: ...eVs22\TESTLOFFF_ONLINE\bin\server\scriptjx2\lib\file.lua:57: unexpected symbol near '%'
error: ...eVs22\TESTLOFFF_ONLINE\bin\server\scriptjx2\lib\file.lua:57: unexpected symbol near '%'
error: ...eVs22\TESTLOFFF_ONLINE\bin\server\scriptjx2\lib\file.lua:57: unexpected symbol near '%'
error: ...eVs22\TESTLOFFF_ONLINE\bin\server\scriptjx2\lib\file.lua:57: unexpected symbol near '%'
error: ...eVs22\TESTLOFFF_ONLINE\bin\server\scriptjx2\lib\file.lua:57: unexpected symbol near '%'
error: ...eVs22\TESTLOFFF_ONLINE\bin\server\scriptjx2\lib\file.lua:57: unexpected symbol near '%'
error: ...eVs22\TESTLOFFF_ONLINE\bin\server\scriptjx2\lib\file.lua:57: unexpected symbol near '%'
error: ...eVs22\TESTLOFFF_ONLINE\bin\server\scriptjx2\lib\file.lua:57: unexpected symbol near '%'
error: ...eVs22\TESTLOFFF_ONLINE\bin\server\scriptjx2\lib\file.lua:57: unexpected symbol near '%'
error: ...eVs22\TESTLOFFF_ONLINE\bin\server\scriptjx2\lib\file.lua:57: unexpected symbol near '%'
error: ...eVs22\TESTLOFFF_ONLINE\bin\server\scriptjx2\lib\file.lua:57: unexpected symbol near '%'
error: ...eVs22\TESTLOFFF_ONLINE\bin\server\scriptjx2\lib\file.lua:57: unexpected symbol near '%'
error: ...eVs22\TESTLOFFF_ONLINE\bin\server\scriptjx2\lib\file.lua:57: unexpected symbol near '%'
error: ...eVs22\TESTLOFFF_ONLINE\bin\server\scriptjx2\lib\file.lua:57: unexpected symbol near '%'
error: ...eVs22\TESTLOFFF_ONLINE\bin\server\scriptjx2\lib\file.lua:57: unexpected symbol near '%'
error: ...eVs22\TESTLOFFF_ONLINE\bin\server\scriptjx2\lib\file.lua:57: unexpected symbol near '%'
error: ...eVs22\TESTLOFFF_ONLINE\bin\server\scriptjx2\lib\file.lua:57: unexpected symbol near '%'
error: ...eVs22\TESTLOFFF_ONLINE\bin\server\scriptjx2\lib\file.lua:57: unexpected symbol near '%'
error: ...eVs22\TESTLOFFF_ONLINE\bin\server\scriptjx2\lib\file.lua:57: unexpected symbol near '%'
error: ...eVs22\TESTLOFFF_ONLINE\bin\server\scriptjx2\lib\file.lua:57: unexpected symbol near '%'
error: ...eVs22\TESTLOFFF_ONLINE\bin\server\scriptjx2\lib\file.lua:57: unexpected symbol near '%'
error: ...eVs22\TESTLOFFF_ONLINE\bin\server\scriptjx2\lib\file.lua:57: unexpected symbol near '%'
error: ...eVs22\TESTLOFFF_ONLINE\bin\server\scriptjx2\lib\file.lua:57: unexpected symbol near '%'
error: ...eVs22\TESTLOFFF_ONLINE\bin\server\scriptjx2\lib\file.lua:57: unexpected symbol near '%'
error: ...eVs22\TESTLOFFF_ONLINE\bin\server\scriptjx2\lib\file.lua:57: unexpected symbol near '%'
error: ...eVs22\TESTLOFFF_ONLINE\bin\server\scriptjx2\lib\file.lua:57: unexpected symbol near '%'
error: ...eVs22\TESTLOFFF_ONLINE\bin\server\scriptjx2\lib\file.lua:57: unexpected symbol near '%'
error: ...eVs22\TESTLOFFF_ONLINE\bin\server\scriptjx2\lib\file.lua:57: unexpected symbol near '%'
error: ...eVs22\TESTLOFFF_ONLINE\bin\server\scriptjx2\lib\file.lua:57: unexpected symbol near '%'
error: ...eVs22\TESTLOFFF_ONLINE\bin\server\scriptjx2\lib\file.lua:57: unexpected symbol near '%'
error: ...eVs22\TESTLOFFF_ONLINE\bin\server\scriptjx2\lib\file.lua:57: unexpected symbol near '%'
error: ...eVs22\TESTLOFFF_ONLINE\bin\server\scriptjx2\lib\file.lua:57: unexpected symbol near '%'
error: ...eVs22\TESTLOFFF_ONLINE\bin\server\scriptjx2\lib\file.lua:57: unexpected symbol near '%'
error: ...eVs22\TESTLOFFF_ONLINE\bin\server\scriptjx2\lib\file.lua:57: unexpected symbol near '%'
error: ...eVs22\TESTLOFFF_ONLINE\bin\server\scriptjx2\lib\file.lua:57: unexpected symbol near '%'
error: ...eVs22\TESTLOFFF_ONLINE\bin\server\scriptjx2\lib\file.lua:57: unexpected symbol near '%'
error: ...eVs22\TESTLOFFF_ONLINE\bin\server\scriptjx2\lib\file.lua:57: unexpected symbol near '%'
error: ...eVs22\TESTLOFFF_ONLINE\bin\server\scriptjx2\lib\file.lua:57: unexpected symbol near '%'
error: ...eVs22\TESTLOFFF_ONLINE\bin\server\scriptjx2\lib\file.lua:57: unexpected symbol near '%'
error: ...eVs22\TESTLOFFF_ONLINE\bin\server\scriptjx2\lib\file.lua:57: unexpected symbol near '%'
error: ...eVs22\TESTLOFFF_ONLINE\bin\server\scriptjx2\lib\file.lua:57: unexpected symbol near '%'
error: ...eVs22\TESTLOFFF_ONLINE\bin\server\scriptjx2\lib\file.lua:57: unexpected symbol near '%'
error: ...eVs22\TESTLOFFF_ONLINE\bin\server\scriptjx2\lib\file.lua:57: unexpected symbol near '%'
error: ...eVs22\TESTLOFFF_ONLINE\bin\server\scriptjx2\lib\file.lua:57: unexpected symbol near '%'
error: ...eVs22\TESTLOFFF_ONLINE\bin\server\scriptjx2\lib\file.lua:57: unexpected symbol near '%'
error: ...eVs22\TESTLOFFF_ONLINE\bin\server\scriptjx2\lib\file.lua:57: unexpected symbol near '%'
error: ...eVs22\TESTLOFFF_ONLINE\bin\server\scriptjx2\lib\file.lua:57: unexpected symbol near '%'
error: ...eVs22\TESTLOFFF_ONLINE\bin\server\scriptjx2\lib\file.lua:57: unexpected symbol near '%'
error: ...eVs22\TESTLOFFF_ONLINE\bin\server\scriptjx2\lib\file.lua:57: unexpected symbol near '%'
error: ...eVs22\TESTLOFFF_ONLINE\bin\server\scriptjx2\lib\file.lua:57: unexpected symbol near '%'
error: ...eVs22\TESTLOFFF_ONLINE\bin\server\scriptjx2\lib\file.lua:57: unexpected symbol near '%'
error: ...eVs22\TESTLOFFF_ONLINE\bin\server\scriptjx2\lib\file.lua:57: unexpected symbol near '%'
error: ...eVs22\TESTLOFFF_ONLINE\bin\server\scriptjx2\lib\file.lua:57: unexpected symbol near '%'
error: ...eVs22\TESTLOFFF_ONLINE\bin\server\scriptjx2\lib\file.lua:57: unexpected symbol near '%'
error: ...eVs22\TESTLOFFF_ONLINE\bin\server\scriptjx2\lib\file.lua:57: unexpected symbol near '%'
error: ...eVs22\TESTLOFFF_ONLINE\bin\server\scriptjx2\lib\file.lua:57: unexpected symbol near '%'
error: ...eVs22\TESTLOFFF_ONLINE\bin\server\scriptjx2\lib\file.lua:57: unexpected symbol near '%'
error: ...eVs22\TESTLOFFF_ONLINE\bin\server\scriptjx2\lib\file.lua:57: unexpected symbol near '%'
error: ...eVs22\TESTLOFFF_ONLINE\bin\server\scriptjx2\lib\file.lua:57: unexpected symbol near '%'
error: ...eVs22\TESTLOFFF_ONLINE\bin\server\scriptjx2\lib\file.lua:57: unexpected symbol near '%'
error: ...eVs22\TESTLOFFF_ONLINE\bin\server\scriptjx2\lib\file.lua:57: unexpected symbol near '%'
error: ...eVs22\TESTLOFFF_ONLINE\bin\server\scriptjx2\lib\file.lua:57: unexpected symbol near '%'
error: ...eVs22\TESTLOFFF_ONLINE\bin\server\scriptjx2\lib\file.lua:57: unexpected symbol near '%'
error: ...eVs22\TESTLOFFF_ONLINE\bin\server\scriptjx2\lib\file.lua:57: unexpected symbol near '%'
