error: [string "?"]:32: attempt to call a nil value (global 'inherit')
stack traceback:
	[string "?"]:32: in main chunk
2026/09/06 17:53:18.501 	 ScriptError 4:[1] (\script\nhiemvu\partner\master\partner_master_main.lua) 

error: [string "?"]:40: attempt to call a nil value (global 'inherit')
stack traceback:
	[string "?"]:40: in main chunk
2026/09/06 17:53:18.502 	 ScriptError 4:[1] (\script\nhiemvu\partner\master\partner_master_main_01.lua) 

error: [string "?"]:36: attempt to call a nil value (global 'inherit')
stack traceback:
	[string "?"]:36: in main chunk
2026/09/06 17:53:18.503 	 ScriptError 4:[1] (\script\nhiemvu\partner\master\partner_master_main_02.lua) 

error: [string "?"]:38: attempt to call a nil value (global 'inherit')
stack traceback:
	[string "?"]:38: in main chunk
2026/09/06 17:53:18.505 	 ScriptError 4:[1] (\script\nhiemvu\partner\master\partner_master_main_03.lua) 

error: [string "?"]:37: attempt to call a nil value (global 'inherit')
stack traceback:
	[string "?"]:37: in main chunk
2026/09/06 17:53:18.506 	 ScriptError 4:[1] (\script\nhiemvu\partner\master\partner_master_main_04.lua) 

error: [string "?"]:55: attempt to call a nil value (global 'inherit')
stack traceback:
	[string "?"]:55: in main chunk
2026/09/06 17:53:18.507 	 ScriptError 4:[1] (\script\nhiemvu\partner\master\partner_master_main_05.lua) 

error: [string "?"]:32: attempt to call a nil value (global 'inherit')
stack traceback:
	[string "?"]:32: in main chunk
2026/09/06 17:54:04.853 	 ScriptError 4:[1] (\script\nhiemvu\partner\master\partner_master_main.lua) 

error: [string "?"]:40: attempt to call a nil value (global 'inherit')
stack traceback:
	[string "?"]:40: in main chunk
2026/09/06 17:54:04.855 	 ScriptError 4:[1] (\script\nhiemvu\partner\master\partner_master_main_01.lua) 

error: [string "?"]:36: attempt to call a nil value (global 'inherit')
stack traceback:
	[string "?"]:36: in main chunk
2026/09/06 17:54:04.856 	 ScriptError 4:[1] (\script\nhiemvu\partner\master\partner_master_main_02.lua) 

error: [string "?"]:38: attempt to call a nil value (global 'inherit')
stack traceback:
	[string "?"]:38: in main chunk
2026/09/06 17:54:04.857 	 ScriptError 4:[1] (\script\nhiemvu\partner\master\partner_master_main_03.lua) 

error: [string "?"]:37: attempt to call a nil value (global 'inherit')
stack traceback:
	[string "?"]:37: in main chunk
2026/09/06 17:54:04.857 	 ScriptError 4:[1] (\script\nhiemvu\partner\master\partner_master_main_04.lua) 

error: [string "?"]:55: attempt to call a nil value (global 'inherit')
stack traceback:
	[string "?"]:55: in main chunk
2026/09/06 17:54:04.859 	 ScriptError 4:[1] (\script\nhiemvu\partner\master\partner_master_main_05.lua) 

