error: [string "?"]:7: invalid escape sequence near '"\script\npcthon\npcmonphai\F'
2026/09/05 12:04:54.150 	 ScriptError 3. (\script\npcthon\npcmonphai\caibang.lua) 

2026/09/05 12:04:54.150 	 ScriptError 3. (\script\npcthon\npcmonphai\caibang.lua) 

error: [string "?"]:7: invalid escape sequence near '"\script\npcthon\npcmonphai\F'
2026/09/05 12:04:54.150 	 ScriptError 3. (\script\npcthon\npcmonphai\conlon.lua) 

2026/09/05 12:04:54.151 	 ScriptError 3. (\script\npcthon\npcmonphai\conlon.lua) 

error: [string "?"]:7: invalid escape sequence near '"\script\npcthon\npcmonphai\F'
2026/09/05 12:04:54.151 	 ScriptError 3. (\script\npcthon\npcmonphai\duongmon.lua) 

2026/09/05 12:04:54.151 	 ScriptError 3. (\script\npcthon\npcmonphai\duongmon.lua) 

error: [string "?"]:4: invalid escape sequence near '"\script\npcthon\npcmonphai\F'
2026/09/05 12:04:54.151 	 ScriptError 3. (\script\npcthon\npcmonphai\hoason.lua) 

2026/09/05 12:04:54.151 	 ScriptError 3. (\script\npcthon\npcmonphai\hoason.lua) 

error: [string "?"]:7: invalid escape sequence near '"\script\npcthon\npcmonphai\F'
2026/09/05 12:04:54.151 	 ScriptError 3. (\script\npcthon\npcmonphai\ngami.lua) 

2026/09/05 12:04:54.157 	 ScriptError 3. (\script\npcthon\npcmonphai\ngami.lua) 

error: [string "?"]:7: invalid escape sequence near '"\script\npcthon\npcmonphai\F'
2026/09/05 12:04:54.158 	 ScriptError 3. (\script\npcthon\npcmonphai\ngudoc.lua) 

2026/09/05 12:04:54.158 	 ScriptError 3. (\script\npcthon\npcmonphai\ngudoc.lua) 

error: [string "?"]:7: invalid escape sequence near '"\script\npcthon\npcmonphai\F'
2026/09/05 12:04:54.158 	 ScriptError 3. (\script\npcthon\npcmonphai\thiennhan.lua) 

2026/09/05 12:04:54.158 	 ScriptError 3. (\script\npcthon\npcmonphai\thiennhan.lua) 

error: [string "?"]:7: invalid escape sequence near '"\script\npcthon\npcmonphai\F'
2026/09/05 12:04:54.158 	 ScriptError 3. (\script\npcthon\npcmonphai\thienvuong.lua) 

2026/09/05 12:04:54.158 	 ScriptError 3. (\script\npcthon\npcmonphai\thienvuong.lua) 

error: [string "?"]:7: invalid escape sequence near '"\script\npcthon\npcmonphai\F'
2026/09/05 12:04:54.158 	 ScriptError 3. (\script\npcthon\npcmonphai\thieulam.lua) 

2026/09/05 12:04:54.158 	 ScriptError 3. (\script\npcthon\npcmonphai\thieulam.lua) 

error: [string "?"]:7: invalid escape sequence near '"\script\npcthon\npcmonphai\F'
2026/09/05 12:04:54.158 	 ScriptError 3. (\script\npcthon\npcmonphai\thuyyen.lua) 

2026/09/05 12:04:54.158 	 ScriptError 3. (\script\npcthon\npcmonphai\thuyyen.lua) 

error: [string "?"]:4: invalid escape sequence near '"\script\npcthon\npcmonphai\F'
2026/09/05 12:04:54.158 	 ScriptError 3. (\script\npcthon\npcmonphai\tieudao.lua) 

2026/09/05 12:04:54.158 	 ScriptError 3. (\script\npcthon\npcmonphai\tieudao.lua) 

error: [string "?"]:7: invalid escape sequence near '"\script\npcthon\npcmonphai\F'
2026/09/05 12:04:54.158 	 ScriptError 3. (\script\npcthon\npcmonphai\vodang.lua) 

2026/09/05 12:04:54.158 	 ScriptError 3. (\script\npcthon\npcmonphai\vodang.lua) 

error: [string "?"]:4: invalid escape sequence near '"\script\npcthon\npcmonphai\F'
2026/09/05 12:04:54.174 	 ScriptError 3. (\script\npcthon\npcmonphai\vuhon.lua) 

2026/09/05 12:04:54.174 	 ScriptError 3. (\script\npcthon\npcmonphai\vuhon.lua) 

error: [string "?"]:7: invalid escape sequence near '"\script\npcthon\npcmonphai\F'
2026/09/05 12:22:40.082 	 ScriptError 3. (\script\npcthon\npcmonphai\caibang.lua) 

2026/09/05 12:22:40.085 	 ScriptError 3. (\script\npcthon\npcmonphai\caibang.lua) 

error: [string "?"]:7: invalid escape sequence near '"\script\npcthon\npcmonphai\F'
2026/09/05 12:22:40.086 	 ScriptError 3. (\script\npcthon\npcmonphai\conlon.lua) 

2026/09/05 12:22:40.086 	 ScriptError 3. (\script\npcthon\npcmonphai\conlon.lua) 

error: [string "?"]:7: invalid escape sequence near '"\script\npcthon\npcmonphai\F'
2026/09/05 12:22:40.087 	 ScriptError 3. (\script\npcthon\npcmonphai\duongmon.lua) 

2026/09/05 12:22:40.087 	 ScriptError 3. (\script\npcthon\npcmonphai\duongmon.lua) 

error: [string "?"]:4: invalid escape sequence near '"\script\npcthon\npcmonphai\F'
2026/09/05 12:22:40.089 	 ScriptError 3. (\script\npcthon\npcmonphai\hoason.lua) 

2026/09/05 12:22:40.089 	 ScriptError 3. (\script\npcthon\npcmonphai\hoason.lua) 

error: [string "?"]:7: invalid escape sequence near '"\script\npcthon\npcmonphai\F'
2026/09/05 12:22:40.091 	 ScriptError 3. (\script\npcthon\npcmonphai\ngami.lua) 

2026/09/05 12:22:40.091 	 ScriptError 3. (\script\npcthon\npcmonphai\ngami.lua) 

error: [string "?"]:7: invalid escape sequence near '"\script\npcthon\npcmonphai\F'
2026/09/05 12:22:40.092 	 ScriptError 3. (\script\npcthon\npcmonphai\ngudoc.lua) 

2026/09/05 12:22:40.092 	 ScriptError 3. (\script\npcthon\npcmonphai\ngudoc.lua) 

error: [string "?"]:7: invalid escape sequence near '"\script\npcthon\npcmonphai\F'
2026/09/05 12:22:40.094 	 ScriptError 3. (\script\npcthon\npcmonphai\thiennhan.lua) 

2026/09/05 12:22:40.094 	 ScriptError 3. (\script\npcthon\npcmonphai\thiennhan.lua) 

error: [string "?"]:7: invalid escape sequence near '"\script\npcthon\npcmonphai\F'
2026/09/05 12:22:40.095 	 ScriptError 3. (\script\npcthon\npcmonphai\thienvuong.lua) 

2026/09/05 12:22:40.096 	 ScriptError 3. (\script\npcthon\npcmonphai\thienvuong.lua) 

error: [string "?"]:7: invalid escape sequence near '"\script\npcthon\npcmonphai\F'
2026/09/05 12:22:40.096 	 ScriptError 3. (\script\npcthon\npcmonphai\thieulam.lua) 

2026/09/05 12:22:40.098 	 ScriptError 3. (\script\npcthon\npcmonphai\thieulam.lua) 

error: [string "?"]:7: invalid escape sequence near '"\script\npcthon\npcmonphai\F'
2026/09/05 12:22:40.099 	 ScriptError 3. (\script\npcthon\npcmonphai\thuyyen.lua) 

2026/09/05 12:22:40.102 	 ScriptError 3. (\script\npcthon\npcmonphai\thuyyen.lua) 

error: [string "?"]:4: invalid escape sequence near '"\script\npcthon\npcmonphai\F'
2026/09/05 12:22:40.102 	 ScriptError 3. (\script\npcthon\npcmonphai\tieudao.lua) 

2026/09/05 12:22:40.103 	 ScriptError 3. (\script\npcthon\npcmonphai\tieudao.lua) 

error: [string "?"]:7: invalid escape sequence near '"\script\npcthon\npcmonphai\F'
2026/09/05 12:22:40.104 	 ScriptError 3. (\script\npcthon\npcmonphai\vodang.lua) 

2026/09/05 12:22:40.104 	 ScriptError 3. (\script\npcthon\npcmonphai\vodang.lua) 

error: [string "?"]:4: invalid escape sequence near '"\script\npcthon\npcmonphai\F'
2026/09/05 12:22:40.104 	 ScriptError 3. (\script\npcthon\npcmonphai\vuhon.lua) 

2026/09/05 12:22:40.106 	 ScriptError 3. (\script\npcthon\npcmonphai\vuhon.lua) 

error: [string "?"]:7: invalid escape sequence near '"\script\npcthon\npcmonphai\F'
2026/09/05 12:25:00.989 	 ScriptError 3. (\script\npcthon\npcmonphai\caibang.lua) 

2026/09/05 12:25:00.989 	 ScriptError 3. (\script\npcthon\npcmonphai\caibang.lua) 

error: [string "?"]:7: invalid escape sequence near '"\script\npcthon\npcmonphai\F'
2026/09/05 12:25:00.990 	 ScriptError 3. (\script\npcthon\npcmonphai\conlon.lua) 

2026/09/05 12:25:00.990 	 ScriptError 3. (\script\npcthon\npcmonphai\conlon.lua) 

error: [string "?"]:7: invalid escape sequence near '"\script\npcthon\npcmonphai\F'
2026/09/05 12:25:00.990 	 ScriptError 3. (\script\npcthon\npcmonphai\duongmon.lua) 

2026/09/05 12:25:00.990 	 ScriptError 3. (\script\npcthon\npcmonphai\duongmon.lua) 

error: [string "?"]:4: invalid escape sequence near '"\script\npcthon\npcmonphai\F'
2026/09/05 12:25:00.991 	 ScriptError 3. (\script\npcthon\npcmonphai\hoason.lua) 

2026/09/05 12:25:00.993 	 ScriptError 3. (\script\npcthon\npcmonphai\hoason.lua) 

error: [string "?"]:7: invalid escape sequence near '"\script\npcthon\npcmonphai\F'
2026/09/05 12:25:00.993 	 ScriptError 3. (\script\npcthon\npcmonphai\ngami.lua) 

2026/09/05 12:25:00.993 	 ScriptError 3. (\script\npcthon\npcmonphai\ngami.lua) 

error: [string "?"]:7: invalid escape sequence near '"\script\npcthon\npcmonphai\F'
2026/09/05 12:25:00.994 	 ScriptError 3. (\script\npcthon\npcmonphai\ngudoc.lua) 

2026/09/05 12:25:00.995 	 ScriptError 3. (\script\npcthon\npcmonphai\ngudoc.lua) 

error: [string "?"]:7: invalid escape sequence near '"\script\npcthon\npcmonphai\F'
2026/09/05 12:25:00.995 	 ScriptError 3. (\script\npcthon\npcmonphai\thiennhan.lua) 

2026/09/05 12:25:00.996 	 ScriptError 3. (\script\npcthon\npcmonphai\thiennhan.lua) 

error: [string "?"]:7: invalid escape sequence near '"\script\npcthon\npcmonphai\F'
2026/09/05 12:25:00.996 	 ScriptError 3. (\script\npcthon\npcmonphai\thienvuong.lua) 

2026/09/05 12:25:00.996 	 ScriptError 3. (\script\npcthon\npcmonphai\thienvuong.lua) 

error: [string "?"]:7: invalid escape sequence near '"\script\npcthon\npcmonphai\F'
2026/09/05 12:25:00.997 	 ScriptError 3. (\script\npcthon\npcmonphai\thieulam.lua) 

2026/09/05 12:25:00.997 	 ScriptError 3. (\script\npcthon\npcmonphai\thieulam.lua) 

error: [string "?"]:7: invalid escape sequence near '"\script\npcthon\npcmonphai\F'
2026/09/05 12:25:00.998 	 ScriptError 3. (\script\npcthon\npcmonphai\thuyyen.lua) 

2026/09/05 12:25:00.998 	 ScriptError 3. (\script\npcthon\npcmonphai\thuyyen.lua) 

error: [string "?"]:4: invalid escape sequence near '"\script\npcthon\npcmonphai\F'
2026/09/05 12:25:00.999 	 ScriptError 3. (\script\npcthon\npcmonphai\tieudao.lua) 

2026/09/05 12:25:00.999 	 ScriptError 3. (\script\npcthon\npcmonphai\tieudao.lua) 

error: [string "?"]:7: invalid escape sequence near '"\script\npcthon\npcmonphai\F'
2026/09/05 12:25:01.000 	 ScriptError 3. (\script\npcthon\npcmonphai\vodang.lua) 

2026/09/05 12:25:01.000 	 ScriptError 3. (\script\npcthon\npcmonphai\vodang.lua) 

error: [string "?"]:4: invalid escape sequence near '"\script\npcthon\npcmonphai\F'
2026/09/05 12:25:01.000 	 ScriptError 3. (\script\npcthon\npcmonphai\vuhon.lua) 

2026/09/05 12:25:01.002 	 ScriptError 3. (\script\npcthon\npcmonphai\vuhon.lua) 

