error: ..._ONLINE\bin\server\script\activitysys\activitydetail.lua:106: unexpected symbol near '%'
error: ...\TESTLOFFF_ONLINE\bin\server\script\misc\taskmanager.lua:340: unexpected symbol near '%'
error: ...ourceVs22\TESTLOFFF_ONLINE\bin\server\script\lib\log.lua:94: unexpected symbol near '%'
error: ...ourceVs22\TESTLOFFF_ONLINE\bin\server\script\lib\log.lua:94: unexpected symbol near '%'
error: ...ourceVs22\TESTLOFFF_ONLINE\bin\server\script\lib\log.lua:94: unexpected symbol near '%'
error: ...TLOFFF_ONLINE\bin\server\script\activitysys\activity.lua:24: attempt to call a table value (for iterator 'for iterator')
stack traceback:
	...TLOFFF_ONLINE\bin\server\script\activitysys\activity.lua:24: in method 'new'
	..._ONLINE\bin\server\script\activitysys\config\32\head.lua:2: in main chunk
	[C]: in function 'Include'
	[string "?"]:1: in main chunk
error: ...s22\TESTLOFFF_ONLINE\bin\server\script\lib\baseclass.lua:26: unexpected symbol near '%'
error: ...eVs22\TESTLOFFF_ONLINE\bin\server\scriptjx2\lib\file.lua:57: unexpected symbol near '%'
error: [string "?"]:7: attempt to index a nil value (global 'tbBaseClass')
stack traceback:
	[string "?"]:7: in main chunk
2026/09/05 12:04:51.955 	 ScriptError 4:[1] (\script\activitysys\config\32\dailytask.lua) 

error: ..._ONLINE\bin\server\script\activitysys\activitydetail.lua:106: unexpected symbol near '%'
error: ...\TESTLOFFF_ONLINE\bin\server\script\misc\taskmanager.lua:340: unexpected symbol near '%'
error: ...ourceVs22\TESTLOFFF_ONLINE\bin\server\script\lib\log.lua:94: unexpected symbol near '%'
error: ...ourceVs22\TESTLOFFF_ONLINE\bin\server\script\lib\log.lua:94: unexpected symbol near '%'
error: ...ourceVs22\TESTLOFFF_ONLINE\bin\server\script\lib\log.lua:94: unexpected symbol near '%'
error: ...TLOFFF_ONLINE\bin\server\script\activitysys\activity.lua:24: attempt to call a table value (for iterator 'for iterator')
stack traceback:
	...TLOFFF_ONLINE\bin\server\script\activitysys\activity.lua:24: in method 'new'
	[string "?"]:2: in main chunk
2026/09/05 12:04:51.957 	 ScriptError 4:[1] (\script\activitysys\config\32\head.lua) 

error: ..._ONLINE\bin\server\script\activitysys\activitydetail.lua:106: unexpected symbol near '%'
error: ...\TESTLOFFF_ONLINE\bin\server\script\misc\taskmanager.lua:340: unexpected symbol near '%'
error: ...ourceVs22\TESTLOFFF_ONLINE\bin\server\script\lib\log.lua:94: unexpected symbol near '%'
error: ...ourceVs22\TESTLOFFF_ONLINE\bin\server\script\lib\log.lua:94: unexpected symbol near '%'
error: ...ourceVs22\TESTLOFFF_ONLINE\bin\server\script\lib\log.lua:94: unexpected symbol near '%'
error: ...TLOFFF_ONLINE\bin\server\script\activitysys\activity.lua:24: attempt to call a table value (for iterator 'for iterator')
stack traceback:
	...TLOFFF_ONLINE\bin\server\script\activitysys\activity.lua:24: in method 'new'
	..._ONLINE\bin\server\script\activitysys\config\32\head.lua:2: in main chunk
	[C]: in function 'Include'
	...NE\bin\server\script\activitysys\config\32\dailytask.lua:1: in main chunk
	[C]: in function 'Include'
	[string "?"]:1: in main chunk
error: ...s22\TESTLOFFF_ONLINE\bin\server\script\lib\baseclass.lua:26: unexpected symbol near '%'
error: ...eVs22\TESTLOFFF_ONLINE\bin\server\scriptjx2\lib\file.lua:57: unexpected symbol near '%'
error: ...NE\bin\server\script\activitysys\config\32\dailytask.lua:7: attempt to index a nil value (global 'tbBaseClass')
stack traceback:
	...NE\bin\server\script\activitysys\config\32\dailytask.lua:7: in main chunk
	[C]: in function 'Include'
	[string "?"]:1: in main chunk
error: [string "?"]:3: attempt to index a nil value (global 'tbDailyTask')
stack traceback:
	[string "?"]:3: in main chunk
2026/09/05 12:04:51.957 	 ScriptError 4:[1] (\script\activitysys\config\32\talkdailytask.lua) 

error: ..._ONLINE\bin\server\script\activitysys\activitydetail.lua:106: unexpected symbol near '%'
error: ...\TESTLOFFF_ONLINE\bin\server\script\misc\taskmanager.lua:340: unexpected symbol near '%'
error: ...ourceVs22\TESTLOFFF_ONLINE\bin\server\script\lib\log.lua:94: unexpected symbol near '%'
error: ...ourceVs22\TESTLOFFF_ONLINE\bin\server\script\lib\log.lua:94: unexpected symbol near '%'
error: ...ourceVs22\TESTLOFFF_ONLINE\bin\server\script\lib\log.lua:94: unexpected symbol near '%'
error: ...TLOFFF_ONLINE\bin\server\script\activitysys\activity.lua:24: attempt to call a table value (for iterator 'for iterator')
stack traceback:
	...TLOFFF_ONLINE\bin\server\script\activitysys\activity.lua:24: in method 'new'
	..._ONLINE\bin\server\script\activitysys\config\32\head.lua:2: in main chunk
	[C]: in function 'Include'
	[string "?"]:1: in main chunk
error: ...s22\TESTLOFFF_ONLINE\bin\server\script\lib\baseclass.lua:26: unexpected symbol near '%'
error: ...eVs22\TESTLOFFF_ONLINE\bin\server\scriptjx2\lib\file.lua:57: unexpected symbol near '%'
error: [string "?"]:7: attempt to index a nil value (global 'tbBaseClass')
stack traceback:
	[string "?"]:7: in main chunk
2026/09/05 12:22:38.275 	 ScriptError 4:[1] (\script\activitysys\config\32\dailytask.lua) 

error: ..._ONLINE\bin\server\script\activitysys\activitydetail.lua:106: unexpected symbol near '%'
error: ...\TESTLOFFF_ONLINE\bin\server\script\misc\taskmanager.lua:340: unexpected symbol near '%'
error: ...ourceVs22\TESTLOFFF_ONLINE\bin\server\script\lib\log.lua:94: unexpected symbol near '%'
error: ...ourceVs22\TESTLOFFF_ONLINE\bin\server\script\lib\log.lua:94: unexpected symbol near '%'
error: ...ourceVs22\TESTLOFFF_ONLINE\bin\server\script\lib\log.lua:94: unexpected symbol near '%'
error: ...TLOFFF_ONLINE\bin\server\script\activitysys\activity.lua:24: attempt to call a table value (for iterator 'for iterator')
stack traceback:
	...TLOFFF_ONLINE\bin\server\script\activitysys\activity.lua:24: in method 'new'
	[string "?"]:2: in main chunk
2026/09/05 12:22:38.277 	 ScriptError 4:[1] (\script\activitysys\config\32\head.lua) 

error: ..._ONLINE\bin\server\script\activitysys\activitydetail.lua:106: unexpected symbol near '%'
error: ...\TESTLOFFF_ONLINE\bin\server\script\misc\taskmanager.lua:340: unexpected symbol near '%'
error: ...ourceVs22\TESTLOFFF_ONLINE\bin\server\script\lib\log.lua:94: unexpected symbol near '%'
error: ...ourceVs22\TESTLOFFF_ONLINE\bin\server\script\lib\log.lua:94: unexpected symbol near '%'
error: ...ourceVs22\TESTLOFFF_ONLINE\bin\server\script\lib\log.lua:94: unexpected symbol near '%'
error: ...TLOFFF_ONLINE\bin\server\script\activitysys\activity.lua:24: attempt to call a table value (for iterator 'for iterator')
stack traceback:
	...TLOFFF_ONLINE\bin\server\script\activitysys\activity.lua:24: in method 'new'
	..._ONLINE\bin\server\script\activitysys\config\32\head.lua:2: in main chunk
	[C]: in function 'Include'
	...NE\bin\server\script\activitysys\config\32\dailytask.lua:1: in main chunk
	[C]: in function 'Include'
	[string "?"]:1: in main chunk
error: ...s22\TESTLOFFF_ONLINE\bin\server\script\lib\baseclass.lua:26: unexpected symbol near '%'
error: ...eVs22\TESTLOFFF_ONLINE\bin\server\scriptjx2\lib\file.lua:57: unexpected symbol near '%'
error: ...NE\bin\server\script\activitysys\config\32\dailytask.lua:7: attempt to index a nil value (global 'tbBaseClass')
stack traceback:
	...NE\bin\server\script\activitysys\config\32\dailytask.lua:7: in main chunk
	[C]: in function 'Include'
	[string "?"]:1: in main chunk
error: [string "?"]:3: attempt to index a nil value (global 'tbDailyTask')
stack traceback:
	[string "?"]:3: in main chunk
2026/09/05 12:22:38.281 	 ScriptError 4:[1] (\script\activitysys\config\32\talkdailytask.lua) 

error: ..._ONLINE\bin\server\script\activitysys\activitydetail.lua:106: unexpected symbol near '%'
error: ...\TESTLOFFF_ONLINE\bin\server\script\misc\taskmanager.lua:340: unexpected symbol near '%'
error: ...ourceVs22\TESTLOFFF_ONLINE\bin\server\script\lib\log.lua:94: unexpected symbol near '%'
error: ...ourceVs22\TESTLOFFF_ONLINE\bin\server\script\lib\log.lua:94: unexpected symbol near '%'
error: ...ourceVs22\TESTLOFFF_ONLINE\bin\server\script\lib\log.lua:94: unexpected symbol near '%'
error: ...TLOFFF_ONLINE\bin\server\script\activitysys\activity.lua:24: attempt to call a table value (for iterator 'for iterator')
stack traceback:
	...TLOFFF_ONLINE\bin\server\script\activitysys\activity.lua:24: in method 'new'
	..._ONLINE\bin\server\script\activitysys\config\32\head.lua:2: in main chunk
	[C]: in function 'Include'
	[string "?"]:1: in main chunk
error: ...s22\TESTLOFFF_ONLINE\bin\server\script\lib\baseclass.lua:26: unexpected symbol near '%'
error: ...eVs22\TESTLOFFF_ONLINE\bin\server\scriptjx2\lib\file.lua:57: unexpected symbol near '%'
error: [string "?"]:7: attempt to index a nil value (global 'tbBaseClass')
stack traceback:
	[string "?"]:7: in main chunk
2026/09/05 12:24:59.190 	 ScriptError 4:[1] (\script\activitysys\config\32\dailytask.lua) 

error: ..._ONLINE\bin\server\script\activitysys\activitydetail.lua:106: unexpected symbol near '%'
error: ...\TESTLOFFF_ONLINE\bin\server\script\misc\taskmanager.lua:340: unexpected symbol near '%'
error: ...ourceVs22\TESTLOFFF_ONLINE\bin\server\script\lib\log.lua:94: unexpected symbol near '%'
error: ...ourceVs22\TESTLOFFF_ONLINE\bin\server\script\lib\log.lua:94: unexpected symbol near '%'
error: ...ourceVs22\TESTLOFFF_ONLINE\bin\server\script\lib\log.lua:94: unexpected symbol near '%'
error: ...TLOFFF_ONLINE\bin\server\script\activitysys\activity.lua:24: attempt to call a table value (for iterator 'for iterator')
stack traceback:
	...TLOFFF_ONLINE\bin\server\script\activitysys\activity.lua:24: in method 'new'
	[string "?"]:2: in main chunk
2026/09/05 12:24:59.193 	 ScriptError 4:[1] (\script\activitysys\config\32\head.lua) 

error: ..._ONLINE\bin\server\script\activitysys\activitydetail.lua:106: unexpected symbol near '%'
error: ...\TESTLOFFF_ONLINE\bin\server\script\misc\taskmanager.lua:340: unexpected symbol near '%'
error: ...ourceVs22\TESTLOFFF_ONLINE\bin\server\script\lib\log.lua:94: unexpected symbol near '%'
error: ...ourceVs22\TESTLOFFF_ONLINE\bin\server\script\lib\log.lua:94: unexpected symbol near '%'
error: ...ourceVs22\TESTLOFFF_ONLINE\bin\server\script\lib\log.lua:94: unexpected symbol near '%'
error: ...TLOFFF_ONLINE\bin\server\script\activitysys\activity.lua:24: attempt to call a table value (for iterator 'for iterator')
stack traceback:
	...TLOFFF_ONLINE\bin\server\script\activitysys\activity.lua:24: in method 'new'
	..._ONLINE\bin\server\script\activitysys\config\32\head.lua:2: in main chunk
	[C]: in function 'Include'
	...NE\bin\server\script\activitysys\config\32\dailytask.lua:1: in main chunk
	[C]: in function 'Include'
	[string "?"]:1: in main chunk
error: ...s22\TESTLOFFF_ONLINE\bin\server\script\lib\baseclass.lua:26: unexpected symbol near '%'
error: ...eVs22\TESTLOFFF_ONLINE\bin\server\scriptjx2\lib\file.lua:57: unexpected symbol near '%'
error: ...NE\bin\server\script\activitysys\config\32\dailytask.lua:7: attempt to index a nil value (global 'tbBaseClass')
stack traceback:
	...NE\bin\server\script\activitysys\config\32\dailytask.lua:7: in main chunk
	[C]: in function 'Include'
	[string "?"]:1: in main chunk
error: [string "?"]:3: attempt to index a nil value (global 'tbDailyTask')
stack traceback:
	[string "?"]:3: in main chunk
2026/09/05 12:24:59.196 	 ScriptError 4:[1] (\script\activitysys\config\32\talkdailytask.lua) 

error: ...eVs22\TESTLOFFF_ONLINE\bin\server\scriptjx2\lib\file.lua:57: unexpected symbol near '%'
error: ...eVs22\TESTLOFFF_ONLINE\bin\server\scriptjx2\lib\file.lua:57: unexpected symbol near '%'
error: ...eVs22\TESTLOFFF_ONLINE\bin\server\scriptjx2\lib\file.lua:57: unexpected symbol near '%'
error: ...eVs22\TESTLOFFF_ONLINE\bin\server\scriptjx2\lib\file.lua:57: unexpected symbol near '%'
error: ...eVs22\TESTLOFFF_ONLINE\bin\server\scriptjx2\lib\file.lua:57: unexpected symbol near '%'
error: ...eVs22\TESTLOFFF_ONLINE\bin\server\scriptjx2\lib\file.lua:57: unexpected symbol near '%'
error: ...eVs22\TESTLOFFF_ONLINE\bin\server\scriptjx2\lib\file.lua:57: unexpected symbol near '%'
error: ...eVs22\TESTLOFFF_ONLINE\bin\server\scriptjx2\lib\file.lua:57: unexpected symbol near '%'
error: ...eVs22\TESTLOFFF_ONLINE\bin\server\scriptjx2\lib\file.lua:57: unexpected symbol near '%'
error: ...eVs22\TESTLOFFF_ONLINE\bin\server\scriptjx2\lib\file.lua:57: unexpected symbol near '%'
error: ...eVs22\TESTLOFFF_ONLINE\bin\server\scriptjx2\lib\file.lua:57: unexpected symbol near '%'
error: ...eVs22\TESTLOFFF_ONLINE\bin\server\scriptjx2\lib\file.lua:57: unexpected symbol near '%'
error: ...eVs22\TESTLOFFF_ONLINE\bin\server\scriptjx2\lib\file.lua:57: unexpected symbol near '%'
error: ...eVs22\TESTLOFFF_ONLINE\bin\server\scriptjx2\lib\file.lua:57: unexpected symbol near '%'
error: ...eVs22\TESTLOFFF_ONLINE\bin\server\scriptjx2\lib\file.lua:57: unexpected symbol near '%'
error: ...eVs22\TESTLOFFF_ONLINE\bin\server\scriptjx2\lib\file.lua:57: unexpected symbol near '%'
error: ...eVs22\TESTLOFFF_ONLINE\bin\server\scriptjx2\lib\file.lua:57: unexpected symbol near '%'
error: ...eVs22\TESTLOFFF_ONLINE\bin\server\scriptjx2\lib\file.lua:57: unexpected symbol near '%'
error: ...eVs22\TESTLOFFF_ONLINE\bin\server\scriptjx2\lib\file.lua:57: unexpected symbol near '%'
error: ...eVs22\TESTLOFFF_ONLINE\bin\server\scriptjx2\lib\file.lua:57: unexpected symbol near '%'
error: ...eVs22\TESTLOFFF_ONLINE\bin\server\scriptjx2\lib\file.lua:57: unexpected symbol near '%'
error: ...eVs22\TESTLOFFF_ONLINE\bin\server\scriptjx2\lib\file.lua:57: unexpected symbol near '%'
error: ...eVs22\TESTLOFFF_ONLINE\bin\server\scriptjx2\lib\file.lua:57: unexpected symbol near '%'
error: ...eVs22\TESTLOFFF_ONLINE\bin\server\scriptjx2\lib\file.lua:57: unexpected symbol near '%'
error: ...eVs22\TESTLOFFF_ONLINE\bin\server\scriptjx2\lib\file.lua:57: unexpected symbol near '%'
error: ...eVs22\TESTLOFFF_ONLINE\bin\server\scriptjx2\lib\file.lua:57: unexpected symbol near '%'
error: ...eVs22\TESTLOFFF_ONLINE\bin\server\scriptjx2\lib\file.lua:57: unexpected symbol near '%'
error: ...eVs22\TESTLOFFF_ONLINE\bin\server\scriptjx2\lib\file.lua:57: unexpected symbol near '%'
error: ...eVs22\TESTLOFFF_ONLINE\bin\server\scriptjx2\lib\file.lua:57: unexpected symbol near '%'
error: ...eVs22\TESTLOFFF_ONLINE\bin\server\scriptjx2\lib\file.lua:57: unexpected symbol near '%'
error: ...eVs22\TESTLOFFF_ONLINE\bin\server\scriptjx2\lib\file.lua:57: unexpected symbol near '%'
error: ...eVs22\TESTLOFFF_ONLINE\bin\server\scriptjx2\lib\file.lua:57: unexpected symbol near '%'
error: ...eVs22\TESTLOFFF_ONLINE\bin\server\scriptjx2\lib\file.lua:57: unexpected symbol near '%'
error: ...eVs22\TESTLOFFF_ONLINE\bin\server\scriptjx2\lib\file.lua:57: unexpected symbol near '%'
error: ...eVs22\TESTLOFFF_ONLINE\bin\server\scriptjx2\lib\file.lua:57: unexpected symbol near '%'
error: ...eVs22\TESTLOFFF_ONLINE\bin\server\scriptjx2\lib\file.lua:57: unexpected symbol near '%'
error: ...eVs22\TESTLOFFF_ONLINE\bin\server\scriptjx2\lib\file.lua:57: unexpected symbol near '%'
error: ...eVs22\TESTLOFFF_ONLINE\bin\server\scriptjx2\lib\file.lua:57: unexpected symbol near '%'
error: ...eVs22\TESTLOFFF_ONLINE\bin\server\scriptjx2\lib\file.lua:57: unexpected symbol near '%'
error: ...eVs22\TESTLOFFF_ONLINE\bin\server\scriptjx2\lib\file.lua:57: unexpected symbol near '%'
error: ...eVs22\TESTLOFFF_ONLINE\bin\server\scriptjx2\lib\file.lua:57: unexpected symbol near '%'
error: ...eVs22\TESTLOFFF_ONLINE\bin\server\scriptjx2\lib\file.lua:57: unexpected symbol near '%'
error: ...eVs22\TESTLOFFF_ONLINE\bin\server\scriptjx2\lib\file.lua:57: unexpected symbol near '%'
error: ...eVs22\TESTLOFFF_ONLINE\bin\server\scriptjx2\lib\file.lua:57: unexpected symbol near '%'
