error: [string "?"]:49: unexpected symbol near '%'
2026/09/05 12:04:54.192 	 ScriptError 3. (\script\petsys\bikip.lua) 

2026/09/05 12:04:54.192 	 ScriptError 3. (\script\petsys\bikip.lua) 

error: ...OFFF_ONLINE\bin\server\script\misc\eventsys\eventsys.lua:11: attempt to call a table value (for iterator 'for iterator')
stack traceback:
	...OFFF_ONLINE\bin\server\script\misc\eventsys\eventsys.lua:11: in method 'NewType'
	...F_ONLINE\bin\server\script\misc\eventsys\type\player.lua:3: in main chunk
	[C]: in function 'Include'
	...eVs22\TESTLOFFF_ONLINE\bin\server\script\petsys\head.lua:11: in main chunk
	[C]: in function 'Include'
	[string "?"]:1: in main chunk
error: ...FF_ONLINE\bin\server\script\activitysys\playerfunlib.lua:708: unexpected symbol near '%'
error: ...ourceVs22\TESTLOFFF_ONLINE\bin\server\script\lib\log.lua:94: unexpected symbol near '%'
error: ...ourceVs22\TESTLOFFF_ONLINE\bin\server\script\lib\log.lua:94: unexpected symbol near '%'
error: ...ourceVs22\TESTLOFFF_ONLINE\bin\server\script\lib\log.lua:94: unexpected symbol near '%'
error: [string "?"]:11: unexpected symbol near '%'
2026/09/05 12:04:54.204 	 ScriptError 3. (\script\petsys\delete.lua) 

2026/09/05 12:04:54.204 	 ScriptError 3. (\script\petsys\delete.lua) 

error: [string "?"]:9: unexpected symbol near '%'
2026/09/05 12:04:54.204 	 ScriptError 3. (\script\petsys\feature.lua) 

2026/09/05 12:04:54.204 	 ScriptError 3. (\script\petsys\feature.lua) 

error: ...OFFF_ONLINE\bin\server\script\misc\eventsys\eventsys.lua:11: attempt to call a table value (for iterator 'for iterator')
stack traceback:
	...OFFF_ONLINE\bin\server\script\misc\eventsys\eventsys.lua:11: in method 'NewType'
	...F_ONLINE\bin\server\script\misc\eventsys\type\player.lua:3: in main chunk
	[C]: in function 'Include'
	...eVs22\TESTLOFFF_ONLINE\bin\server\script\petsys\head.lua:11: in main chunk
	[C]: in function 'Include'
	[string "?"]:1: in main chunk
error: ...FF_ONLINE\bin\server\script\activitysys\playerfunlib.lua:708: unexpected symbol near '%'
error: ...ourceVs22\TESTLOFFF_ONLINE\bin\server\script\lib\log.lua:94: unexpected symbol near '%'
error: ...ourceVs22\TESTLOFFF_ONLINE\bin\server\script\lib\log.lua:94: unexpected symbol near '%'
error: ...ourceVs22\TESTLOFFF_ONLINE\bin\server\script\lib\log.lua:94: unexpected symbol near '%'
error: ...OFFF_ONLINE\bin\server\script\misc\eventsys\eventsys.lua:11: attempt to call a table value (for iterator 'for iterator')
stack traceback:
	...OFFF_ONLINE\bin\server\script\misc\eventsys\eventsys.lua:11: in method 'NewType'
	...F_ONLINE\bin\server\script\misc\eventsys\type\player.lua:3: in main chunk
	[C]: in function 'Include'
	[string "?"]:11: in main chunk
error: ...FF_ONLINE\bin\server\script\activitysys\playerfunlib.lua:708: unexpected symbol near '%'
error: ...ourceVs22\TESTLOFFF_ONLINE\bin\server\script\lib\log.lua:94: unexpected symbol near '%'
error: ...ourceVs22\TESTLOFFF_ONLINE\bin\server\script\lib\log.lua:94: unexpected symbol near '%'
error: ...ourceVs22\TESTLOFFF_ONLINE\bin\server\script\lib\log.lua:94: unexpected symbol near '%'
error: [string "?"]:30: unexpected symbol near '%'
2026/09/05 12:04:54.208 	 ScriptError 3. (\script\petsys\levelup.lua) 

2026/09/05 12:04:54.208 	 ScriptError 3. (\script\petsys\levelup.lua) 

error: [string "?"]:10: unexpected symbol near '%'
2026/09/05 12:04:54.215 	 ScriptError 3. (\script\petsys\name.lua) 

2026/09/05 12:04:54.215 	 ScriptError 3. (\script\petsys\name.lua) 

error: ...OFFF_ONLINE\bin\server\script\misc\eventsys\eventsys.lua:11: attempt to call a table value (for iterator 'for iterator')
stack traceback:
	...OFFF_ONLINE\bin\server\script\misc\eventsys\eventsys.lua:11: in method 'NewType'
	...F_ONLINE\bin\server\script\misc\eventsys\type\player.lua:3: in main chunk
	[C]: in function 'Include'
	...eVs22\TESTLOFFF_ONLINE\bin\server\script\petsys\head.lua:11: in main chunk
	[C]: in function 'Include'
	[string "?"]:1: in main chunk
error: ...FF_ONLINE\bin\server\script\activitysys\playerfunlib.lua:708: unexpected symbol near '%'
error: ...ourceVs22\TESTLOFFF_ONLINE\bin\server\script\lib\log.lua:94: unexpected symbol near '%'
error: ...ourceVs22\TESTLOFFF_ONLINE\bin\server\script\lib\log.lua:94: unexpected symbol near '%'
error: ...ourceVs22\TESTLOFFF_ONLINE\bin\server\script\lib\log.lua:94: unexpected symbol near '%'
error: [string "?"]:12: unexpected symbol near '%'
2026/09/05 12:04:54.215 	 ScriptError 3. (\script\petsys\petcard.lua) 

2026/09/05 12:04:54.215 	 ScriptError 3. (\script\petsys\petcard.lua) 

error: [string "?"]:13: invalid escape sequence near '"\s'
2026/09/05 12:04:54.215 	 ScriptError 3. (\script\petsys\petequip.lua) 

2026/09/05 12:04:54.215 	 ScriptError 3. (\script\petsys\petequip.lua) 

error: ...OFFF_ONLINE\bin\server\script\misc\eventsys\eventsys.lua:11: attempt to call a table value (for iterator 'for iterator')
stack traceback:
	...OFFF_ONLINE\bin\server\script\misc\eventsys\eventsys.lua:11: in method 'NewType'
	...F_ONLINE\bin\server\script\misc\eventsys\type\player.lua:3: in main chunk
	[C]: in function 'Include'
	...eVs22\TESTLOFFF_ONLINE\bin\server\script\petsys\head.lua:11: in main chunk
	[C]: in function 'Include'
	[string "?"]:1: in main chunk
error: ...FF_ONLINE\bin\server\script\activitysys\playerfunlib.lua:708: unexpected symbol near '%'
error: ...ourceVs22\TESTLOFFF_ONLINE\bin\server\script\lib\log.lua:94: unexpected symbol near '%'
error: ...ourceVs22\TESTLOFFF_ONLINE\bin\server\script\lib\log.lua:94: unexpected symbol near '%'
error: ...ourceVs22\TESTLOFFF_ONLINE\bin\server\script\lib\log.lua:94: unexpected symbol near '%'
error: ...OFFF_ONLINE\bin\server\script\misc\eventsys\eventsys.lua:11: attempt to call a table value (for iterator 'for iterator')
stack traceback:
	...OFFF_ONLINE\bin\server\script\misc\eventsys\eventsys.lua:11: in method 'NewType'
	...F_ONLINE\bin\server\script\misc\eventsys\type\player.lua:3: in main chunk
	[C]: in function 'Include'
	...eVs22\TESTLOFFF_ONLINE\bin\server\script\petsys\head.lua:11: in main chunk
	[C]: in function 'Include'
	...2\TESTLOFFF_ONLINE\bin\server\script\petsys\dataload.lua:1: in main chunk
	[C]: in function 'Include'
	[string "?"]:31: in main chunk
error: ...FF_ONLINE\bin\server\script\activitysys\playerfunlib.lua:708: unexpected symbol near '%'
error: ...ourceVs22\TESTLOFFF_ONLINE\bin\server\script\lib\log.lua:94: unexpected symbol near '%'
error: ...ourceVs22\TESTLOFFF_ONLINE\bin\server\script\lib\log.lua:94: unexpected symbol near '%'
error: ...ourceVs22\TESTLOFFF_ONLINE\bin\server\script\lib\log.lua:94: unexpected symbol near '%'
error: ...s22\TESTLOFFF_ONLINE\bin\server\script\petsys\summon.lua:7: unexpected symbol near '%'
error: ...22\TESTLOFFF_ONLINE\bin\server\script\petsys\levelup.lua:30: unexpected symbol near '%'
error: ...eVs22\TESTLOFFF_ONLINE\bin\server\script\petsys\name.lua:10: unexpected symbol near '%'
error: ...22\TESTLOFFF_ONLINE\bin\server\script\petsys\feature.lua:9: unexpected symbol near '%'
error: ...s22\TESTLOFFF_ONLINE\bin\server\script\petsys\delete.lua:11: unexpected symbol near '%'
error: ...ESTLOFFF_ONLINE\bin\server\script\petsys\transferexp.lua:16: unexpected symbol near '%'
error: ...22\TESTLOFFF_ONLINE\bin\server\script\petsys\xiuzhen.lua:48: unexpected symbol near '%'
error: ...2\TESTLOFFF_ONLINE\bin\server\script\petsys\petequip.lua:13: invalid escape sequence near '"\s'
error: [string "?"]:7: unexpected symbol near '%'
2026/09/05 12:04:54.229 	 ScriptError 3. (\script\petsys\summon.lua) 

2026/09/05 12:04:54.229 	 ScriptError 3. (\script\petsys\summon.lua) 

error: [string "?"]:16: unexpected symbol near '%'
2026/09/05 12:04:54.230 	 ScriptError 3. (\script\petsys\transferexp.lua) 

2026/09/05 12:04:54.230 	 ScriptError 3. (\script\petsys\transferexp.lua) 

error: [string "?"]:48: unexpected symbol near '%'
2026/09/05 12:04:54.230 	 ScriptError 3. (\script\petsys\xiuzhen.lua) 

2026/09/05 12:04:54.231 	 ScriptError 3. (\script\petsys\xiuzhen.lua) 

error: [string "?"]:49: unexpected symbol near '%'
2026/09/05 12:22:40.110 	 ScriptError 3. (\script\petsys\bikip.lua) 

2026/09/05 12:22:40.112 	 ScriptError 3. (\script\petsys\bikip.lua) 

error: ...OFFF_ONLINE\bin\server\script\misc\eventsys\eventsys.lua:11: attempt to call a table value (for iterator 'for iterator')
stack traceback:
	...OFFF_ONLINE\bin\server\script\misc\eventsys\eventsys.lua:11: in method 'NewType'
	...F_ONLINE\bin\server\script\misc\eventsys\type\player.lua:3: in main chunk
	[C]: in function 'Include'
	...eVs22\TESTLOFFF_ONLINE\bin\server\script\petsys\head.lua:11: in main chunk
	[C]: in function 'Include'
	[string "?"]:1: in main chunk
error: ...FF_ONLINE\bin\server\script\activitysys\playerfunlib.lua:708: unexpected symbol near '%'
error: ...ourceVs22\TESTLOFFF_ONLINE\bin\server\script\lib\log.lua:94: unexpected symbol near '%'
error: ...ourceVs22\TESTLOFFF_ONLINE\bin\server\script\lib\log.lua:94: unexpected symbol near '%'
error: ...ourceVs22\TESTLOFFF_ONLINE\bin\server\script\lib\log.lua:94: unexpected symbol near '%'
error: [string "?"]:11: unexpected symbol near '%'
2026/09/05 12:22:40.119 	 ScriptError 3. (\script\petsys\delete.lua) 

2026/09/05 12:22:40.119 	 ScriptError 3. (\script\petsys\delete.lua) 

error: [string "?"]:9: unexpected symbol near '%'
2026/09/05 12:22:40.120 	 ScriptError 3. (\script\petsys\feature.lua) 

2026/09/05 12:22:40.120 	 ScriptError 3. (\script\petsys\feature.lua) 

error: ...OFFF_ONLINE\bin\server\script\misc\eventsys\eventsys.lua:11: attempt to call a table value (for iterator 'for iterator')
stack traceback:
	...OFFF_ONLINE\bin\server\script\misc\eventsys\eventsys.lua:11: in method 'NewType'
	...F_ONLINE\bin\server\script\misc\eventsys\type\player.lua:3: in main chunk
	[C]: in function 'Include'
	...eVs22\TESTLOFFF_ONLINE\bin\server\script\petsys\head.lua:11: in main chunk
	[C]: in function 'Include'
	[string "?"]:1: in main chunk
error: ...FF_ONLINE\bin\server\script\activitysys\playerfunlib.lua:708: unexpected symbol near '%'
error: ...ourceVs22\TESTLOFFF_ONLINE\bin\server\script\lib\log.lua:94: unexpected symbol near '%'
error: ...ourceVs22\TESTLOFFF_ONLINE\bin\server\script\lib\log.lua:94: unexpected symbol near '%'
error: ...ourceVs22\TESTLOFFF_ONLINE\bin\server\script\lib\log.lua:94: unexpected symbol near '%'
error: ...OFFF_ONLINE\bin\server\script\misc\eventsys\eventsys.lua:11: attempt to call a table value (for iterator 'for iterator')
stack traceback:
	...OFFF_ONLINE\bin\server\script\misc\eventsys\eventsys.lua:11: in method 'NewType'
	...F_ONLINE\bin\server\script\misc\eventsys\type\player.lua:3: in main chunk
	[C]: in function 'Include'
	[string "?"]:11: in main chunk
error: ...FF_ONLINE\bin\server\script\activitysys\playerfunlib.lua:708: unexpected symbol near '%'
error: ...ourceVs22\TESTLOFFF_ONLINE\bin\server\script\lib\log.lua:94: unexpected symbol near '%'
error: ...ourceVs22\TESTLOFFF_ONLINE\bin\server\script\lib\log.lua:94: unexpected symbol near '%'
error: ...ourceVs22\TESTLOFFF_ONLINE\bin\server\script\lib\log.lua:94: unexpected symbol near '%'
error: [string "?"]:30: unexpected symbol near '%'
2026/09/05 12:22:40.128 	 ScriptError 3. (\script\petsys\levelup.lua) 

2026/09/05 12:22:40.128 	 ScriptError 3. (\script\petsys\levelup.lua) 

error: [string "?"]:10: unexpected symbol near '%'
2026/09/05 12:22:40.128 	 ScriptError 3. (\script\petsys\name.lua) 

2026/09/05 12:22:40.130 	 ScriptError 3. (\script\petsys\name.lua) 

error: ...OFFF_ONLINE\bin\server\script\misc\eventsys\eventsys.lua:11: attempt to call a table value (for iterator 'for iterator')
stack traceback:
	...OFFF_ONLINE\bin\server\script\misc\eventsys\eventsys.lua:11: in method 'NewType'
	...F_ONLINE\bin\server\script\misc\eventsys\type\player.lua:3: in main chunk
	[C]: in function 'Include'
	...eVs22\TESTLOFFF_ONLINE\bin\server\script\petsys\head.lua:11: in main chunk
	[C]: in function 'Include'
	[string "?"]:1: in main chunk
error: ...FF_ONLINE\bin\server\script\activitysys\playerfunlib.lua:708: unexpected symbol near '%'
error: ...ourceVs22\TESTLOFFF_ONLINE\bin\server\script\lib\log.lua:94: unexpected symbol near '%'
error: ...ourceVs22\TESTLOFFF_ONLINE\bin\server\script\lib\log.lua:94: unexpected symbol near '%'
error: ...ourceVs22\TESTLOFFF_ONLINE\bin\server\script\lib\log.lua:94: unexpected symbol near '%'
error: [string "?"]:12: unexpected symbol near '%'
2026/09/05 12:22:40.133 	 ScriptError 3. (\script\petsys\petcard.lua) 

2026/09/05 12:22:40.133 	 ScriptError 3. (\script\petsys\petcard.lua) 

error: [string "?"]:13: invalid escape sequence near '"\s'
2026/09/05 12:22:40.134 	 ScriptError 3. (\script\petsys\petequip.lua) 

2026/09/05 12:22:40.134 	 ScriptError 3. (\script\petsys\petequip.lua) 

error: ...OFFF_ONLINE\bin\server\script\misc\eventsys\eventsys.lua:11: attempt to call a table value (for iterator 'for iterator')
stack traceback:
	...OFFF_ONLINE\bin\server\script\misc\eventsys\eventsys.lua:11: in method 'NewType'
	...F_ONLINE\bin\server\script\misc\eventsys\type\player.lua:3: in main chunk
	[C]: in function 'Include'
	...eVs22\TESTLOFFF_ONLINE\bin\server\script\petsys\head.lua:11: in main chunk
	[C]: in function 'Include'
	[string "?"]:1: in main chunk
error: ...FF_ONLINE\bin\server\script\activitysys\playerfunlib.lua:708: unexpected symbol near '%'
error: ...ourceVs22\TESTLOFFF_ONLINE\bin\server\script\lib\log.lua:94: unexpected symbol near '%'
error: ...ourceVs22\TESTLOFFF_ONLINE\bin\server\script\lib\log.lua:94: unexpected symbol near '%'
error: ...ourceVs22\TESTLOFFF_ONLINE\bin\server\script\lib\log.lua:94: unexpected symbol near '%'
error: ...OFFF_ONLINE\bin\server\script\misc\eventsys\eventsys.lua:11: attempt to call a table value (for iterator 'for iterator')
stack traceback:
	...OFFF_ONLINE\bin\server\script\misc\eventsys\eventsys.lua:11: in method 'NewType'
	...F_ONLINE\bin\server\script\misc\eventsys\type\player.lua:3: in main chunk
	[C]: in function 'Include'
	...eVs22\TESTLOFFF_ONLINE\bin\server\script\petsys\head.lua:11: in main chunk
	[C]: in function 'Include'
	...2\TESTLOFFF_ONLINE\bin\server\script\petsys\dataload.lua:1: in main chunk
	[C]: in function 'Include'
	[string "?"]:31: in main chunk
error: ...FF_ONLINE\bin\server\script\activitysys\playerfunlib.lua:708: unexpected symbol near '%'
error: ...ourceVs22\TESTLOFFF_ONLINE\bin\server\script\lib\log.lua:94: unexpected symbol near '%'
error: ...ourceVs22\TESTLOFFF_ONLINE\bin\server\script\lib\log.lua:94: unexpected symbol near '%'
error: ...ourceVs22\TESTLOFFF_ONLINE\bin\server\script\lib\log.lua:94: unexpected symbol near '%'
error: ...s22\TESTLOFFF_ONLINE\bin\server\script\petsys\summon.lua:7: unexpected symbol near '%'
error: ...22\TESTLOFFF_ONLINE\bin\server\script\petsys\levelup.lua:30: unexpected symbol near '%'
error: ...eVs22\TESTLOFFF_ONLINE\bin\server\script\petsys\name.lua:10: unexpected symbol near '%'
error: ...22\TESTLOFFF_ONLINE\bin\server\script\petsys\feature.lua:9: unexpected symbol near '%'
error: ...s22\TESTLOFFF_ONLINE\bin\server\script\petsys\delete.lua:11: unexpected symbol near '%'
error: ...ESTLOFFF_ONLINE\bin\server\script\petsys\transferexp.lua:16: unexpected symbol near '%'
error: ...22\TESTLOFFF_ONLINE\bin\server\script\petsys\xiuzhen.lua:48: unexpected symbol near '%'
error: ...2\TESTLOFFF_ONLINE\bin\server\script\petsys\petequip.lua:13: invalid escape sequence near '"\s'
error: [string "?"]:7: unexpected symbol near '%'
2026/09/05 12:22:40.143 	 ScriptError 3. (\script\petsys\summon.lua) 

2026/09/05 12:22:40.143 	 ScriptError 3. (\script\petsys\summon.lua) 

error: [string "?"]:16: unexpected symbol near '%'
2026/09/05 12:22:40.145 	 ScriptError 3. (\script\petsys\transferexp.lua) 

2026/09/05 12:22:40.145 	 ScriptError 3. (\script\petsys\transferexp.lua) 

error: [string "?"]:48: unexpected symbol near '%'
2026/09/05 12:22:40.146 	 ScriptError 3. (\script\petsys\xiuzhen.lua) 

2026/09/05 12:22:40.146 	 ScriptError 3. (\script\petsys\xiuzhen.lua) 

error: [string "?"]:49: unexpected symbol near '%'
2026/09/05 12:25:01.006 	 ScriptError 3. (\script\petsys\bikip.lua) 

2026/09/05 12:25:01.006 	 ScriptError 3. (\script\petsys\bikip.lua) 

error: ...OFFF_ONLINE\bin\server\script\misc\eventsys\eventsys.lua:11: attempt to call a table value (for iterator 'for iterator')
stack traceback:
	...OFFF_ONLINE\bin\server\script\misc\eventsys\eventsys.lua:11: in method 'NewType'
	...F_ONLINE\bin\server\script\misc\eventsys\type\player.lua:3: in main chunk
	[C]: in function 'Include'
	...eVs22\TESTLOFFF_ONLINE\bin\server\script\petsys\head.lua:11: in main chunk
	[C]: in function 'Include'
	[string "?"]:1: in main chunk
error: ...FF_ONLINE\bin\server\script\activitysys\playerfunlib.lua:708: unexpected symbol near '%'
error: ...ourceVs22\TESTLOFFF_ONLINE\bin\server\script\lib\log.lua:94: unexpected symbol near '%'
error: ...ourceVs22\TESTLOFFF_ONLINE\bin\server\script\lib\log.lua:94: unexpected symbol near '%'
error: ...ourceVs22\TESTLOFFF_ONLINE\bin\server\script\lib\log.lua:94: unexpected symbol near '%'
error: [string "?"]:11: unexpected symbol near '%'
2026/09/05 12:25:01.012 	 ScriptError 3. (\script\petsys\delete.lua) 

2026/09/05 12:25:01.012 	 ScriptError 3. (\script\petsys\delete.lua) 

error: [string "?"]:9: unexpected symbol near '%'
2026/09/05 12:25:01.013 	 ScriptError 3. (\script\petsys\feature.lua) 

2026/09/05 12:25:01.013 	 ScriptError 3. (\script\petsys\feature.lua) 

error: ...OFFF_ONLINE\bin\server\script\misc\eventsys\eventsys.lua:11: attempt to call a table value (for iterator 'for iterator')
stack traceback:
	...OFFF_ONLINE\bin\server\script\misc\eventsys\eventsys.lua:11: in method 'NewType'
	...F_ONLINE\bin\server\script\misc\eventsys\type\player.lua:3: in main chunk
	[C]: in function 'Include'
	...eVs22\TESTLOFFF_ONLINE\bin\server\script\petsys\head.lua:11: in main chunk
	[C]: in function 'Include'
	[string "?"]:1: in main chunk
error: ...FF_ONLINE\bin\server\script\activitysys\playerfunlib.lua:708: unexpected symbol near '%'
error: ...ourceVs22\TESTLOFFF_ONLINE\bin\server\script\lib\log.lua:94: unexpected symbol near '%'
error: ...ourceVs22\TESTLOFFF_ONLINE\bin\server\script\lib\log.lua:94: unexpected symbol near '%'
error: ...ourceVs22\TESTLOFFF_ONLINE\bin\server\script\lib\log.lua:94: unexpected symbol near '%'
error: ...OFFF_ONLINE\bin\server\script\misc\eventsys\eventsys.lua:11: attempt to call a table value (for iterator 'for iterator')
stack traceback:
	...OFFF_ONLINE\bin\server\script\misc\eventsys\eventsys.lua:11: in method 'NewType'
	...F_ONLINE\bin\server\script\misc\eventsys\type\player.lua:3: in main chunk
	[C]: in function 'Include'
	[string "?"]:11: in main chunk
error: ...FF_ONLINE\bin\server\script\activitysys\playerfunlib.lua:708: unexpected symbol near '%'
error: ...ourceVs22\TESTLOFFF_ONLINE\bin\server\script\lib\log.lua:94: unexpected symbol near '%'
error: ...ourceVs22\TESTLOFFF_ONLINE\bin\server\script\lib\log.lua:94: unexpected symbol near '%'
error: ...ourceVs22\TESTLOFFF_ONLINE\bin\server\script\lib\log.lua:94: unexpected symbol near '%'
error: [string "?"]:30: unexpected symbol near '%'
2026/09/05 12:25:01.022 	 ScriptError 3. (\script\petsys\levelup.lua) 

2026/09/05 12:25:01.022 	 ScriptError 3. (\script\petsys\levelup.lua) 

error: [string "?"]:10: unexpected symbol near '%'
2026/09/05 12:25:01.023 	 ScriptError 3. (\script\petsys\name.lua) 

2026/09/05 12:25:01.023 	 ScriptError 3. (\script\petsys\name.lua) 

error: ...OFFF_ONLINE\bin\server\script\misc\eventsys\eventsys.lua:11: attempt to call a table value (for iterator 'for iterator')
stack traceback:
	...OFFF_ONLINE\bin\server\script\misc\eventsys\eventsys.lua:11: in method 'NewType'
	...F_ONLINE\bin\server\script\misc\eventsys\type\player.lua:3: in main chunk
	[C]: in function 'Include'
	...eVs22\TESTLOFFF_ONLINE\bin\server\script\petsys\head.lua:11: in main chunk
	[C]: in function 'Include'
	[string "?"]:1: in main chunk
error: ...FF_ONLINE\bin\server\script\activitysys\playerfunlib.lua:708: unexpected symbol near '%'
error: ...ourceVs22\TESTLOFFF_ONLINE\bin\server\script\lib\log.lua:94: unexpected symbol near '%'
error: ...ourceVs22\TESTLOFFF_ONLINE\bin\server\script\lib\log.lua:94: unexpected symbol near '%'
error: ...ourceVs22\TESTLOFFF_ONLINE\bin\server\script\lib\log.lua:94: unexpected symbol near '%'
error: [string "?"]:12: unexpected symbol near '%'
2026/09/05 12:25:01.027 	 ScriptError 3. (\script\petsys\petcard.lua) 

2026/09/05 12:25:01.027 	 ScriptError 3. (\script\petsys\petcard.lua) 

error: [string "?"]:13: invalid escape sequence near '"\s'
2026/09/05 12:25:01.027 	 ScriptError 3. (\script\petsys\petequip.lua) 

2026/09/05 12:25:01.028 	 ScriptError 3. (\script\petsys\petequip.lua) 

error: ...OFFF_ONLINE\bin\server\script\misc\eventsys\eventsys.lua:11: attempt to call a table value (for iterator 'for iterator')
stack traceback:
	...OFFF_ONLINE\bin\server\script\misc\eventsys\eventsys.lua:11: in method 'NewType'
	...F_ONLINE\bin\server\script\misc\eventsys\type\player.lua:3: in main chunk
	[C]: in function 'Include'
	...eVs22\TESTLOFFF_ONLINE\bin\server\script\petsys\head.lua:11: in main chunk
	[C]: in function 'Include'
	[string "?"]:1: in main chunk
error: ...FF_ONLINE\bin\server\script\activitysys\playerfunlib.lua:708: unexpected symbol near '%'
error: ...ourceVs22\TESTLOFFF_ONLINE\bin\server\script\lib\log.lua:94: unexpected symbol near '%'
error: ...ourceVs22\TESTLOFFF_ONLINE\bin\server\script\lib\log.lua:94: unexpected symbol near '%'
error: ...ourceVs22\TESTLOFFF_ONLINE\bin\server\script\lib\log.lua:94: unexpected symbol near '%'
error: ...OFFF_ONLINE\bin\server\script\misc\eventsys\eventsys.lua:11: attempt to call a table value (for iterator 'for iterator')
stack traceback:
	...OFFF_ONLINE\bin\server\script\misc\eventsys\eventsys.lua:11: in method 'NewType'
	...F_ONLINE\bin\server\script\misc\eventsys\type\player.lua:3: in main chunk
	[C]: in function 'Include'
	...eVs22\TESTLOFFF_ONLINE\bin\server\script\petsys\head.lua:11: in main chunk
	[C]: in function 'Include'
	...2\TESTLOFFF_ONLINE\bin\server\script\petsys\dataload.lua:1: in main chunk
	[C]: in function 'Include'
	[string "?"]:31: in main chunk
error: ...FF_ONLINE\bin\server\script\activitysys\playerfunlib.lua:708: unexpected symbol near '%'
error: ...ourceVs22\TESTLOFFF_ONLINE\bin\server\script\lib\log.lua:94: unexpected symbol near '%'
error: ...ourceVs22\TESTLOFFF_ONLINE\bin\server\script\lib\log.lua:94: unexpected symbol near '%'
error: ...ourceVs22\TESTLOFFF_ONLINE\bin\server\script\lib\log.lua:94: unexpected symbol near '%'
error: ...s22\TESTLOFFF_ONLINE\bin\server\script\petsys\summon.lua:7: unexpected symbol near '%'
error: ...22\TESTLOFFF_ONLINE\bin\server\script\petsys\levelup.lua:30: unexpected symbol near '%'
error: ...eVs22\TESTLOFFF_ONLINE\bin\server\script\petsys\name.lua:10: unexpected symbol near '%'
error: ...22\TESTLOFFF_ONLINE\bin\server\script\petsys\feature.lua:9: unexpected symbol near '%'
error: ...s22\TESTLOFFF_ONLINE\bin\server\script\petsys\delete.lua:11: unexpected symbol near '%'
error: ...ESTLOFFF_ONLINE\bin\server\script\petsys\transferexp.lua:16: unexpected symbol near '%'
error: ...22\TESTLOFFF_ONLINE\bin\server\script\petsys\xiuzhen.lua:48: unexpected symbol near '%'
error: ...2\TESTLOFFF_ONLINE\bin\server\script\petsys\petequip.lua:13: invalid escape sequence near '"\s'
error: [string "?"]:7: unexpected symbol near '%'
2026/09/05 12:25:01.037 	 ScriptError 3. (\script\petsys\summon.lua) 

2026/09/05 12:25:01.037 	 ScriptError 3. (\script\petsys\summon.lua) 

error: [string "?"]:16: unexpected symbol near '%'
2026/09/05 12:25:01.038 	 ScriptError 3. (\script\petsys\transferexp.lua) 

2026/09/05 12:25:01.038 	 ScriptError 3. (\script\petsys\transferexp.lua) 

error: [string "?"]:48: unexpected symbol near '%'
2026/09/05 12:25:01.038 	 ScriptError 3. (\script\petsys\xiuzhen.lua) 

2026/09/05 12:25:01.038 	 ScriptError 3. (\script\petsys\xiuzhen.lua) 

error: ...eVs22\TESTLOFFF_ONLINE\bin\server\scriptjx2\lib\file.lua:57: unexpected symbol near '%'
error: ...eVs22\TESTLOFFF_ONLINE\bin\server\scriptjx2\lib\file.lua:57: unexpected symbol near '%'
error: ...eVs22\TESTLOFFF_ONLINE\bin\server\scriptjx2\lib\file.lua:57: unexpected symbol near '%'
error: ...eVs22\TESTLOFFF_ONLINE\bin\server\scriptjx2\lib\file.lua:57: unexpected symbol near '%'
error: ...eVs22\TESTLOFFF_ONLINE\bin\server\scriptjx2\lib\file.lua:57: unexpected symbol near '%'
error: ...eVs22\TESTLOFFF_ONLINE\bin\server\scriptjx2\lib\file.lua:57: unexpected symbol near '%'
error: ...eVs22\TESTLOFFF_ONLINE\bin\server\scriptjx2\lib\file.lua:57: unexpected symbol near '%'
error: ...eVs22\TESTLOFFF_ONLINE\bin\server\scriptjx2\lib\file.lua:57: unexpected symbol near '%'
error: ...eVs22\TESTLOFFF_ONLINE\bin\server\scriptjx2\lib\file.lua:57: unexpected symbol near '%'
error: ...eVs22\TESTLOFFF_ONLINE\bin\server\scriptjx2\lib\file.lua:57: unexpected symbol near '%'
error: ...eVs22\TESTLOFFF_ONLINE\bin\server\scriptjx2\lib\file.lua:57: unexpected symbol near '%'
error: ...eVs22\TESTLOFFF_ONLINE\bin\server\scriptjx2\lib\file.lua:57: unexpected symbol near '%'
error: ...eVs22\TESTLOFFF_ONLINE\bin\server\scriptjx2\lib\file.lua:57: unexpected symbol near '%'
error: ...eVs22\TESTLOFFF_ONLINE\bin\server\scriptjx2\lib\file.lua:57: unexpected symbol near '%'
error: ...eVs22\TESTLOFFF_ONLINE\bin\server\scriptjx2\lib\file.lua:57: unexpected symbol near '%'
error: ...eVs22\TESTLOFFF_ONLINE\bin\server\scriptjx2\lib\file.lua:57: unexpected symbol near '%'
error: ...eVs22\TESTLOFFF_ONLINE\bin\server\scriptjx2\lib\file.lua:57: unexpected symbol near '%'
error: ...eVs22\TESTLOFFF_ONLINE\bin\server\scriptjx2\lib\file.lua:57: unexpected symbol near '%'
error: ...eVs22\TESTLOFFF_ONLINE\bin\server\scriptjx2\lib\file.lua:57: unexpected symbol near '%'
error: ...eVs22\TESTLOFFF_ONLINE\bin\server\scriptjx2\lib\file.lua:57: unexpected symbol near '%'
error: ...eVs22\TESTLOFFF_ONLINE\bin\server\scriptjx2\lib\file.lua:57: unexpected symbol near '%'
error: ...eVs22\TESTLOFFF_ONLINE\bin\server\scriptjx2\lib\file.lua:57: unexpected symbol near '%'
error: ...eVs22\TESTLOFFF_ONLINE\bin\server\scriptjx2\lib\file.lua:57: unexpected symbol near '%'
error: ...eVs22\TESTLOFFF_ONLINE\bin\server\scriptjx2\lib\file.lua:57: unexpected symbol near '%'
error: ...eVs22\TESTLOFFF_ONLINE\bin\server\scriptjx2\lib\file.lua:57: unexpected symbol near '%'
error: ...eVs22\TESTLOFFF_ONLINE\bin\server\scriptjx2\lib\file.lua:57: unexpected symbol near '%'
error: ...eVs22\TESTLOFFF_ONLINE\bin\server\scriptjx2\lib\file.lua:57: unexpected symbol near '%'
error: ...eVs22\TESTLOFFF_ONLINE\bin\server\scriptjx2\lib\file.lua:57: unexpected symbol near '%'
error: ...eVs22\TESTLOFFF_ONLINE\bin\server\scriptjx2\lib\file.lua:57: unexpected symbol near '%'
error: ...eVs22\TESTLOFFF_ONLINE\bin\server\scriptjx2\lib\file.lua:57: unexpected symbol near '%'
error: ...eVs22\TESTLOFFF_ONLINE\bin\server\scriptjx2\lib\file.lua:57: unexpected symbol near '%'
error: ...eVs22\TESTLOFFF_ONLINE\bin\server\scriptjx2\lib\file.lua:57: unexpected symbol near '%'
error: ...eVs22\TESTLOFFF_ONLINE\bin\server\scriptjx2\lib\file.lua:57: unexpected symbol near '%'
error: ...eVs22\TESTLOFFF_ONLINE\bin\server\scriptjx2\lib\file.lua:57: unexpected symbol near '%'
error: ...eVs22\TESTLOFFF_ONLINE\bin\server\scriptjx2\lib\file.lua:57: unexpected symbol near '%'
error: ...eVs22\TESTLOFFF_ONLINE\bin\server\scriptjx2\lib\file.lua:57: unexpected symbol near '%'
error: ...eVs22\TESTLOFFF_ONLINE\bin\server\scriptjx2\lib\file.lua:57: unexpected symbol near '%'
error: ...eVs22\TESTLOFFF_ONLINE\bin\server\scriptjx2\lib\file.lua:57: unexpected symbol near '%'
error: ...eVs22\TESTLOFFF_ONLINE\bin\server\scriptjx2\lib\file.lua:57: unexpected symbol near '%'
error: ...eVs22\TESTLOFFF_ONLINE\bin\server\scriptjx2\lib\file.lua:57: unexpected symbol near '%'
error: ...eVs22\TESTLOFFF_ONLINE\bin\server\scriptjx2\lib\file.lua:57: unexpected symbol near '%'
error: ...eVs22\TESTLOFFF_ONLINE\bin\server\scriptjx2\lib\file.lua:57: unexpected symbol near '%'
error: ...eVs22\TESTLOFFF_ONLINE\bin\server\scriptjx2\lib\file.lua:57: unexpected symbol near '%'
error: ...eVs22\TESTLOFFF_ONLINE\bin\server\scriptjx2\lib\file.lua:57: unexpected symbol near '%'
error: ...eVs22\TESTLOFFF_ONLINE\bin\server\scriptjx2\lib\file.lua:57: unexpected symbol near '%'
error: ...eVs22\TESTLOFFF_ONLINE\bin\server\scriptjx2\lib\file.lua:57: unexpected symbol near '%'
error: ...eVs22\TESTLOFFF_ONLINE\bin\server\scriptjx2\lib\file.lua:57: unexpected symbol near '%'
error: ...eVs22\TESTLOFFF_ONLINE\bin\server\scriptjx2\lib\file.lua:57: unexpected symbol near '%'
error: ...eVs22\TESTLOFFF_ONLINE\bin\server\scriptjx2\lib\file.lua:57: unexpected symbol near '%'
error: ...eVs22\TESTLOFFF_ONLINE\bin\server\scriptjx2\lib\file.lua:57: unexpected symbol near '%'
error: ...eVs22\TESTLOFFF_ONLINE\bin\server\scriptjx2\lib\file.lua:57: unexpected symbol near '%'
error: ...eVs22\TESTLOFFF_ONLINE\bin\server\scriptjx2\lib\file.lua:57: unexpected symbol near '%'
error: ...eVs22\TESTLOFFF_ONLINE\bin\server\scriptjx2\lib\file.lua:57: unexpected symbol near '%'
error: ...eVs22\TESTLOFFF_ONLINE\bin\server\scriptjx2\lib\file.lua:57: unexpected symbol near '%'
error: ...eVs22\TESTLOFFF_ONLINE\bin\server\scriptjx2\lib\file.lua:57: unexpected symbol near '%'
error: ...eVs22\TESTLOFFF_ONLINE\bin\server\scriptjx2\lib\file.lua:57: unexpected symbol near '%'
error: ...eVs22\TESTLOFFF_ONLINE\bin\server\scriptjx2\lib\file.lua:57: unexpected symbol near '%'
error: ...eVs22\TESTLOFFF_ONLINE\bin\server\scriptjx2\lib\file.lua:57: unexpected symbol near '%'
error: ...eVs22\TESTLOFFF_ONLINE\bin\server\scriptjx2\lib\file.lua:57: unexpected symbol near '%'
error: ...eVs22\TESTLOFFF_ONLINE\bin\server\scriptjx2\lib\file.lua:57: unexpected symbol near '%'
error: ...eVs22\TESTLOFFF_ONLINE\bin\server\scriptjx2\lib\file.lua:57: unexpected symbol near '%'
error: ...eVs22\TESTLOFFF_ONLINE\bin\server\scriptjx2\lib\file.lua:57: unexpected symbol near '%'
error: ...eVs22\TESTLOFFF_ONLINE\bin\server\scriptjx2\lib\file.lua:57: unexpected symbol near '%'
error: ...eVs22\TESTLOFFF_ONLINE\bin\server\scriptjx2\lib\file.lua:57: unexpected symbol near '%'
error: ...eVs22\TESTLOFFF_ONLINE\bin\server\scriptjx2\lib\file.lua:57: unexpected symbol near '%'
error: ...eVs22\TESTLOFFF_ONLINE\bin\server\scriptjx2\lib\file.lua:57: unexpected symbol near '%'
error: ...eVs22\TESTLOFFF_ONLINE\bin\server\scriptjx2\lib\file.lua:57: unexpected symbol near '%'
error: ...eVs22\TESTLOFFF_ONLINE\bin\server\scriptjx2\lib\file.lua:57: unexpected symbol near '%'
error: ...eVs22\TESTLOFFF_ONLINE\bin\server\scriptjx2\lib\file.lua:57: unexpected symbol near '%'
error: ...eVs22\TESTLOFFF_ONLINE\bin\server\scriptjx2\lib\file.lua:57: unexpected symbol near '%'
error: ...eVs22\TESTLOFFF_ONLINE\bin\server\scriptjx2\lib\file.lua:57: unexpected symbol near '%'
error: ...eVs22\TESTLOFFF_ONLINE\bin\server\scriptjx2\lib\file.lua:57: unexpected symbol near '%'
error: ...eVs22\TESTLOFFF_ONLINE\bin\server\scriptjx2\lib\file.lua:57: unexpected symbol near '%'
error: ...eVs22\TESTLOFFF_ONLINE\bin\server\scriptjx2\lib\file.lua:57: unexpected symbol near '%'
error: ...eVs22\TESTLOFFF_ONLINE\bin\server\scriptjx2\lib\file.lua:57: unexpected symbol near '%'
error: ...eVs22\TESTLOFFF_ONLINE\bin\server\scriptjx2\lib\file.lua:57: unexpected symbol near '%'
error: ...eVs22\TESTLOFFF_ONLINE\bin\server\scriptjx2\lib\file.lua:57: unexpected symbol near '%'
error: ...eVs22\TESTLOFFF_ONLINE\bin\server\scriptjx2\lib\file.lua:57: unexpected symbol near '%'
error: ...eVs22\TESTLOFFF_ONLINE\bin\server\scriptjx2\lib\file.lua:57: unexpected symbol near '%'
error: ...eVs22\TESTLOFFF_ONLINE\bin\server\scriptjx2\lib\file.lua:57: unexpected symbol near '%'
error: ...eVs22\TESTLOFFF_ONLINE\bin\server\scriptjx2\lib\file.lua:57: unexpected symbol near '%'
error: ...eVs22\TESTLOFFF_ONLINE\bin\server\scriptjx2\lib\file.lua:57: unexpected symbol near '%'
error: ...eVs22\TESTLOFFF_ONLINE\bin\server\scriptjx2\lib\file.lua:57: unexpected symbol near '%'
error: ...eVs22\TESTLOFFF_ONLINE\bin\server\scriptjx2\lib\file.lua:57: unexpected symbol near '%'
error: ...eVs22\TESTLOFFF_ONLINE\bin\server\scriptjx2\lib\file.lua:57: unexpected symbol near '%'
error: ...eVs22\TESTLOFFF_ONLINE\bin\server\scriptjx2\lib\file.lua:57: unexpected symbol near '%'
error: ...eVs22\TESTLOFFF_ONLINE\bin\server\scriptjx2\lib\file.lua:57: unexpected symbol near '%'
error: ...eVs22\TESTLOFFF_ONLINE\bin\server\scriptjx2\lib\file.lua:57: unexpected symbol near '%'
error: ...eVs22\TESTLOFFF_ONLINE\bin\server\scriptjx2\lib\file.lua:57: unexpected symbol near '%'
error: ...eVs22\TESTLOFFF_ONLINE\bin\server\scriptjx2\lib\file.lua:57: unexpected symbol near '%'
error: ...eVs22\TESTLOFFF_ONLINE\bin\server\scriptjx2\lib\file.lua:57: unexpected symbol near '%'
error: ...eVs22\TESTLOFFF_ONLINE\bin\server\scriptjx2\lib\file.lua:57: unexpected symbol near '%'
error: ...eVs22\TESTLOFFF_ONLINE\bin\server\scriptjx2\lib\file.lua:57: unexpected symbol near '%'
error: ...eVs22\TESTLOFFF_ONLINE\bin\server\scriptjx2\lib\file.lua:57: unexpected symbol near '%'
error: ...eVs22\TESTLOFFF_ONLINE\bin\server\scriptjx2\lib\file.lua:57: unexpected symbol near '%'
error: ...eVs22\TESTLOFFF_ONLINE\bin\server\scriptjx2\lib\file.lua:57: unexpected symbol near '%'
error: ...eVs22\TESTLOFFF_ONLINE\bin\server\scriptjx2\lib\file.lua:57: unexpected symbol near '%'
error: ...eVs22\TESTLOFFF_ONLINE\bin\server\scriptjx2\lib\file.lua:57: unexpected symbol near '%'
error: ...eVs22\TESTLOFFF_ONLINE\bin\server\scriptjx2\lib\file.lua:57: unexpected symbol near '%'
error: ...eVs22\TESTLOFFF_ONLINE\bin\server\scriptjx2\lib\file.lua:57: unexpected symbol near '%'
error: ...eVs22\TESTLOFFF_ONLINE\bin\server\scriptjx2\lib\file.lua:57: unexpected symbol near '%'
error: ...eVs22\TESTLOFFF_ONLINE\bin\server\scriptjx2\lib\file.lua:57: unexpected symbol near '%'
error: ...eVs22\TESTLOFFF_ONLINE\bin\server\scriptjx2\lib\file.lua:57: unexpected symbol near '%'
error: ...eVs22\TESTLOFFF_ONLINE\bin\server\scriptjx2\lib\file.lua:57: unexpected symbol near '%'
error: ...eVs22\TESTLOFFF_ONLINE\bin\server\scriptjx2\lib\file.lua:57: unexpected symbol near '%'
error: ...eVs22\TESTLOFFF_ONLINE\bin\server\scriptjx2\lib\file.lua:57: unexpected symbol near '%'
error: ...eVs22\TESTLOFFF_ONLINE\bin\server\scriptjx2\lib\file.lua:57: unexpected symbol near '%'
error: ...eVs22\TESTLOFFF_ONLINE\bin\server\scriptjx2\lib\file.lua:57: unexpected symbol near '%'
error: ...eVs22\TESTLOFFF_ONLINE\bin\server\scriptjx2\lib\file.lua:57: unexpected symbol near '%'
error: ...eVs22\TESTLOFFF_ONLINE\bin\server\scriptjx2\lib\file.lua:57: unexpected symbol near '%'
error: ...eVs22\TESTLOFFF_ONLINE\bin\server\scriptjx2\lib\file.lua:57: unexpected symbol near '%'
error: ...eVs22\TESTLOFFF_ONLINE\bin\server\scriptjx2\lib\file.lua:57: unexpected symbol near '%'
error: ...eVs22\TESTLOFFF_ONLINE\bin\server\scriptjx2\lib\file.lua:57: unexpected symbol near '%'
error: ...eVs22\TESTLOFFF_ONLINE\bin\server\scriptjx2\lib\file.lua:57: unexpected symbol near '%'
error: ...eVs22\TESTLOFFF_ONLINE\bin\server\scriptjx2\lib\file.lua:57: unexpected symbol near '%'
error: ...eVs22\TESTLOFFF_ONLINE\bin\server\scriptjx2\lib\file.lua:57: unexpected symbol near '%'
error: ...eVs22\TESTLOFFF_ONLINE\bin\server\scriptjx2\lib\file.lua:57: unexpected symbol near '%'
error: ...eVs22\TESTLOFFF_ONLINE\bin\server\scriptjx2\lib\file.lua:57: unexpected symbol near '%'
error: ...eVs22\TESTLOFFF_ONLINE\bin\server\scriptjx2\lib\file.lua:57: unexpected symbol near '%'
error: ...eVs22\TESTLOFFF_ONLINE\bin\server\scriptjx2\lib\file.lua:57: unexpected symbol near '%'
error: ...eVs22\TESTLOFFF_ONLINE\bin\server\scriptjx2\lib\file.lua:57: unexpected symbol near '%'
error: ...eVs22\TESTLOFFF_ONLINE\bin\server\scriptjx2\lib\file.lua:57: unexpected symbol near '%'
error: ...eVs22\TESTLOFFF_ONLINE\bin\server\scriptjx2\lib\file.lua:57: unexpected symbol near '%'
error: ...eVs22\TESTLOFFF_ONLINE\bin\server\scriptjx2\lib\file.lua:57: unexpected symbol near '%'
error: ...eVs22\TESTLOFFF_ONLINE\bin\server\scriptjx2\lib\file.lua:57: unexpected symbol near '%'
error: ...eVs22\TESTLOFFF_ONLINE\bin\server\scriptjx2\lib\file.lua:57: unexpected symbol near '%'
error: ...eVs22\TESTLOFFF_ONLINE\bin\server\scriptjx2\lib\file.lua:57: unexpected symbol near '%'
error: ...eVs22\TESTLOFFF_ONLINE\bin\server\scriptjx2\lib\file.lua:57: unexpected symbol near '%'
error: ...eVs22\TESTLOFFF_ONLINE\bin\server\scriptjx2\lib\file.lua:57: unexpected symbol near '%'
error: ...eVs22\TESTLOFFF_ONLINE\bin\server\scriptjx2\lib\file.lua:57: unexpected symbol near '%'
error: ...eVs22\TESTLOFFF_ONLINE\bin\server\scriptjx2\lib\file.lua:57: unexpected symbol near '%'
error: ...eVs22\TESTLOFFF_ONLINE\bin\server\scriptjx2\lib\file.lua:57: unexpected symbol near '%'
error: ...eVs22\TESTLOFFF_ONLINE\bin\server\scriptjx2\lib\file.lua:57: unexpected symbol near '%'
error: ...eVs22\TESTLOFFF_ONLINE\bin\server\scriptjx2\lib\file.lua:57: unexpected symbol near '%'
error: ...eVs22\TESTLOFFF_ONLINE\bin\server\scriptjx2\lib\file.lua:57: unexpected symbol near '%'
error: ...eVs22\TESTLOFFF_ONLINE\bin\server\scriptjx2\lib\file.lua:57: unexpected symbol near '%'
error: ...eVs22\TESTLOFFF_ONLINE\bin\server\scriptjx2\lib\file.lua:57: unexpected symbol near '%'
error: ...eVs22\TESTLOFFF_ONLINE\bin\server\scriptjx2\lib\file.lua:57: unexpected symbol near '%'
error: ...eVs22\TESTLOFFF_ONLINE\bin\server\scriptjx2\lib\file.lua:57: unexpected symbol near '%'
error: ...eVs22\TESTLOFFF_ONLINE\bin\server\scriptjx2\lib\file.lua:57: unexpected symbol near '%'
error: ...eVs22\TESTLOFFF_ONLINE\bin\server\scriptjx2\lib\file.lua:57: unexpected symbol near '%'
error: ...eVs22\TESTLOFFF_ONLINE\bin\server\scriptjx2\lib\file.lua:57: unexpected symbol near '%'
error: ...eVs22\TESTLOFFF_ONLINE\bin\server\scriptjx2\lib\file.lua:57: unexpected symbol near '%'
error: ...eVs22\TESTLOFFF_ONLINE\bin\server\scriptjx2\lib\file.lua:57: unexpected symbol near '%'
error: ...eVs22\TESTLOFFF_ONLINE\bin\server\scriptjx2\lib\file.lua:57: unexpected symbol near '%'
error: ...eVs22\TESTLOFFF_ONLINE\bin\server\scriptjx2\lib\file.lua:57: unexpected symbol near '%'
error: ...eVs22\TESTLOFFF_ONLINE\bin\server\scriptjx2\lib\file.lua:57: unexpected symbol near '%'
error: ...eVs22\TESTLOFFF_ONLINE\bin\server\scriptjx2\lib\file.lua:57: unexpected symbol near '%'
error: ...eVs22\TESTLOFFF_ONLINE\bin\server\scriptjx2\lib\file.lua:57: unexpected symbol near '%'
error: ...eVs22\TESTLOFFF_ONLINE\bin\server\scriptjx2\lib\file.lua:57: unexpected symbol near '%'
error: ...eVs22\TESTLOFFF_ONLINE\bin\server\scriptjx2\lib\file.lua:57: unexpected symbol near '%'
error: ...eVs22\TESTLOFFF_ONLINE\bin\server\scriptjx2\lib\file.lua:57: unexpected symbol near '%'
error: ...eVs22\TESTLOFFF_ONLINE\bin\server\scriptjx2\lib\file.lua:57: unexpected symbol near '%'
error: ...eVs22\TESTLOFFF_ONLINE\bin\server\scriptjx2\lib\file.lua:57: unexpected symbol near '%'
error: ...eVs22\TESTLOFFF_ONLINE\bin\server\scriptjx2\lib\file.lua:57: unexpected symbol near '%'
error: ...eVs22\TESTLOFFF_ONLINE\bin\server\scriptjx2\lib\file.lua:57: unexpected symbol near '%'
error: ...eVs22\TESTLOFFF_ONLINE\bin\server\scriptjx2\lib\file.lua:57: unexpected symbol near '%'
error: ...eVs22\TESTLOFFF_ONLINE\bin\server\scriptjx2\lib\file.lua:57: unexpected symbol near '%'
error: ...eVs22\TESTLOFFF_ONLINE\bin\server\scriptjx2\lib\file.lua:57: unexpected symbol near '%'
error: ...eVs22\TESTLOFFF_ONLINE\bin\server\scriptjx2\lib\file.lua:57: unexpected symbol near '%'
error: ...eVs22\TESTLOFFF_ONLINE\bin\server\scriptjx2\lib\file.lua:57: unexpected symbol near '%'
error: ...eVs22\TESTLOFFF_ONLINE\bin\server\scriptjx2\lib\file.lua:57: unexpected symbol near '%'
error: ...eVs22\TESTLOFFF_ONLINE\bin\server\scriptjx2\lib\file.lua:57: unexpected symbol near '%'
error: ...eVs22\TESTLOFFF_ONLINE\bin\server\scriptjx2\lib\file.lua:57: unexpected symbol near '%'
error: ...eVs22\TESTLOFFF_ONLINE\bin\server\scriptjx2\lib\file.lua:57: unexpected symbol near '%'
error: ...eVs22\TESTLOFFF_ONLINE\bin\server\scriptjx2\lib\file.lua:57: unexpected symbol near '%'
error: ...eVs22\TESTLOFFF_ONLINE\bin\server\scriptjx2\lib\file.lua:57: unexpected symbol near '%'
error: ...eVs22\TESTLOFFF_ONLINE\bin\server\scriptjx2\lib\file.lua:57: unexpected symbol near '%'
error: ...eVs22\TESTLOFFF_ONLINE\bin\server\scriptjx2\lib\file.lua:57: unexpected symbol near '%'
error: ...eVs22\TESTLOFFF_ONLINE\bin\server\scriptjx2\lib\file.lua:57: unexpected symbol near '%'
error: ...eVs22\TESTLOFFF_ONLINE\bin\server\scriptjx2\lib\file.lua:57: unexpected symbol near '%'
error: ...eVs22\TESTLOFFF_ONLINE\bin\server\scriptjx2\lib\file.lua:57: unexpected symbol near '%'
error: ...eVs22\TESTLOFFF_ONLINE\bin\server\scriptjx2\lib\file.lua:57: unexpected symbol near '%'
error: ...eVs22\TESTLOFFF_ONLINE\bin\server\scriptjx2\lib\file.lua:57: unexpected symbol near '%'
error: ...eVs22\TESTLOFFF_ONLINE\bin\server\scriptjx2\lib\file.lua:57: unexpected symbol near '%'
error: ...eVs22\TESTLOFFF_ONLINE\bin\server\scriptjx2\lib\file.lua:57: unexpected symbol near '%'
error: ...eVs22\TESTLOFFF_ONLINE\bin\server\scriptjx2\lib\file.lua:57: unexpected symbol near '%'
error: ...eVs22\TESTLOFFF_ONLINE\bin\server\scriptjx2\lib\file.lua:57: unexpected symbol near '%'
error: ...eVs22\TESTLOFFF_ONLINE\bin\server\scriptjx2\lib\file.lua:57: unexpected symbol near '%'
error: ...eVs22\TESTLOFFF_ONLINE\bin\server\scriptjx2\lib\file.lua:57: unexpected symbol near '%'
error: ...eVs22\TESTLOFFF_ONLINE\bin\server\scriptjx2\lib\file.lua:57: unexpected symbol near '%'
error: ...eVs22\TESTLOFFF_ONLINE\bin\server\scriptjx2\lib\file.lua:57: unexpected symbol near '%'
error: ...eVs22\TESTLOFFF_ONLINE\bin\server\scriptjx2\lib\file.lua:57: unexpected symbol near '%'
error: ...eVs22\TESTLOFFF_ONLINE\bin\server\scriptjx2\lib\file.lua:57: unexpected symbol near '%'
error: ...eVs22\TESTLOFFF_ONLINE\bin\server\scriptjx2\lib\file.lua:57: unexpected symbol near '%'
error: ...eVs22\TESTLOFFF_ONLINE\bin\server\scriptjx2\lib\file.lua:57: unexpected symbol near '%'
error: ...eVs22\TESTLOFFF_ONLINE\bin\server\scriptjx2\lib\file.lua:57: unexpected symbol near '%'
error: ...eVs22\TESTLOFFF_ONLINE\bin\server\scriptjx2\lib\file.lua:57: unexpected symbol near '%'
error: ...eVs22\TESTLOFFF_ONLINE\bin\server\scriptjx2\lib\file.lua:57: unexpected symbol near '%'
error: ...eVs22\TESTLOFFF_ONLINE\bin\server\scriptjx2\lib\file.lua:57: unexpected symbol near '%'
error: ...eVs22\TESTLOFFF_ONLINE\bin\server\scriptjx2\lib\file.lua:57: unexpected symbol near '%'
error: ...eVs22\TESTLOFFF_ONLINE\bin\server\scriptjx2\lib\file.lua:57: unexpected symbol near '%'
error: ...eVs22\TESTLOFFF_ONLINE\bin\server\scriptjx2\lib\file.lua:57: unexpected symbol near '%'
error: ...eVs22\TESTLOFFF_ONLINE\bin\server\scriptjx2\lib\file.lua:57: unexpected symbol near '%'
error: ...eVs22\TESTLOFFF_ONLINE\bin\server\scriptjx2\lib\file.lua:57: unexpected symbol near '%'
error: ...eVs22\TESTLOFFF_ONLINE\bin\server\scriptjx2\lib\file.lua:57: unexpected symbol near '%'
error: ...eVs22\TESTLOFFF_ONLINE\bin\server\scriptjx2\lib\file.lua:57: unexpected symbol near '%'
error: ...eVs22\TESTLOFFF_ONLINE\bin\server\scriptjx2\lib\file.lua:57: unexpected symbol near '%'
error: ...eVs22\TESTLOFFF_ONLINE\bin\server\scriptjx2\lib\file.lua:57: unexpected symbol near '%'
error: ...eVs22\TESTLOFFF_ONLINE\bin\server\scriptjx2\lib\file.lua:57: unexpected symbol near '%'
error: ...eVs22\TESTLOFFF_ONLINE\bin\server\scriptjx2\lib\file.lua:57: unexpected symbol near '%'
error: ...eVs22\TESTLOFFF_ONLINE\bin\server\scriptjx2\lib\file.lua:57: unexpected symbol near '%'
error: ...eVs22\TESTLOFFF_ONLINE\bin\server\scriptjx2\lib\file.lua:57: unexpected symbol near '%'
error: ...eVs22\TESTLOFFF_ONLINE\bin\server\scriptjx2\lib\file.lua:57: unexpected symbol near '%'
error: ...eVs22\TESTLOFFF_ONLINE\bin\server\scriptjx2\lib\file.lua:57: unexpected symbol near '%'
error: ...eVs22\TESTLOFFF_ONLINE\bin\server\scriptjx2\lib\file.lua:57: unexpected symbol near '%'
error: ...eVs22\TESTLOFFF_ONLINE\bin\server\scriptjx2\lib\file.lua:57: unexpected symbol near '%'
error: ...eVs22\TESTLOFFF_ONLINE\bin\server\scriptjx2\lib\file.lua:57: unexpected symbol near '%'
error: ...eVs22\TESTLOFFF_ONLINE\bin\server\scriptjx2\lib\file.lua:57: unexpected symbol near '%'
error: ...eVs22\TESTLOFFF_ONLINE\bin\server\scriptjx2\lib\file.lua:57: unexpected symbol near '%'
error: ...eVs22\TESTLOFFF_ONLINE\bin\server\scriptjx2\lib\file.lua:57: unexpected symbol near '%'
error: ...eVs22\TESTLOFFF_ONLINE\bin\server\scriptjx2\lib\file.lua:57: unexpected symbol near '%'
error: ...eVs22\TESTLOFFF_ONLINE\bin\server\scriptjx2\lib\file.lua:57: unexpected symbol near '%'
error: ...eVs22\TESTLOFFF_ONLINE\bin\server\scriptjx2\lib\file.lua:57: unexpected symbol near '%'
error: ...eVs22\TESTLOFFF_ONLINE\bin\server\scriptjx2\lib\file.lua:57: unexpected symbol near '%'
error: ...eVs22\TESTLOFFF_ONLINE\bin\server\scriptjx2\lib\file.lua:57: unexpected symbol near '%'
error: ...eVs22\TESTLOFFF_ONLINE\bin\server\scriptjx2\lib\file.lua:57: unexpected symbol near '%'
error: ...eVs22\TESTLOFFF_ONLINE\bin\server\scriptjx2\lib\file.lua:57: unexpected symbol near '%'
error: ...eVs22\TESTLOFFF_ONLINE\bin\server\scriptjx2\lib\file.lua:57: unexpected symbol near '%'
error: ...eVs22\TESTLOFFF_ONLINE\bin\server\scriptjx2\lib\file.lua:57: unexpected symbol near '%'
error: ...eVs22\TESTLOFFF_ONLINE\bin\server\scriptjx2\lib\file.lua:57: unexpected symbol near '%'
error: ...eVs22\TESTLOFFF_ONLINE\bin\server\scriptjx2\lib\file.lua:57: unexpected symbol near '%'
error: ...eVs22\TESTLOFFF_ONLINE\bin\server\scriptjx2\lib\file.lua:57: unexpected symbol near '%'
error: ...eVs22\TESTLOFFF_ONLINE\bin\server\scriptjx2\lib\file.lua:57: unexpected symbol near '%'
error: ...eVs22\TESTLOFFF_ONLINE\bin\server\scriptjx2\lib\file.lua:57: unexpected symbol near '%'
error: ...eVs22\TESTLOFFF_ONLINE\bin\server\scriptjx2\lib\file.lua:57: unexpected symbol near '%'
error: ...eVs22\TESTLOFFF_ONLINE\bin\server\scriptjx2\lib\file.lua:57: unexpected symbol near '%'
error: ...eVs22\TESTLOFFF_ONLINE\bin\server\scriptjx2\lib\file.lua:57: unexpected symbol near '%'
error: ...eVs22\TESTLOFFF_ONLINE\bin\server\scriptjx2\lib\file.lua:57: unexpected symbol near '%'
error: ...eVs22\TESTLOFFF_ONLINE\bin\server\scriptjx2\lib\file.lua:57: unexpected symbol near '%'
error: ...eVs22\TESTLOFFF_ONLINE\bin\server\scriptjx2\lib\file.lua:57: unexpected symbol near '%'
error: ...eVs22\TESTLOFFF_ONLINE\bin\server\scriptjx2\lib\file.lua:57: unexpected symbol near '%'
error: ...eVs22\TESTLOFFF_ONLINE\bin\server\scriptjx2\lib\file.lua:57: unexpected symbol near '%'
error: ...eVs22\TESTLOFFF_ONLINE\bin\server\scriptjx2\lib\file.lua:57: unexpected symbol near '%'
error: ...eVs22\TESTLOFFF_ONLINE\bin\server\scriptjx2\lib\file.lua:57: unexpected symbol near '%'
error: ...eVs22\TESTLOFFF_ONLINE\bin\server\scriptjx2\lib\file.lua:57: unexpected symbol near '%'
error: ...eVs22\TESTLOFFF_ONLINE\bin\server\scriptjx2\lib\file.lua:57: unexpected symbol near '%'
error: ...eVs22\TESTLOFFF_ONLINE\bin\server\scriptjx2\lib\file.lua:57: unexpected symbol near '%'
error: ...eVs22\TESTLOFFF_ONLINE\bin\server\scriptjx2\lib\file.lua:57: unexpected symbol near '%'
error: ...eVs22\TESTLOFFF_ONLINE\bin\server\scriptjx2\lib\file.lua:57: unexpected symbol near '%'
error: ...eVs22\TESTLOFFF_ONLINE\bin\server\scriptjx2\lib\file.lua:57: unexpected symbol near '%'
error: ...eVs22\TESTLOFFF_ONLINE\bin\server\scriptjx2\lib\file.lua:57: unexpected symbol near '%'
error: ...eVs22\TESTLOFFF_ONLINE\bin\server\scriptjx2\lib\file.lua:57: unexpected symbol near '%'
error: ...eVs22\TESTLOFFF_ONLINE\bin\server\scriptjx2\lib\file.lua:57: unexpected symbol near '%'
error: ...eVs22\TESTLOFFF_ONLINE\bin\server\scriptjx2\lib\file.lua:57: unexpected symbol near '%'
error: ...eVs22\TESTLOFFF_ONLINE\bin\server\scriptjx2\lib\file.lua:57: unexpected symbol near '%'
error: ...eVs22\TESTLOFFF_ONLINE\bin\server\scriptjx2\lib\file.lua:57: unexpected symbol near '%'
error: ...eVs22\TESTLOFFF_ONLINE\bin\server\scriptjx2\lib\file.lua:57: unexpected symbol near '%'
error: ...eVs22\TESTLOFFF_ONLINE\bin\server\scriptjx2\lib\file.lua:57: unexpected symbol near '%'
error: ...eVs22\TESTLOFFF_ONLINE\bin\server\scriptjx2\lib\file.lua:57: unexpected symbol near '%'
error: ...eVs22\TESTLOFFF_ONLINE\bin\server\scriptjx2\lib\file.lua:57: unexpected symbol near '%'
error: ...eVs22\TESTLOFFF_ONLINE\bin\server\scriptjx2\lib\file.lua:57: unexpected symbol near '%'
error: ...eVs22\TESTLOFFF_ONLINE\bin\server\scriptjx2\lib\file.lua:57: unexpected symbol near '%'
error: ...eVs22\TESTLOFFF_ONLINE\bin\server\scriptjx2\lib\file.lua:57: unexpected symbol near '%'
error: ...eVs22\TESTLOFFF_ONLINE\bin\server\scriptjx2\lib\file.lua:57: unexpected symbol near '%'
error: ...eVs22\TESTLOFFF_ONLINE\bin\server\scriptjx2\lib\file.lua:57: unexpected symbol near '%'
error: ...eVs22\TESTLOFFF_ONLINE\bin\server\scriptjx2\lib\file.lua:57: unexpected symbol near '%'
error: ...eVs22\TESTLOFFF_ONLINE\bin\server\scriptjx2\lib\file.lua:57: unexpected symbol near '%'
error: ...eVs22\TESTLOFFF_ONLINE\bin\server\scriptjx2\lib\file.lua:57: unexpected symbol near '%'
error: ...eVs22\TESTLOFFF_ONLINE\bin\server\scriptjx2\lib\file.lua:57: unexpected symbol near '%'
error: ...eVs22\TESTLOFFF_ONLINE\bin\server\scriptjx2\lib\file.lua:57: unexpected symbol near '%'
error: ...eVs22\TESTLOFFF_ONLINE\bin\server\scriptjx2\lib\file.lua:57: unexpected symbol near '%'
error: ...eVs22\TESTLOFFF_ONLINE\bin\server\scriptjx2\lib\file.lua:57: unexpected symbol near '%'
error: ...eVs22\TESTLOFFF_ONLINE\bin\server\scriptjx2\lib\file.lua:57: unexpected symbol near '%'
error: ...eVs22\TESTLOFFF_ONLINE\bin\server\scriptjx2\lib\file.lua:57: unexpected symbol near '%'
error: ...eVs22\TESTLOFFF_ONLINE\bin\server\scriptjx2\lib\file.lua:57: unexpected symbol near '%'
error: ...eVs22\TESTLOFFF_ONLINE\bin\server\scriptjx2\lib\file.lua:57: unexpected symbol near '%'
error: ...eVs22\TESTLOFFF_ONLINE\bin\server\scriptjx2\lib\file.lua:57: unexpected symbol near '%'
error: ...eVs22\TESTLOFFF_ONLINE\bin\server\scriptjx2\lib\file.lua:57: unexpected symbol near '%'
error: ...eVs22\TESTLOFFF_ONLINE\bin\server\scriptjx2\lib\file.lua:57: unexpected symbol near '%'
error: ...eVs22\TESTLOFFF_ONLINE\bin\server\scriptjx2\lib\file.lua:57: unexpected symbol near '%'
error: ...eVs22\TESTLOFFF_ONLINE\bin\server\scriptjx2\lib\file.lua:57: unexpected symbol near '%'
error: ...eVs22\TESTLOFFF_ONLINE\bin\server\scriptjx2\lib\file.lua:57: unexpected symbol near '%'
error: ...eVs22\TESTLOFFF_ONLINE\bin\server\scriptjx2\lib\file.lua:57: unexpected symbol near '%'
error: ...eVs22\TESTLOFFF_ONLINE\bin\server\scriptjx2\lib\file.lua:57: unexpected symbol near '%'
error: ...eVs22\TESTLOFFF_ONLINE\bin\server\scriptjx2\lib\file.lua:57: unexpected symbol near '%'
error: ...eVs22\TESTLOFFF_ONLINE\bin\server\scriptjx2\lib\file.lua:57: unexpected symbol near '%'
error: ...eVs22\TESTLOFFF_ONLINE\bin\server\scriptjx2\lib\file.lua:57: unexpected symbol near '%'
error: ...eVs22\TESTLOFFF_ONLINE\bin\server\scriptjx2\lib\file.lua:57: unexpected symbol near '%'
error: ...eVs22\TESTLOFFF_ONLINE\bin\server\scriptjx2\lib\file.lua:57: unexpected symbol near '%'
error: ...eVs22\TESTLOFFF_ONLINE\bin\server\scriptjx2\lib\file.lua:57: unexpected symbol near '%'
error: ...eVs22\TESTLOFFF_ONLINE\bin\server\scriptjx2\lib\file.lua:57: unexpected symbol near '%'
error: ...eVs22\TESTLOFFF_ONLINE\bin\server\scriptjx2\lib\file.lua:57: unexpected symbol near '%'
error: ...eVs22\TESTLOFFF_ONLINE\bin\server\scriptjx2\lib\file.lua:57: unexpected symbol near '%'
error: ...eVs22\TESTLOFFF_ONLINE\bin\server\scriptjx2\lib\file.lua:57: unexpected symbol near '%'
error: ...eVs22\TESTLOFFF_ONLINE\bin\server\scriptjx2\lib\file.lua:57: unexpected symbol near '%'
error: ...eVs22\TESTLOFFF_ONLINE\bin\server\scriptjx2\lib\file.lua:57: unexpected symbol near '%'
error: ...eVs22\TESTLOFFF_ONLINE\bin\server\scriptjx2\lib\file.lua:57: unexpected symbol near '%'
error: ...eVs22\TESTLOFFF_ONLINE\bin\server\scriptjx2\lib\file.lua:57: unexpected symbol near '%'
error: ...eVs22\TESTLOFFF_ONLINE\bin\server\scriptjx2\lib\file.lua:57: unexpected symbol near '%'
error: ...eVs22\TESTLOFFF_ONLINE\bin\server\scriptjx2\lib\file.lua:57: unexpected symbol near '%'
error: ...eVs22\TESTLOFFF_ONLINE\bin\server\scriptjx2\lib\file.lua:57: unexpected symbol near '%'
error: ...eVs22\TESTLOFFF_ONLINE\bin\server\scriptjx2\lib\file.lua:57: unexpected symbol near '%'
error: ...eVs22\TESTLOFFF_ONLINE\bin\server\scriptjx2\lib\file.lua:57: unexpected symbol near '%'
error: ...eVs22\TESTLOFFF_ONLINE\bin\server\scriptjx2\lib\file.lua:57: unexpected symbol near '%'
error: ...eVs22\TESTLOFFF_ONLINE\bin\server\scriptjx2\lib\file.lua:57: unexpected symbol near '%'
error: ...eVs22\TESTLOFFF_ONLINE\bin\server\scriptjx2\lib\file.lua:57: unexpected symbol near '%'
error: ...eVs22\TESTLOFFF_ONLINE\bin\server\scriptjx2\lib\file.lua:57: unexpected symbol near '%'
error: ...eVs22\TESTLOFFF_ONLINE\bin\server\scriptjx2\lib\file.lua:57: unexpected symbol near '%'
error: ...eVs22\TESTLOFFF_ONLINE\bin\server\scriptjx2\lib\file.lua:57: unexpected symbol near '%'
error: ...eVs22\TESTLOFFF_ONLINE\bin\server\scriptjx2\lib\file.lua:57: unexpected symbol near '%'
error: ...eVs22\TESTLOFFF_ONLINE\bin\server\scriptjx2\lib\file.lua:57: unexpected symbol near '%'
error: ...eVs22\TESTLOFFF_ONLINE\bin\server\scriptjx2\lib\file.lua:57: unexpected symbol near '%'
error: ...eVs22\TESTLOFFF_ONLINE\bin\server\scriptjx2\lib\file.lua:57: unexpected symbol near '%'
error: ...eVs22\TESTLOFFF_ONLINE\bin\server\scriptjx2\lib\file.lua:57: unexpected symbol near '%'
error: ...eVs22\TESTLOFFF_ONLINE\bin\server\scriptjx2\lib\file.lua:57: unexpected symbol near '%'
error: ...eVs22\TESTLOFFF_ONLINE\bin\server\scriptjx2\lib\file.lua:57: unexpected symbol near '%'
error: ...eVs22\TESTLOFFF_ONLINE\bin\server\scriptjx2\lib\file.lua:57: unexpected symbol near '%'
error: ...eVs22\TESTLOFFF_ONLINE\bin\server\scriptjx2\lib\file.lua:57: unexpected symbol near '%'
error: ...eVs22\TESTLOFFF_ONLINE\bin\server\scriptjx2\lib\file.lua:57: unexpected symbol near '%'
error: ...eVs22\TESTLOFFF_ONLINE\bin\server\scriptjx2\lib\file.lua:57: unexpected symbol near '%'
error: ...eVs22\TESTLOFFF_ONLINE\bin\server\scriptjx2\lib\file.lua:57: unexpected symbol near '%'
error: ...eVs22\TESTLOFFF_ONLINE\bin\server\scriptjx2\lib\file.lua:57: unexpected symbol near '%'
error: ...eVs22\TESTLOFFF_ONLINE\bin\server\scriptjx2\lib\file.lua:57: unexpected symbol near '%'
error: ...eVs22\TESTLOFFF_ONLINE\bin\server\scriptjx2\lib\file.lua:57: unexpected symbol near '%'
error: ...eVs22\TESTLOFFF_ONLINE\bin\server\scriptjx2\lib\file.lua:57: unexpected symbol near '%'
error: ...eVs22\TESTLOFFF_ONLINE\bin\server\scriptjx2\lib\file.lua:57: unexpected symbol near '%'
error: ...eVs22\TESTLOFFF_ONLINE\bin\server\scriptjx2\lib\file.lua:57: unexpected symbol near '%'
error: ...eVs22\TESTLOFFF_ONLINE\bin\server\scriptjx2\lib\file.lua:57: unexpected symbol near '%'
error: ...eVs22\TESTLOFFF_ONLINE\bin\server\scriptjx2\lib\file.lua:57: unexpected symbol near '%'
error: ...eVs22\TESTLOFFF_ONLINE\bin\server\scriptjx2\lib\file.lua:57: unexpected symbol near '%'
error: ...eVs22\TESTLOFFF_ONLINE\bin\server\scriptjx2\lib\file.lua:57: unexpected symbol near '%'
error: ...eVs22\TESTLOFFF_ONLINE\bin\server\scriptjx2\lib\file.lua:57: unexpected symbol near '%'
error: ...eVs22\TESTLOFFF_ONLINE\bin\server\scriptjx2\lib\file.lua:57: unexpected symbol near '%'
error: ...eVs22\TESTLOFFF_ONLINE\bin\server\scriptjx2\lib\file.lua:57: unexpected symbol near '%'
error: ...eVs22\TESTLOFFF_ONLINE\bin\server\scriptjx2\lib\file.lua:57: unexpected symbol near '%'
error: ...eVs22\TESTLOFFF_ONLINE\bin\server\scriptjx2\lib\file.lua:57: unexpected symbol near '%'
error: ...eVs22\TESTLOFFF_ONLINE\bin\server\scriptjx2\lib\file.lua:57: unexpected symbol near '%'
error: ...eVs22\TESTLOFFF_ONLINE\bin\server\scriptjx2\lib\file.lua:57: unexpected symbol near '%'
error: ...eVs22\TESTLOFFF_ONLINE\bin\server\scriptjx2\lib\file.lua:57: unexpected symbol near '%'
error: ...eVs22\TESTLOFFF_ONLINE\bin\server\scriptjx2\lib\file.lua:57: unexpected symbol near '%'
error: ...eVs22\TESTLOFFF_ONLINE\bin\server\scriptjx2\lib\file.lua:57: unexpected symbol near '%'
error: ...eVs22\TESTLOFFF_ONLINE\bin\server\scriptjx2\lib\file.lua:57: unexpected symbol near '%'
error: ...eVs22\TESTLOFFF_ONLINE\bin\server\scriptjx2\lib\file.lua:57: unexpected symbol near '%'
error: ...eVs22\TESTLOFFF_ONLINE\bin\server\scriptjx2\lib\file.lua:57: unexpected symbol near '%'
error: ...eVs22\TESTLOFFF_ONLINE\bin\server\scriptjx2\lib\file.lua:57: unexpected symbol near '%'
error: ...eVs22\TESTLOFFF_ONLINE\bin\server\scriptjx2\lib\file.lua:57: unexpected symbol near '%'
error: ...eVs22\TESTLOFFF_ONLINE\bin\server\scriptjx2\lib\file.lua:57: unexpected symbol near '%'
error: ...eVs22\TESTLOFFF_ONLINE\bin\server\scriptjx2\lib\file.lua:57: unexpected symbol near '%'
error: ...eVs22\TESTLOFFF_ONLINE\bin\server\scriptjx2\lib\file.lua:57: unexpected symbol near '%'
error: ...eVs22\TESTLOFFF_ONLINE\bin\server\scriptjx2\lib\file.lua:57: unexpected symbol near '%'
error: ...eVs22\TESTLOFFF_ONLINE\bin\server\scriptjx2\lib\file.lua:57: unexpected symbol near '%'
error: ...eVs22\TESTLOFFF_ONLINE\bin\server\scriptjx2\lib\file.lua:57: unexpected symbol near '%'
error: ...eVs22\TESTLOFFF_ONLINE\bin\server\scriptjx2\lib\file.lua:57: unexpected symbol near '%'
error: ...eVs22\TESTLOFFF_ONLINE\bin\server\scriptjx2\lib\file.lua:57: unexpected symbol near '%'
error: ...eVs22\TESTLOFFF_ONLINE\bin\server\scriptjx2\lib\file.lua:57: unexpected symbol near '%'
error: ...eVs22\TESTLOFFF_ONLINE\bin\server\scriptjx2\lib\file.lua:57: unexpected symbol near '%'
error: ...eVs22\TESTLOFFF_ONLINE\bin\server\scriptjx2\lib\file.lua:57: unexpected symbol near '%'
error: ...eVs22\TESTLOFFF_ONLINE\bin\server\scriptjx2\lib\file.lua:57: unexpected symbol near '%'
error: ...eVs22\TESTLOFFF_ONLINE\bin\server\scriptjx2\lib\file.lua:57: unexpected symbol near '%'
error: ...eVs22\TESTLOFFF_ONLINE\bin\server\scriptjx2\lib\file.lua:57: unexpected symbol near '%'
error: ...eVs22\TESTLOFFF_ONLINE\bin\server\scriptjx2\lib\file.lua:57: unexpected symbol near '%'
error: ...eVs22\TESTLOFFF_ONLINE\bin\server\scriptjx2\lib\file.lua:57: unexpected symbol near '%'
error: ...eVs22\TESTLOFFF_ONLINE\bin\server\scriptjx2\lib\file.lua:57: unexpected symbol near '%'
error: ...eVs22\TESTLOFFF_ONLINE\bin\server\scriptjx2\lib\file.lua:57: unexpected symbol near '%'
error: ...eVs22\TESTLOFFF_ONLINE\bin\server\scriptjx2\lib\file.lua:57: unexpected symbol near '%'
error: ...eVs22\TESTLOFFF_ONLINE\bin\server\scriptjx2\lib\file.lua:57: unexpected symbol near '%'
error: ...eVs22\TESTLOFFF_ONLINE\bin\server\scriptjx2\lib\file.lua:57: unexpected symbol near '%'
error: ...eVs22\TESTLOFFF_ONLINE\bin\server\scriptjx2\lib\file.lua:57: unexpected symbol near '%'
error: ...eVs22\TESTLOFFF_ONLINE\bin\server\scriptjx2\lib\file.lua:57: unexpected symbol near '%'
error: ...eVs22\TESTLOFFF_ONLINE\bin\server\scriptjx2\lib\file.lua:57: unexpected symbol near '%'
error: ...eVs22\TESTLOFFF_ONLINE\bin\server\scriptjx2\lib\file.lua:57: unexpected symbol near '%'
error: ...eVs22\TESTLOFFF_ONLINE\bin\server\scriptjx2\lib\file.lua:57: unexpected symbol near '%'
error: ...eVs22\TESTLOFFF_ONLINE\bin\server\scriptjx2\lib\file.lua:57: unexpected symbol near '%'
error: ...eVs22\TESTLOFFF_ONLINE\bin\server\scriptjx2\lib\file.lua:57: unexpected symbol near '%'
error: ...eVs22\TESTLOFFF_ONLINE\bin\server\scriptjx2\lib\file.lua:57: unexpected symbol near '%'
error: ...eVs22\TESTLOFFF_ONLINE\bin\server\scriptjx2\lib\file.lua:57: unexpected symbol near '%'
error: ...eVs22\TESTLOFFF_ONLINE\bin\server\scriptjx2\lib\file.lua:57: unexpected symbol near '%'
error: ...eVs22\TESTLOFFF_ONLINE\bin\server\scriptjx2\lib\file.lua:57: unexpected symbol near '%'
error: ...eVs22\TESTLOFFF_ONLINE\bin\server\scriptjx2\lib\file.lua:57: unexpected symbol near '%'
error: ...eVs22\TESTLOFFF_ONLINE\bin\server\scriptjx2\lib\file.lua:57: unexpected symbol near '%'
error: ...eVs22\TESTLOFFF_ONLINE\bin\server\scriptjx2\lib\file.lua:57: unexpected symbol near '%'
error: ...eVs22\TESTLOFFF_ONLINE\bin\server\scriptjx2\lib\file.lua:57: unexpected symbol near '%'
error: ...eVs22\TESTLOFFF_ONLINE\bin\server\scriptjx2\lib\file.lua:57: unexpected symbol near '%'
error: ...eVs22\TESTLOFFF_ONLINE\bin\server\scriptjx2\lib\file.lua:57: unexpected symbol near '%'
error: ...eVs22\TESTLOFFF_ONLINE\bin\server\scriptjx2\lib\file.lua:57: unexpected symbol near '%'
error: ...eVs22\TESTLOFFF_ONLINE\bin\server\scriptjx2\lib\file.lua:57: unexpected symbol near '%'
error: ...eVs22\TESTLOFFF_ONLINE\bin\server\scriptjx2\lib\file.lua:57: unexpected symbol near '%'
error: ...eVs22\TESTLOFFF_ONLINE\bin\server\scriptjx2\lib\file.lua:57: unexpected symbol near '%'
error: ...eVs22\TESTLOFFF_ONLINE\bin\server\scriptjx2\lib\file.lua:57: unexpected symbol near '%'
error: ...eVs22\TESTLOFFF_ONLINE\bin\server\scriptjx2\lib\file.lua:57: unexpected symbol near '%'
error: ...eVs22\TESTLOFFF_ONLINE\bin\server\scriptjx2\lib\file.lua:57: unexpected symbol near '%'
error: ...eVs22\TESTLOFFF_ONLINE\bin\server\scriptjx2\lib\file.lua:57: unexpected symbol near '%'
error: ...eVs22\TESTLOFFF_ONLINE\bin\server\scriptjx2\lib\file.lua:57: unexpected symbol near '%'
error: ...eVs22\TESTLOFFF_ONLINE\bin\server\scriptjx2\lib\file.lua:57: unexpected symbol near '%'
error: ...eVs22\TESTLOFFF_ONLINE\bin\server\scriptjx2\lib\file.lua:57: unexpected symbol near '%'
error: ...eVs22\TESTLOFFF_ONLINE\bin\server\scriptjx2\lib\file.lua:57: unexpected symbol near '%'
error: ...eVs22\TESTLOFFF_ONLINE\bin\server\scriptjx2\lib\file.lua:57: unexpected symbol near '%'
error: ...eVs22\TESTLOFFF_ONLINE\bin\server\scriptjx2\lib\file.lua:57: unexpected symbol near '%'
error: ...eVs22\TESTLOFFF_ONLINE\bin\server\scriptjx2\lib\file.lua:57: unexpected symbol near '%'
error: ...eVs22\TESTLOFFF_ONLINE\bin\server\scriptjx2\lib\file.lua:57: unexpected symbol near '%'
error: ...eVs22\TESTLOFFF_ONLINE\bin\server\scriptjx2\lib\file.lua:57: unexpected symbol near '%'
error: ...eVs22\TESTLOFFF_ONLINE\bin\server\scriptjx2\lib\file.lua:57: unexpected symbol near '%'
error: ...eVs22\TESTLOFFF_ONLINE\bin\server\scriptjx2\lib\file.lua:57: unexpected symbol near '%'
error: ...eVs22\TESTLOFFF_ONLINE\bin\server\scriptjx2\lib\file.lua:57: unexpected symbol near '%'
error: ...eVs22\TESTLOFFF_ONLINE\bin\server\scriptjx2\lib\file.lua:57: unexpected symbol near '%'
error: ...eVs22\TESTLOFFF_ONLINE\bin\server\scriptjx2\lib\file.lua:57: unexpected symbol near '%'
error: ...eVs22\TESTLOFFF_ONLINE\bin\server\scriptjx2\lib\file.lua:57: unexpected symbol near '%'
error: ...eVs22\TESTLOFFF_ONLINE\bin\server\scriptjx2\lib\file.lua:57: unexpected symbol near '%'
error: ...eVs22\TESTLOFFF_ONLINE\bin\server\scriptjx2\lib\file.lua:57: unexpected symbol near '%'
error: ...eVs22\TESTLOFFF_ONLINE\bin\server\scriptjx2\lib\file.lua:57: unexpected symbol near '%'
error: ...eVs22\TESTLOFFF_ONLINE\bin\server\scriptjx2\lib\file.lua:57: unexpected symbol near '%'
error: ...eVs22\TESTLOFFF_ONLINE\bin\server\scriptjx2\lib\file.lua:57: unexpected symbol near '%'
error: ...eVs22\TESTLOFFF_ONLINE\bin\server\scriptjx2\lib\file.lua:57: unexpected symbol near '%'
error: ...eVs22\TESTLOFFF_ONLINE\bin\server\scriptjx2\lib\file.lua:57: unexpected symbol near '%'
error: ...eVs22\TESTLOFFF_ONLINE\bin\server\scriptjx2\lib\file.lua:57: unexpected symbol near '%'
error: ...eVs22\TESTLOFFF_ONLINE\bin\server\scriptjx2\lib\file.lua:57: unexpected symbol near '%'
error: ...eVs22\TESTLOFFF_ONLINE\bin\server\scriptjx2\lib\file.lua:57: unexpected symbol near '%'
error: ...eVs22\TESTLOFFF_ONLINE\bin\server\scriptjx2\lib\file.lua:57: unexpected symbol near '%'
error: ...eVs22\TESTLOFFF_ONLINE\bin\server\scriptjx2\lib\file.lua:57: unexpected symbol near '%'
error: ...eVs22\TESTLOFFF_ONLINE\bin\server\scriptjx2\lib\file.lua:57: unexpected symbol near '%'
error: ...eVs22\TESTLOFFF_ONLINE\bin\server\scriptjx2\lib\file.lua:57: unexpected symbol near '%'
error: ...eVs22\TESTLOFFF_ONLINE\bin\server\scriptjx2\lib\file.lua:57: unexpected symbol near '%'
error: ...eVs22\TESTLOFFF_ONLINE\bin\server\scriptjx2\lib\file.lua:57: unexpected symbol near '%'
error: ...eVs22\TESTLOFFF_ONLINE\bin\server\scriptjx2\lib\file.lua:57: unexpected symbol near '%'
error: ...eVs22\TESTLOFFF_ONLINE\bin\server\scriptjx2\lib\file.lua:57: unexpected symbol near '%'
error: ...eVs22\TESTLOFFF_ONLINE\bin\server\scriptjx2\lib\file.lua:57: unexpected symbol near '%'
error: ...eVs22\TESTLOFFF_ONLINE\bin\server\scriptjx2\lib\file.lua:57: unexpected symbol near '%'
error: ...eVs22\TESTLOFFF_ONLINE\bin\server\scriptjx2\lib\file.lua:57: unexpected symbol near '%'
error: ...eVs22\TESTLOFFF_ONLINE\bin\server\scriptjx2\lib\file.lua:57: unexpected symbol near '%'
error: ...eVs22\TESTLOFFF_ONLINE\bin\server\scriptjx2\lib\file.lua:57: unexpected symbol near '%'
error: ...eVs22\TESTLOFFF_ONLINE\bin\server\scriptjx2\lib\file.lua:57: unexpected symbol near '%'
error: ...eVs22\TESTLOFFF_ONLINE\bin\server\scriptjx2\lib\file.lua:57: unexpected symbol near '%'
error: ...eVs22\TESTLOFFF_ONLINE\bin\server\scriptjx2\lib\file.lua:57: unexpected symbol near '%'
error: ...eVs22\TESTLOFFF_ONLINE\bin\server\scriptjx2\lib\file.lua:57: unexpected symbol near '%'
error: ...eVs22\TESTLOFFF_ONLINE\bin\server\scriptjx2\lib\file.lua:57: unexpected symbol near '%'
error: ...eVs22\TESTLOFFF_ONLINE\bin\server\scriptjx2\lib\file.lua:57: unexpected symbol near '%'
error: ...eVs22\TESTLOFFF_ONLINE\bin\server\scriptjx2\lib\file.lua:57: unexpected symbol near '%'
error: ...eVs22\TESTLOFFF_ONLINE\bin\server\scriptjx2\lib\file.lua:57: unexpected symbol near '%'
error: ...eVs22\TESTLOFFF_ONLINE\bin\server\scriptjx2\lib\file.lua:57: unexpected symbol near '%'
error: ...eVs22\TESTLOFFF_ONLINE\bin\server\scriptjx2\lib\file.lua:57: unexpected symbol near '%'
error: ...eVs22\TESTLOFFF_ONLINE\bin\server\scriptjx2\lib\file.lua:57: unexpected symbol near '%'
error: ...eVs22\TESTLOFFF_ONLINE\bin\server\scriptjx2\lib\file.lua:57: unexpected symbol near '%'
error: ...eVs22\TESTLOFFF_ONLINE\bin\server\scriptjx2\lib\file.lua:57: unexpected symbol near '%'
error: ...eVs22\TESTLOFFF_ONLINE\bin\server\scriptjx2\lib\file.lua:57: unexpected symbol near '%'
error: ...eVs22\TESTLOFFF_ONLINE\bin\server\scriptjx2\lib\file.lua:57: unexpected symbol near '%'
error: ...eVs22\TESTLOFFF_ONLINE\bin\server\scriptjx2\lib\file.lua:57: unexpected symbol near '%'
error: ...eVs22\TESTLOFFF_ONLINE\bin\server\scriptjx2\lib\file.lua:57: unexpected symbol near '%'
error: ...eVs22\TESTLOFFF_ONLINE\bin\server\scriptjx2\lib\file.lua:57: unexpected symbol near '%'
error: ...eVs22\TESTLOFFF_ONLINE\bin\server\scriptjx2\lib\file.lua:57: unexpected symbol near '%'
error: ...eVs22\TESTLOFFF_ONLINE\bin\server\scriptjx2\lib\file.lua:57: unexpected symbol near '%'
error: ...eVs22\TESTLOFFF_ONLINE\bin\server\scriptjx2\lib\file.lua:57: unexpected symbol near '%'
error: ...eVs22\TESTLOFFF_ONLINE\bin\server\scriptjx2\lib\file.lua:57: unexpected symbol near '%'
error: ...eVs22\TESTLOFFF_ONLINE\bin\server\scriptjx2\lib\file.lua:57: unexpected symbol near '%'
error: ...eVs22\TESTLOFFF_ONLINE\bin\server\scriptjx2\lib\file.lua:57: unexpected symbol near '%'
error: ...eVs22\TESTLOFFF_ONLINE\bin\server\scriptjx2\lib\file.lua:57: unexpected symbol near '%'
error: ...eVs22\TESTLOFFF_ONLINE\bin\server\scriptjx2\lib\file.lua:57: unexpected symbol near '%'
error: ...eVs22\TESTLOFFF_ONLINE\bin\server\scriptjx2\lib\file.lua:57: unexpected symbol near '%'
error: ...eVs22\TESTLOFFF_ONLINE\bin\server\scriptjx2\lib\file.lua:57: unexpected symbol near '%'
error: ...eVs22\TESTLOFFF_ONLINE\bin\server\scriptjx2\lib\file.lua:57: unexpected symbol near '%'
error: ...eVs22\TESTLOFFF_ONLINE\bin\server\scriptjx2\lib\file.lua:57: unexpected symbol near '%'
error: ...eVs22\TESTLOFFF_ONLINE\bin\server\scriptjx2\lib\file.lua:57: unexpected symbol near '%'
error: ...eVs22\TESTLOFFF_ONLINE\bin\server\scriptjx2\lib\file.lua:57: unexpected symbol near '%'
error: ...eVs22\TESTLOFFF_ONLINE\bin\server\scriptjx2\lib\file.lua:57: unexpected symbol near '%'
error: ...eVs22\TESTLOFFF_ONLINE\bin\server\scriptjx2\lib\file.lua:57: unexpected symbol near '%'
error: ...eVs22\TESTLOFFF_ONLINE\bin\server\scriptjx2\lib\file.lua:57: unexpected symbol near '%'
error: ...eVs22\TESTLOFFF_ONLINE\bin\server\scriptjx2\lib\file.lua:57: unexpected symbol near '%'
error: ...eVs22\TESTLOFFF_ONLINE\bin\server\scriptjx2\lib\file.lua:57: unexpected symbol near '%'
error: ...eVs22\TESTLOFFF_ONLINE\bin\server\scriptjx2\lib\file.lua:57: unexpected symbol near '%'
error: ...eVs22\TESTLOFFF_ONLINE\bin\server\scriptjx2\lib\file.lua:57: unexpected symbol near '%'
error: ...eVs22\TESTLOFFF_ONLINE\bin\server\scriptjx2\lib\file.lua:57: unexpected symbol near '%'
error: ...eVs22\TESTLOFFF_ONLINE\bin\server\scriptjx2\lib\file.lua:57: unexpected symbol near '%'
error: ...eVs22\TESTLOFFF_ONLINE\bin\server\scriptjx2\lib\file.lua:57: unexpected symbol near '%'
error: ...eVs22\TESTLOFFF_ONLINE\bin\server\scriptjx2\lib\file.lua:57: unexpected symbol near '%'
error: ...eVs22\TESTLOFFF_ONLINE\bin\server\scriptjx2\lib\file.lua:57: unexpected symbol near '%'
error: ...eVs22\TESTLOFFF_ONLINE\bin\server\scriptjx2\lib\file.lua:57: unexpected symbol near '%'
error: ...eVs22\TESTLOFFF_ONLINE\bin\server\scriptjx2\lib\file.lua:57: unexpected symbol near '%'
error: ...eVs22\TESTLOFFF_ONLINE\bin\server\scriptjx2\lib\file.lua:57: unexpected symbol near '%'
error: ...eVs22\TESTLOFFF_ONLINE\bin\server\scriptjx2\lib\file.lua:57: unexpected symbol near '%'
error: ...eVs22\TESTLOFFF_ONLINE\bin\server\scriptjx2\lib\file.lua:57: unexpected symbol near '%'
error: ...eVs22\TESTLOFFF_ONLINE\bin\server\scriptjx2\lib\file.lua:57: unexpected symbol near '%'
error: ...eVs22\TESTLOFFF_ONLINE\bin\server\scriptjx2\lib\file.lua:57: unexpected symbol near '%'
error: ...eVs22\TESTLOFFF_ONLINE\bin\server\scriptjx2\lib\file.lua:57: unexpected symbol near '%'
error: ...eVs22\TESTLOFFF_ONLINE\bin\server\scriptjx2\lib\file.lua:57: unexpected symbol near '%'
error: ...eVs22\TESTLOFFF_ONLINE\bin\server\scriptjx2\lib\file.lua:57: unexpected symbol near '%'
error: ...eVs22\TESTLOFFF_ONLINE\bin\server\scriptjx2\lib\file.lua:57: unexpected symbol near '%'
error: ...eVs22\TESTLOFFF_ONLINE\bin\server\scriptjx2\lib\file.lua:57: unexpected symbol near '%'
error: ...eVs22\TESTLOFFF_ONLINE\bin\server\scriptjx2\lib\file.lua:57: unexpected symbol near '%'
error: ...eVs22\TESTLOFFF_ONLINE\bin\server\scriptjx2\lib\file.lua:57: unexpected symbol near '%'
error: ...eVs22\TESTLOFFF_ONLINE\bin\server\scriptjx2\lib\file.lua:57: unexpected symbol near '%'
error: ...eVs22\TESTLOFFF_ONLINE\bin\server\scriptjx2\lib\file.lua:57: unexpected symbol near '%'
error: ...eVs22\TESTLOFFF_ONLINE\bin\server\scriptjx2\lib\file.lua:57: unexpected symbol near '%'
error: ...eVs22\TESTLOFFF_ONLINE\bin\server\scriptjx2\lib\file.lua:57: unexpected symbol near '%'
error: ...eVs22\TESTLOFFF_ONLINE\bin\server\scriptjx2\lib\file.lua:57: unexpected symbol near '%'
error: ...eVs22\TESTLOFFF_ONLINE\bin\server\scriptjx2\lib\file.lua:57: unexpected symbol near '%'
error: ...eVs22\TESTLOFFF_ONLINE\bin\server\scriptjx2\lib\file.lua:57: unexpected symbol near '%'
error: ...eVs22\TESTLOFFF_ONLINE\bin\server\scriptjx2\lib\file.lua:57: unexpected symbol near '%'
error: ...eVs22\TESTLOFFF_ONLINE\bin\server\scriptjx2\lib\file.lua:57: unexpected symbol near '%'
error: ...eVs22\TESTLOFFF_ONLINE\bin\server\scriptjx2\lib\file.lua:57: unexpected symbol near '%'
error: ...eVs22\TESTLOFFF_ONLINE\bin\server\scriptjx2\lib\file.lua:57: unexpected symbol near '%'
error: ...eVs22\TESTLOFFF_ONLINE\bin\server\scriptjx2\lib\file.lua:57: unexpected symbol near '%'
error: ...eVs22\TESTLOFFF_ONLINE\bin\server\scriptjx2\lib\file.lua:57: unexpected symbol near '%'
error: ...eVs22\TESTLOFFF_ONLINE\bin\server\scriptjx2\lib\file.lua:57: unexpected symbol near '%'
error: ...eVs22\TESTLOFFF_ONLINE\bin\server\scriptjx2\lib\file.lua:57: unexpected symbol near '%'
error: ...eVs22\TESTLOFFF_ONLINE\bin\server\scriptjx2\lib\file.lua:57: unexpected symbol near '%'
error: ...eVs22\TESTLOFFF_ONLINE\bin\server\scriptjx2\lib\file.lua:57: unexpected symbol near '%'
error: ...eVs22\TESTLOFFF_ONLINE\bin\server\scriptjx2\lib\file.lua:57: unexpected symbol near '%'
error: ...eVs22\TESTLOFFF_ONLINE\bin\server\scriptjx2\lib\file.lua:57: unexpected symbol near '%'
error: ...eVs22\TESTLOFFF_ONLINE\bin\server\scriptjx2\lib\file.lua:57: unexpected symbol near '%'
error: ...eVs22\TESTLOFFF_ONLINE\bin\server\scriptjx2\lib\file.lua:57: unexpected symbol near '%'
error: ...eVs22\TESTLOFFF_ONLINE\bin\server\scriptjx2\lib\file.lua:57: unexpected symbol near '%'
error: ...eVs22\TESTLOFFF_ONLINE\bin\server\scriptjx2\lib\file.lua:57: unexpected symbol near '%'
error: ...eVs22\TESTLOFFF_ONLINE\bin\server\scriptjx2\lib\file.lua:57: unexpected symbol near '%'
error: ...eVs22\TESTLOFFF_ONLINE\bin\server\scriptjx2\lib\file.lua:57: unexpected symbol near '%'
error: ...eVs22\TESTLOFFF_ONLINE\bin\server\scriptjx2\lib\file.lua:57: unexpected symbol near '%'
error: ...eVs22\TESTLOFFF_ONLINE\bin\server\scriptjx2\lib\file.lua:57: unexpected symbol near '%'
error: ...eVs22\TESTLOFFF_ONLINE\bin\server\scriptjx2\lib\file.lua:57: unexpected symbol near '%'
error: ...eVs22\TESTLOFFF_ONLINE\bin\server\scriptjx2\lib\file.lua:57: unexpected symbol near '%'
error: ...eVs22\TESTLOFFF_ONLINE\bin\server\scriptjx2\lib\file.lua:57: unexpected symbol near '%'
error: ...eVs22\TESTLOFFF_ONLINE\bin\server\scriptjx2\lib\file.lua:57: unexpected symbol near '%'
error: ...eVs22\TESTLOFFF_ONLINE\bin\server\scriptjx2\lib\file.lua:57: unexpected symbol near '%'
error: ...eVs22\TESTLOFFF_ONLINE\bin\server\scriptjx2\lib\file.lua:57: unexpected symbol near '%'
error: ...eVs22\TESTLOFFF_ONLINE\bin\server\scriptjx2\lib\file.lua:57: unexpected symbol near '%'
error: ...eVs22\TESTLOFFF_ONLINE\bin\server\scriptjx2\lib\file.lua:57: unexpected symbol near '%'
error: ...eVs22\TESTLOFFF_ONLINE\bin\server\scriptjx2\lib\file.lua:57: unexpected symbol near '%'
error: ...eVs22\TESTLOFFF_ONLINE\bin\server\scriptjx2\lib\file.lua:57: unexpected symbol near '%'
error: ...eVs22\TESTLOFFF_ONLINE\bin\server\scriptjx2\lib\file.lua:57: unexpected symbol near '%'
error: ...eVs22\TESTLOFFF_ONLINE\bin\server\scriptjx2\lib\file.lua:57: unexpected symbol near '%'
error: ...eVs22\TESTLOFFF_ONLINE\bin\server\scriptjx2\lib\file.lua:57: unexpected symbol near '%'
error: ...eVs22\TESTLOFFF_ONLINE\bin\server\scriptjx2\lib\file.lua:57: unexpected symbol near '%'
error: ...eVs22\TESTLOFFF_ONLINE\bin\server\scriptjx2\lib\file.lua:57: unexpected symbol near '%'
error: ...eVs22\TESTLOFFF_ONLINE\bin\server\scriptjx2\lib\file.lua:57: unexpected symbol near '%'
error: ...eVs22\TESTLOFFF_ONLINE\bin\server\scriptjx2\lib\file.lua:57: unexpected symbol near '%'
error: ...eVs22\TESTLOFFF_ONLINE\bin\server\scriptjx2\lib\file.lua:57: unexpected symbol near '%'
error: ...eVs22\TESTLOFFF_ONLINE\bin\server\scriptjx2\lib\file.lua:57: unexpected symbol near '%'
error: ...eVs22\TESTLOFFF_ONLINE\bin\server\scriptjx2\lib\file.lua:57: unexpected symbol near '%'
error: ...eVs22\TESTLOFFF_ONLINE\bin\server\scriptjx2\lib\file.lua:57: unexpected symbol near '%'
error: ...eVs22\TESTLOFFF_ONLINE\bin\server\scriptjx2\lib\file.lua:57: unexpected symbol near '%'
error: ...eVs22\TESTLOFFF_ONLINE\bin\server\scriptjx2\lib\file.lua:57: unexpected symbol near '%'
error: ...eVs22\TESTLOFFF_ONLINE\bin\server\scriptjx2\lib\file.lua:57: unexpected symbol near '%'
error: ...eVs22\TESTLOFFF_ONLINE\bin\server\scriptjx2\lib\file.lua:57: unexpected symbol near '%'
error: ...eVs22\TESTLOFFF_ONLINE\bin\server\scriptjx2\lib\file.lua:57: unexpected symbol near '%'
error: ...eVs22\TESTLOFFF_ONLINE\bin\server\scriptjx2\lib\file.lua:57: unexpected symbol near '%'
error: ...eVs22\TESTLOFFF_ONLINE\bin\server\scriptjx2\lib\file.lua:57: unexpected symbol near '%'
error: ...eVs22\TESTLOFFF_ONLINE\bin\server\scriptjx2\lib\file.lua:57: unexpected symbol near '%'
error: ...eVs22\TESTLOFFF_ONLINE\bin\server\scriptjx2\lib\file.lua:57: unexpected symbol near '%'
error: ...eVs22\TESTLOFFF_ONLINE\bin\server\scriptjx2\lib\file.lua:57: unexpected symbol near '%'
error: ...eVs22\TESTLOFFF_ONLINE\bin\server\scriptjx2\lib\file.lua:57: unexpected symbol near '%'
error: ...eVs22\TESTLOFFF_ONLINE\bin\server\scriptjx2\lib\file.lua:57: unexpected symbol near '%'
error: ...eVs22\TESTLOFFF_ONLINE\bin\server\scriptjx2\lib\file.lua:57: unexpected symbol near '%'
error: ...eVs22\TESTLOFFF_ONLINE\bin\server\scriptjx2\lib\file.lua:57: unexpected symbol near '%'
error: ...eVs22\TESTLOFFF_ONLINE\bin\server\scriptjx2\lib\file.lua:57: unexpected symbol near '%'
error: ...eVs22\TESTLOFFF_ONLINE\bin\server\scriptjx2\lib\file.lua:57: unexpected symbol near '%'
error: ...eVs22\TESTLOFFF_ONLINE\bin\server\scriptjx2\lib\file.lua:57: unexpected symbol near '%'
error: ...eVs22\TESTLOFFF_ONLINE\bin\server\scriptjx2\lib\file.lua:57: unexpected symbol near '%'
error: ...eVs22\TESTLOFFF_ONLINE\bin\server\scriptjx2\lib\file.lua:57: unexpected symbol near '%'
error: ...eVs22\TESTLOFFF_ONLINE\bin\server\scriptjx2\lib\file.lua:57: unexpected symbol near '%'
error: ...eVs22\TESTLOFFF_ONLINE\bin\server\scriptjx2\lib\file.lua:57: unexpected symbol near '%'
error: ...eVs22\TESTLOFFF_ONLINE\bin\server\scriptjx2\lib\file.lua:57: unexpected symbol near '%'
error: ...eVs22\TESTLOFFF_ONLINE\bin\server\scriptjx2\lib\file.lua:57: unexpected symbol near '%'
error: ...eVs22\TESTLOFFF_ONLINE\bin\server\scriptjx2\lib\file.lua:57: unexpected symbol near '%'
error: ...eVs22\TESTLOFFF_ONLINE\bin\server\scriptjx2\lib\file.lua:57: unexpected symbol near '%'
error: ...eVs22\TESTLOFFF_ONLINE\bin\server\scriptjx2\lib\file.lua:57: unexpected symbol near '%'
error: ...eVs22\TESTLOFFF_ONLINE\bin\server\scriptjx2\lib\file.lua:57: unexpected symbol near '%'
error: ...eVs22\TESTLOFFF_ONLINE\bin\server\scriptjx2\lib\file.lua:57: unexpected symbol near '%'
error: ...eVs22\TESTLOFFF_ONLINE\bin\server\scriptjx2\lib\file.lua:57: unexpected symbol near '%'
error: ...eVs22\TESTLOFFF_ONLINE\bin\server\scriptjx2\lib\file.lua:57: unexpected symbol near '%'
error: ...eVs22\TESTLOFFF_ONLINE\bin\server\scriptjx2\lib\file.lua:57: unexpected symbol near '%'
error: ...eVs22\TESTLOFFF_ONLINE\bin\server\scriptjx2\lib\file.lua:57: unexpected symbol near '%'
error: ...eVs22\TESTLOFFF_ONLINE\bin\server\scriptjx2\lib\file.lua:57: unexpected symbol near '%'
error: ...eVs22\TESTLOFFF_ONLINE\bin\server\scriptjx2\lib\file.lua:57: unexpected symbol near '%'
error: ...eVs22\TESTLOFFF_ONLINE\bin\server\scriptjx2\lib\file.lua:57: unexpected symbol near '%'
error: ...eVs22\TESTLOFFF_ONLINE\bin\server\scriptjx2\lib\file.lua:57: unexpected symbol near '%'
error: ...eVs22\TESTLOFFF_ONLINE\bin\server\scriptjx2\lib\file.lua:57: unexpected symbol near '%'
error: ...eVs22\TESTLOFFF_ONLINE\bin\server\scriptjx2\lib\file.lua:57: unexpected symbol near '%'
error: ...eVs22\TESTLOFFF_ONLINE\bin\server\scriptjx2\lib\file.lua:57: unexpected symbol near '%'
error: ...eVs22\TESTLOFFF_ONLINE\bin\server\scriptjx2\lib\file.lua:57: unexpected symbol near '%'
error: ...eVs22\TESTLOFFF_ONLINE\bin\server\scriptjx2\lib\file.lua:57: unexpected symbol near '%'
error: ...eVs22\TESTLOFFF_ONLINE\bin\server\scriptjx2\lib\file.lua:57: unexpected symbol near '%'
error: ...eVs22\TESTLOFFF_ONLINE\bin\server\scriptjx2\lib\file.lua:57: unexpected symbol near '%'
error: ...eVs22\TESTLOFFF_ONLINE\bin\server\scriptjx2\lib\file.lua:57: unexpected symbol near '%'
error: ...eVs22\TESTLOFFF_ONLINE\bin\server\scriptjx2\lib\file.lua:57: unexpected symbol near '%'
error: ...eVs22\TESTLOFFF_ONLINE\bin\server\scriptjx2\lib\file.lua:57: unexpected symbol near '%'
error: ...eVs22\TESTLOFFF_ONLINE\bin\server\scriptjx2\lib\file.lua:57: unexpected symbol near '%'
error: ...eVs22\TESTLOFFF_ONLINE\bin\server\scriptjx2\lib\file.lua:57: unexpected symbol near '%'
error: ...eVs22\TESTLOFFF_ONLINE\bin\server\scriptjx2\lib\file.lua:57: unexpected symbol near '%'
error: ...eVs22\TESTLOFFF_ONLINE\bin\server\scriptjx2\lib\file.lua:57: unexpected symbol near '%'
error: ...eVs22\TESTLOFFF_ONLINE\bin\server\scriptjx2\lib\file.lua:57: unexpected symbol near '%'
error: ...eVs22\TESTLOFFF_ONLINE\bin\server\scriptjx2\lib\file.lua:57: unexpected symbol near '%'
error: ...eVs22\TESTLOFFF_ONLINE\bin\server\scriptjx2\lib\file.lua:57: unexpected symbol near '%'
error: ...eVs22\TESTLOFFF_ONLINE\bin\server\scriptjx2\lib\file.lua:57: unexpected symbol near '%'
error: ...eVs22\TESTLOFFF_ONLINE\bin\server\scriptjx2\lib\file.lua:57: unexpected symbol near '%'
error: ...eVs22\TESTLOFFF_ONLINE\bin\server\scriptjx2\lib\file.lua:57: unexpected symbol near '%'
error: ...eVs22\TESTLOFFF_ONLINE\bin\server\scriptjx2\lib\file.lua:57: unexpected symbol near '%'
error: ...eVs22\TESTLOFFF_ONLINE\bin\server\scriptjx2\lib\file.lua:57: unexpected symbol near '%'
error: ...eVs22\TESTLOFFF_ONLINE\bin\server\scriptjx2\lib\file.lua:57: unexpected symbol near '%'
error: ...eVs22\TESTLOFFF_ONLINE\bin\server\scriptjx2\lib\file.lua:57: unexpected symbol near '%'
error: ...eVs22\TESTLOFFF_ONLINE\bin\server\scriptjx2\lib\file.lua:57: unexpected symbol near '%'
error: ...eVs22\TESTLOFFF_ONLINE\bin\server\scriptjx2\lib\file.lua:57: unexpected symbol near '%'
error: ...eVs22\TESTLOFFF_ONLINE\bin\server\scriptjx2\lib\file.lua:57: unexpected symbol near '%'
error: ...eVs22\TESTLOFFF_ONLINE\bin\server\scriptjx2\lib\file.lua:57: unexpected symbol near '%'
error: ...eVs22\TESTLOFFF_ONLINE\bin\server\scriptjx2\lib\file.lua:57: unexpected symbol near '%'
error: ...eVs22\TESTLOFFF_ONLINE\bin\server\scriptjx2\lib\file.lua:57: unexpected symbol near '%'
error: ...eVs22\TESTLOFFF_ONLINE\bin\server\scriptjx2\lib\file.lua:57: unexpected symbol near '%'
error: ...eVs22\TESTLOFFF_ONLINE\bin\server\scriptjx2\lib\file.lua:57: unexpected symbol near '%'
error: ...eVs22\TESTLOFFF_ONLINE\bin\server\scriptjx2\lib\file.lua:57: unexpected symbol near '%'
error: ...eVs22\TESTLOFFF_ONLINE\bin\server\scriptjx2\lib\file.lua:57: unexpected symbol near '%'
error: ...eVs22\TESTLOFFF_ONLINE\bin\server\scriptjx2\lib\file.lua:57: unexpected symbol near '%'
error: ...eVs22\TESTLOFFF_ONLINE\bin\server\scriptjx2\lib\file.lua:57: unexpected symbol near '%'
error: ...eVs22\TESTLOFFF_ONLINE\bin\server\scriptjx2\lib\file.lua:57: unexpected symbol near '%'
error: ...eVs22\TESTLOFFF_ONLINE\bin\server\scriptjx2\lib\file.lua:57: unexpected symbol near '%'
error: ...eVs22\TESTLOFFF_ONLINE\bin\server\scriptjx2\lib\file.lua:57: unexpected symbol near '%'
error: ...eVs22\TESTLOFFF_ONLINE\bin\server\scriptjx2\lib\file.lua:57: unexpected symbol near '%'
error: ...eVs22\TESTLOFFF_ONLINE\bin\server\scriptjx2\lib\file.lua:57: unexpected symbol near '%'
error: ...eVs22\TESTLOFFF_ONLINE\bin\server\scriptjx2\lib\file.lua:57: unexpected symbol near '%'
error: ...eVs22\TESTLOFFF_ONLINE\bin\server\scriptjx2\lib\file.lua:57: unexpected symbol near '%'
error: ...eVs22\TESTLOFFF_ONLINE\bin\server\scriptjx2\lib\file.lua:57: unexpected symbol near '%'
error: ...eVs22\TESTLOFFF_ONLINE\bin\server\scriptjx2\lib\file.lua:57: unexpected symbol near '%'
error: ...eVs22\TESTLOFFF_ONLINE\bin\server\scriptjx2\lib\file.lua:57: unexpected symbol near '%'
error: ...eVs22\TESTLOFFF_ONLINE\bin\server\scriptjx2\lib\file.lua:57: unexpected symbol near '%'
error: ...eVs22\TESTLOFFF_ONLINE\bin\server\scriptjx2\lib\file.lua:57: unexpected symbol near '%'
error: ...eVs22\TESTLOFFF_ONLINE\bin\server\scriptjx2\lib\file.lua:57: unexpected symbol near '%'
error: ...eVs22\TESTLOFFF_ONLINE\bin\server\scriptjx2\lib\file.lua:57: unexpected symbol near '%'
error: ...eVs22\TESTLOFFF_ONLINE\bin\server\scriptjx2\lib\file.lua:57: unexpected symbol near '%'
error: ...eVs22\TESTLOFFF_ONLINE\bin\server\scriptjx2\lib\file.lua:57: unexpected symbol near '%'
error: ...eVs22\TESTLOFFF_ONLINE\bin\server\scriptjx2\lib\file.lua:57: unexpected symbol near '%'
error: ...eVs22\TESTLOFFF_ONLINE\bin\server\scriptjx2\lib\file.lua:57: unexpected symbol near '%'
error: ...eVs22\TESTLOFFF_ONLINE\bin\server\scriptjx2\lib\file.lua:57: unexpected symbol near '%'
error: ...eVs22\TESTLOFFF_ONLINE\bin\server\scriptjx2\lib\file.lua:57: unexpected symbol near '%'
error: ...eVs22\TESTLOFFF_ONLINE\bin\server\scriptjx2\lib\file.lua:57: unexpected symbol near '%'
error: ...eVs22\TESTLOFFF_ONLINE\bin\server\scriptjx2\lib\file.lua:57: unexpected symbol near '%'
error: ...eVs22\TESTLOFFF_ONLINE\bin\server\scriptjx2\lib\file.lua:57: unexpected symbol near '%'
error: ...eVs22\TESTLOFFF_ONLINE\bin\server\scriptjx2\lib\file.lua:57: unexpected symbol near '%'
error: ...eVs22\TESTLOFFF_ONLINE\bin\server\scriptjx2\lib\file.lua:57: unexpected symbol near '%'
